Archive member included to satisfy reference by file (symbol)

D:/STM32CubeIDE_1.16.1/STM32CubeIDE/plugins/com.st.stm32cube.ide.mcu.externaltools.gnu-tools-for-stm32.12.3.rel1.win32_1.1.0.202410251130/tools/bin/../lib/gcc/arm-none-eabi/12.3.1/../../../../arm-none-eabi/lib/thumb/v7e-m+dp/hard\libc_nano.a(libc_a-exit.o)
                              D:/STM32CubeIDE_1.16.1/STM32CubeIDE/plugins/com.st.stm32cube.ide.mcu.externaltools.gnu-tools-for-stm32.12.3.rel1.win32_1.1.0.202410251130/tools/bin/../lib/gcc/arm-none-eabi/12.3.1/../../../../arm-none-eabi/lib/thumb/v7e-m+dp/hard/crt0.o (exit)
D:/STM32CubeIDE_1.16.1/STM32CubeIDE/plugins/com.st.stm32cube.ide.mcu.externaltools.gnu-tools-for-stm32.12.3.rel1.win32_1.1.0.202410251130/tools/bin/../lib/gcc/arm-none-eabi/12.3.1/../../../../arm-none-eabi/lib/thumb/v7e-m+dp/hard\libc_nano.a(libc_a-findfp.o)
                              D:/STM32CubeIDE_1.16.1/STM32CubeIDE/plugins/com.st.stm32cube.ide.mcu.externaltools.gnu-tools-for-stm32.12.3.rel1.win32_1.1.0.202410251130/tools/bin/../lib/gcc/arm-none-eabi/12.3.1/../../../../arm-none-eabi/lib/thumb/v7e-m+dp/hard\libc_nano.a(libc_a-exit.o) (__stdio_exit_handler)
D:/STM32CubeIDE_1.16.1/STM32CubeIDE/plugins/com.st.stm32cube.ide.mcu.externaltools.gnu-tools-for-stm32.12.3.rel1.win32_1.1.0.202410251130/tools/bin/../lib/gcc/arm-none-eabi/12.3.1/../../../../arm-none-eabi/lib/thumb/v7e-m+dp/hard\libc_nano.a(libc_a-fwalk.o)
                              D:/STM32CubeIDE_1.16.1/STM32CubeIDE/plugins/com.st.stm32cube.ide.mcu.externaltools.gnu-tools-for-stm32.12.3.rel1.win32_1.1.0.202410251130/tools/bin/../lib/gcc/arm-none-eabi/12.3.1/../../../../arm-none-eabi/lib/thumb/v7e-m+dp/hard\libc_nano.a(libc_a-findfp.o) (_fwalk_sglue)
D:/STM32CubeIDE_1.16.1/STM32CubeIDE/plugins/com.st.stm32cube.ide.mcu.externaltools.gnu-tools-for-stm32.12.3.rel1.win32_1.1.0.202410251130/tools/bin/../lib/gcc/arm-none-eabi/12.3.1/../../../../arm-none-eabi/lib/thumb/v7e-m+dp/hard\libc_nano.a(libc_a-snprintf.o)
                              ./Core/Src/main.o (snprintf)
D:/STM32CubeIDE_1.16.1/STM32CubeIDE/plugins/com.st.stm32cube.ide.mcu.externaltools.gnu-tools-for-stm32.12.3.rel1.win32_1.1.0.202410251130/tools/bin/../lib/gcc/arm-none-eabi/12.3.1/../../../../arm-none-eabi/lib/thumb/v7e-m+dp/hard\libc_nano.a(libc_a-stdio.o)
                              D:/STM32CubeIDE_1.16.1/STM32CubeIDE/plugins/com.st.stm32cube.ide.mcu.externaltools.gnu-tools-for-stm32.12.3.rel1.win32_1.1.0.202410251130/tools/bin/../lib/gcc/arm-none-eabi/12.3.1/../../../../arm-none-eabi/lib/thumb/v7e-m+dp/hard\libc_nano.a(libc_a-findfp.o) (__sread)
D:/STM32CubeIDE_1.16.1/STM32CubeIDE/plugins/com.st.stm32cube.ide.mcu.externaltools.gnu-tools-for-stm32.12.3.rel1.win32_1.1.0.202410251130/tools/bin/../lib/gcc/arm-none-eabi/12.3.1/../../../../arm-none-eabi/lib/thumb/v7e-m+dp/hard\libc_nano.a(libc_a-memcmp.o)
                              ./ThirdParty/Segger/OS/SEGGER_SYSVIEW_FreeRTOS.o (memcmp)
D:/STM32CubeIDE_1.16.1/STM32CubeIDE/plugins/com.st.stm32cube.ide.mcu.externaltools.gnu-tools-for-stm32.12.3.rel1.win32_1.1.0.202410251130/tools/bin/../lib/gcc/arm-none-eabi/12.3.1/../../../../arm-none-eabi/lib/thumb/v7e-m+dp/hard\libc_nano.a(libc_a-memset.o)
                              D:/STM32CubeIDE_1.16.1/STM32CubeIDE/plugins/com.st.stm32cube.ide.mcu.externaltools.gnu-tools-for-stm32.12.3.rel1.win32_1.1.0.202410251130/tools/bin/../lib/gcc/arm-none-eabi/12.3.1/../../../../arm-none-eabi/lib/thumb/v7e-m+dp/hard/crt0.o (memset)
D:/STM32CubeIDE_1.16.1/STM32CubeIDE/plugins/com.st.stm32cube.ide.mcu.externaltools.gnu-tools-for-stm32.12.3.rel1.win32_1.1.0.202410251130/tools/bin/../lib/gcc/arm-none-eabi/12.3.1/../../../../arm-none-eabi/lib/thumb/v7e-m+dp/hard\libc_nano.a(libc_a-closer.o)
                              D:/STM32CubeIDE_1.16.1/STM32CubeIDE/plugins/com.st.stm32cube.ide.mcu.externaltools.gnu-tools-for-stm32.12.3.rel1.win32_1.1.0.202410251130/tools/bin/../lib/gcc/arm-none-eabi/12.3.1/../../../../arm-none-eabi/lib/thumb/v7e-m+dp/hard\libc_nano.a(libc_a-stdio.o) (_close_r)
D:/STM32CubeIDE_1.16.1/STM32CubeIDE/plugins/com.st.stm32cube.ide.mcu.externaltools.gnu-tools-for-stm32.12.3.rel1.win32_1.1.0.202410251130/tools/bin/../lib/gcc/arm-none-eabi/12.3.1/../../../../arm-none-eabi/lib/thumb/v7e-m+dp/hard\libc_nano.a(libc_a-reent.o)
                              D:/STM32CubeIDE_1.16.1/STM32CubeIDE/plugins/com.st.stm32cube.ide.mcu.externaltools.gnu-tools-for-stm32.12.3.rel1.win32_1.1.0.202410251130/tools/bin/../lib/gcc/arm-none-eabi/12.3.1/../../../../arm-none-eabi/lib/thumb/v7e-m+dp/hard\libc_nano.a(libc_a-closer.o) (errno)
D:/STM32CubeIDE_1.16.1/STM32CubeIDE/plugins/com.st.stm32cube.ide.mcu.externaltools.gnu-tools-for-stm32.12.3.rel1.win32_1.1.0.202410251130/tools/bin/../lib/gcc/arm-none-eabi/12.3.1/../../../../arm-none-eabi/lib/thumb/v7e-m+dp/hard\libc_nano.a(libc_a-impure.o)
[...]
Memory Configuration

Name             Origin             Length             Attributes
RAM              0x20000000         0x00080000         xrw
FLASH            0x08000000         0x00200000         xr
*default*        0x00000000         0xffffffff

Linker script and memory map

LOAD D:/STM32CubeIDE_1.16.1/STM32CubeIDE/plugins/com.st.stm32cube.ide.mcu.externaltools.gnu-tools-for-stm32.12.3.rel1.win32_1.1.0.202410251130/tools/bin/../lib/gcc/arm-none-eabi/12.3.1/thumb/v7e-m+dp/hard/crti.o
LOAD D:/STM32CubeIDE_1.16.1/STM32CubeIDE/plugins/com.st.stm32cube.ide.mcu.externaltools.gnu-tools-for-stm32.12.3.rel1.win32_1.1.0.202410251130/tools/bin/../lib/gcc/arm-none-eabi/12.3.1/thumb/v7e-m+dp/hard/crtbegin.o
LOAD D:/STM32CubeIDE_1.16.1/STM32CubeIDE/plugins/com.st.stm32cube.ide.mcu.externaltools.gnu-tools-for-stm32.12.3.rel1.win32_1.1.0.202410251130/tools/bin/../lib/gcc/arm-none-eabi/12.3.1/../../../../arm-none-eabi/lib/thumb/v7e-m+dp/hard/crt0.o
LOAD ./Core/Src/main.o
LOAD ./Core/Src/stm32f7xx_hal_msp.o
LOAD ./Core/Src/stm32f7xx_hal_timebase_tim.o
LOAD ./Core/Src/stm32f7xx_it.o
LOAD ./Core/Src/syscalls.o
LOAD ./Core/Src/system_stm32f7xx.o
LOAD ./Core/Startup/startup_stm32f767zitx.o
LOAD ./Drivers/STM32F7xx_HAL_Driver/Src/stm32f7xx_hal.o
LOAD ./Drivers/STM32F7xx_HAL_Driver/Src/stm32f7xx_hal_cortex.o
LOAD ./Drivers/STM32F7xx_HAL_Driver/Src/stm32f7xx_hal_dma.o
LOAD ./Drivers/STM32F7xx_HAL_Driver/Src/stm32f7xx_hal_dma_ex.o
LOAD ./Drivers/STM32F7xx_HAL_Driver/Src/stm32f7xx_hal_exti.o
LOAD ./Drivers/STM32F7xx_HAL_Driver/Src/stm32f7xx_hal_flash.o
LOAD ./Drivers/STM32F7xx_HAL_Driver/Src/stm32f7xx_hal_flash_ex.o
LOAD ./Drivers/STM32F7xx_HAL_Driver/Src/stm32f7xx_hal_gpio.o
LOAD ./Drivers/STM32F7xx_HAL_Driver/Src/stm32f7xx_hal_i2c.o
LOAD ./Drivers/STM32F7xx_HAL_Driver/Src/stm32f7xx_hal_i2c_ex.o
LOAD ./Drivers/STM32F7xx_HAL_Driver/Src/stm32f7xx_hal_pwr.o
LOAD ./Drivers/STM32F7xx_HAL_Driver/Src/stm32f7xx_hal_pwr_ex.o
LOAD ./Drivers/STM32F7xx_HAL_Driver/Src/stm32f7xx_hal_rcc.o
LOAD ./Drivers/STM32F7xx_HAL_Driver/Src/stm32f7xx_hal_rcc_ex.o
LOAD ./Drivers/STM32F7xx_HAL_Driver/Src/stm32f7xx_hal_tim.o
LOAD ./Drivers/STM32F7xx_HAL_Driver/Src/stm32f7xx_hal_tim_ex.o
LOAD ./ThirdParty/FreeRTOS/croutine.o
LOAD ./ThirdParty/FreeRTOS/event_groups.o
LOAD ./ThirdParty/FreeRTOS/list.o
LOAD ./ThirdParty/FreeRTOS/queue.o
LOAD ./ThirdParty/FreeRTOS/stream_buffer.o
LOAD ./ThirdParty/FreeRTOS/tasks.o
LOAD ./ThirdParty/FreeRTOS/timers.o
LOAD ./ThirdParty/FreeRTOS/portable/GCC/ARM_CM7/r0p1/port.o
LOAD ./ThirdParty/FreeRTOS/portable/MemMang/heap_4.o
LOAD ./ThirdParty/Segger/Config/SEGGER_SYSVIEW_Config_FreeRTOS.o
LOAD ./ThirdParty/Segger/OS/SEGGER_SYSVIEW_FreeRTOS.o
LOAD ./ThirdParty/Segger/Rec/segger_uart.o
LOAD ./ThirdParty/Segger/Segger/SEGGER_RTT.o
LOAD ./ThirdParty/Segger/Segger/SEGGER_RTT_ASM_ARMv7M.o
LOAD ./ThirdParty/Segger/Segger/SEGGER_RTT_printf.o
LOAD ./ThirdParty/Segger/Segger/SEGGER_SYSVIEW.o
LOAD ./ThirdParty/Segger/Segger/Syscalls/SEGGER_RTT_Syscalls_GCC.o
START GROUP
LOAD D:/STM32CubeIDE_1.16.1/STM32CubeIDE/plugins/com.st.stm32cube.ide.mcu.externaltools.gnu-tools-for-stm32.12.3.rel1.win32_1.1.0.202410251130/tools/bin/../lib/gcc/arm-none-eabi/12.3.1/../../../../arm-none-eabi/lib/thumb/v7e-m+dp/hard\libc_nano.a
LOAD D:/STM32CubeIDE_1.16.1/STM32CubeIDE/plugins/com.st.stm32cube.ide.mcu.externaltools.gnu-tools-for-stm32.12.3.rel1.win32_1.1.0.202410251130/tools/bin/../lib/gcc/arm-none-eabi/12.3.1/../../../../arm-none-eabi/lib/thumb/v7e-m+dp/hard\libm.a
END GROUP
START GROUP
LOAD D:/STM32CubeIDE_1.16.1/STM32CubeIDE/plugins/com.st.stm32cube.ide.mcu.externaltools.gnu-tools-for-stm32.12.3.rel1.win32_1.1.0.202410251130/tools/bin/../lib/gcc/arm-none-eabi/12.3.1/thumb/v7e-m+dp/hard\libgcc.a
LOAD D:/STM32CubeIDE_1.16.1/STM32CubeIDE/plugins/com.st.stm32cube.ide.mcu.externaltools.gnu-tools-for-stm32.12.3.rel1.win32_1.1.0.202410251130/tools/bin/../lib/gcc/arm-none-eabi/12.3.1/../../../../arm-none-eabi/lib/thumb/v7e-m+dp/hard\libc_nano.a
END GROUP
START GROUP
LOAD D:/STM32CubeIDE_1.16.1/STM32CubeIDE/plugins/com.st.stm32cube.ide.mcu.externaltools.gnu-tools-for-stm32.12.3.rel1.win32_1.1.0.202410251130/tools/bin/../lib/gcc/arm-none-eabi/12.3.1/thumb/v7e-m+dp/hard\libgcc.a
LOAD D:/STM32CubeIDE_1.16.1/STM32CubeIDE/plugins/com.st.stm32cube.ide.mcu.externaltools.gnu-tools-for-stm32.12.3.rel1.win32_1.1.0.202410251130/tools/bin/../lib/gcc/arm-none-eabi/12.3.1/../../../../arm-none-eabi/lib/thumb/v7e-m+dp/hard\libc_nano.a
LOAD D:/STM32CubeIDE_1.16.1/STM32CubeIDE/plugins/com.st.stm32cube.ide.mcu.externaltools.gnu-tools-for-stm32.12.3.rel1.win32_1.1.0.202410251130/tools/bin/../lib/gcc/arm-none-eabi/12.3.1/../../../../arm-none-eabi/lib/thumb/v7e-m+dp/hard\libnosys.a
END GROUP
START GROUP
LOAD D:/STM32CubeIDE_1.16.1/STM32CubeIDE/plugins/com.st.stm32cube.ide.mcu.externaltools.gnu-tools-for-stm32.12.3.rel1.win32_1.1.0.202410251130/tools/bin/../lib/gcc/arm-none-eabi/12.3.1/thumb/v7e-m+dp/hard\libgcc.a
LOAD D:/STM32CubeIDE_1.16.1/STM32CubeIDE/plugins/com.st.stm32cube.ide.mcu.externaltools.gnu-tools-for-stm32.12.3.rel1.win32_1.1.0.202410251130/tools/bin/../lib/gcc/arm-none-eabi/12.3.1/../../../../arm-none-eabi/lib/thumb/v7e-m+dp/hard\libc_nano.a
LOAD D:/STM32CubeIDE_1.16.1/STM32CubeIDE/plugins/com.st.stm32cube.ide.mcu.externaltools.gnu-tools-for-stm32.12.3.rel1.win32_1.1.0.202410251130/tools/bin/../lib/gcc/arm-none-eabi/12.3.1/../../../../arm-none-eabi/lib/thumb/v7e-m+dp/hard\libnosys.a
END GROUP
LOAD D:/STM32CubeIDE_1.16.1/STM32CubeIDE/plugins/com.st.stm32cube.ide.mcu.externaltools.gnu-tools-for-stm32.12.3.rel1.win32_1.1.0.202410251130/tools/bin/../lib/gcc/arm-none-eabi/12.3.1/thumb/v7e-m+dp/hard/crtend.o
LOAD D:/STM32CubeIDE_1.16.1/STM32CubeIDE/plugins/com.st.stm32cube.ide.mcu.externaltools.gnu-tools-for-stm32.12.3.rel1.win32_1.1.0.202410251130/tools/bin/../lib/gcc/arm-none-eabi/12.3.1/thumb/v7e-m+dp/hard/crtn.o
                0x20080000                        _estack = (ORIGIN (RAM) + LENGTH (RAM))
                0x00000200                        _Min_Heap_Size = 0x200
                0x00000400                        _Min_Stack_Size = 0x400

.isr_vector     0x08000000      0x1f8
                0x08000000                        . = ALIGN (0x4)
 *(.isr_vector)
 .isr_vector    0x08000000      0x1f8 ./Core/Startup/startup_stm32f767zitx.o
                0x08000000                g_pfnVectors
                0x080001f8                        . = ALIGN (0x4)

.text           0x08000200     0x7ce4
                0x08000200                        . = ALIGN (0x4)
 *(.text)
 .text          0x08000200       0x40 D:/STM32CubeIDE_1.16.1/STM32CubeIDE/plugins/com.st.stm32cube.ide.mcu.externaltools.gnu-tools-for-stm32.12.3.rel1.win32_1.1.0.202410251130/tools/bin/../lib/gcc/arm-none-eabi/12.3.1/thumb/v7e-m+dp/hard/crtbegin.o
 .text          0x08000240       0x94 ./ThirdParty/Segger/Segger/SEGGER_RTT_ASM_ARMv7M.o
                0x08000240                SEGGER_RTT_ASM_WriteSkipNoLock
 *fill*         0x080002d4        0xc 
 .text          0x080002e0       0xa0 D:/STM32CubeIDE_1.16.1/STM32CubeIDE/plugins/com.st.stm32cube.ide.mcu.externaltools.gnu-tools-for-stm32.12.3.rel1.win32_1.1.0.202410251130/tools/bin/../lib/gcc/arm-none-eabi/12.3.1/../../../../arm-none-eabi/lib/thumb/v7e-m+dp/hard\libc_nano.a(libc_a-memchr.o)
                0x080002e0                memchr
 .text          0x08000380       0x30 D:/STM32CubeIDE_1.16.1/STM32CubeIDE/plugins/com.st.stm32cube.ide.mcu.externaltools.gnu-tools-for-stm32.12.3.rel1.win32_1.1.0.202410251130/tools/bin/../lib/gcc/arm-none-eabi/12.3.1/thumb/v7e-m+dp/hard\libgcc.a(_aeabi_uldivmod.o)
                0x08000380                __aeabi_uldivmod
 .text          0x080003b0      0x2bc D:/STM32CubeIDE_1.16.1/STM32CubeIDE/plugins/com.st.stm32cube.ide.mcu.externaltools.gnu-tools-for-stm32.12.3.rel1.win32_1.1.0.202410251130/tools/bin/../lib/gcc/arm-none-eabi/12.3.1/thumb/v7e-m+dp/hard\libgcc.a(_udivmoddi4.o)
                0x080003b0                __udivmoddi4
 .text          0x0800066c        0x4 D:/STM32CubeIDE_1.16.1/STM32CubeIDE/plugins/com.st.stm32cube.ide.mcu.externaltools.gnu-tools-for-stm32.12.3.rel1.win32_1.1.0.202410251130/tools/bin/../lib/gcc/arm-none-eabi/12.3.1/thumb/v7e-m+dp/hard\libgcc.a(_dvmd_tls.o)
                0x0800066c                __aeabi_idiv0
                0x0800066c                __aeabi_ldiv0
 *(.text*)
 .text.main     0x08000670       0x88 ./Core/Src/main.o
                0x08000670                main
 .text.SystemClock_Config
                0x080006f8       0xd4 ./Core/Src/main.o
                0x080006f8                SystemClock_Config
 .text.MX_GPIO_Init
                0x080007cc      0x22c ./Core/Src/main.o
 .text.task1_handler
                0x080009f8       0x3c ./Core/Src/main.o
 .text.task2_handler
                0x08000a34       0x3c ./Core/Src/main.o
 .text.HAL_TIM_PeriodElapsedCallback
                0x08000a70       0x24 ./Core/Src/main.o
                0x08000a70                HAL_TIM_PeriodElapsedCallback
 .text.Error_Handler
                0x08000a94        0xc ./Core/Src/main.o
                0x08000a94                Error_Handler
 .text.HAL_MspInit
                0x08000aa0       0x48 ./Core/Src/stm32f7xx_hal_msp.o
                0x08000aa0                HAL_MspInit
 .text.HAL_InitTick
                0x08000ae8       0xf4 ./Core/Src/stm32f7xx_hal_timebase_tim.o
                0x08000ae8                HAL_InitTick
 .text.NMI_Handler
                0x08000bdc        0x8 ./Core/Src/stm32f7xx_it.o
                0x08000bdc                NMI_Handler
 .text.HardFault_Handler
                0x08000be4        0x8 ./Core/Src/stm32f7xx_it.o
                0x08000be4                HardFault_Handler
 .text.MemManage_Handler
                0x08000bec        0x8 ./Core/Src/stm32f7xx_it.o
                0x08000bec                MemManage_Handler
 .text.BusFault_Handler
                0x08000bf4        0x8 ./Core/Src/stm32f7xx_it.o
                0x08000bf4                BusFault_Handler
 .text.UsageFault_Handler
                0x08000bfc        0x8 ./Core/Src/stm32f7xx_it.o
                0x08000bfc                UsageFault_Handler
 .text.DebugMon_Handler
                0x08000c04        0xe ./Core/Src/stm32f7xx_it.o
                0x08000c04                DebugMon_Handler
 *fill*         0x08000c12        0x2 
 .text.TIM6_DAC_IRQHandler
                0x08000c14       0x14 ./Core/Src/stm32f7xx_it.o
                0x08000c14                TIM6_DAC_IRQHandler
 .text.SystemInit
                0x08000c28       0x24 ./Core/Src/system_stm32f7xx.o
                0x08000c28                SystemInit
 .text.Reset_Handler
                0x08000c4c       0x50 ./Core/Startup/startup_stm32f767zitx.o
                0x08000c4c                Reset_Handler
 .text.Default_Handler
                0x08000c9c        0x2 ./Core/Startup/startup_stm32f767zitx.o
                0x08000c9c                RTC_Alarm_IRQHandler
                0x08000c9c                EXTI2_IRQHandler
                0x08000c9c                TIM8_CC_IRQHandler
                0x08000c9c                UART8_IRQHandler
                0x08000c9c                SPI4_IRQHandler
                0x08000c9c                TIM1_CC_IRQHandler
                0x08000c9c                DMA2_Stream5_IRQHandler
                0x08000c9c                JPEG_IRQHandler
                0x08000c9c                DMA1_Stream5_IRQHandler
                0x08000c9c                CAN3_RX1_IRQHandler
                0x08000c9c                PVD_IRQHandler
                0x08000c9c                TAMP_STAMP_IRQHandler
                0x08000c9c                CAN2_RX1_IRQHandler
                0x08000c9c                EXTI3_IRQHandler
                0x08000c9c                TIM8_TRG_COM_TIM14_IRQHandler
                0x08000c9c                DFSDM1_FLT1_IRQHandler
                0x08000c9c                TIM1_UP_TIM10_IRQHandler
                0x08000c9c                TIM8_UP_TIM13_IRQHandler
                0x08000c9c                I2C3_ER_IRQHandler
                0x08000c9c                DFSDM1_FLT2_IRQHandler
                0x08000c9c                EXTI0_IRQHandler
                0x08000c9c                I2C2_EV_IRQHandler
                0x08000c9c                DMA1_Stream2_IRQHandler
                0x08000c9c                CAN1_RX0_IRQHandler
                0x08000c9c                FPU_IRQHandler
                0x08000c9c                OTG_HS_WKUP_IRQHandler
                0x08000c9c                CAN3_SCE_IRQHandler
                0x08000c9c                LTDC_ER_IRQHandler
                0x08000c9c                CAN2_SCE_IRQHandler
                0x08000c9c                DMA2_Stream2_IRQHandler
                0x08000c9c                SPI1_IRQHandler
                0x08000c9c                TIM1_BRK_TIM9_IRQHandler
                0x08000c9c                DCMI_IRQHandler
                0x08000c9c                CAN2_RX0_IRQHandler
                0x08000c9c                DMA2_Stream3_IRQHandler
                0x08000c9c                SAI2_IRQHandler
                0x08000c9c                DFSDM1_FLT3_IRQHandler
                0x08000c9c                USART6_IRQHandler
                0x08000c9c                CAN3_RX0_IRQHandler
                0x08000c9c                CAN1_RX1_IRQHandler
                0x08000c9c                UART5_IRQHandler
                0x08000c9c                DMA2_Stream0_IRQHandler
                0x08000c9c                TIM4_IRQHandler
                0x08000c9c                QUADSPI_IRQHandler
                0x08000c9c                I2C1_EV_IRQHandler
                0x08000c9c                DMA1_Stream6_IRQHandler
                0x08000c9c                DMA1_Stream1_IRQHandler
                0x08000c9c                UART4_IRQHandler
                0x08000c9c                TIM3_IRQHandler
                0x08000c9c                RCC_IRQHandler
                0x08000c9c                TIM8_BRK_TIM12_IRQHandler
                0x08000c9c                Default_Handler
                0x08000c9c                CEC_IRQHandler
                0x08000c9c                EXTI15_10_IRQHandler
                0x08000c9c                ADC_IRQHandler
                0x08000c9c                DMA1_Stream7_IRQHandler
                0x08000c9c                SPI5_IRQHandler
                0x08000c9c                TIM7_IRQHandler
                0x08000c9c                SDMMC1_IRQHandler
                0x08000c9c                CAN2_TX_IRQHandler
                0x08000c9c                TIM5_IRQHandler
                0x08000c9c                DMA2_Stream7_IRQHandler
                0x08000c9c                I2C3_EV_IRQHandler
                0x08000c9c                EXTI9_5_IRQHandler
                0x08000c9c                RTC_WKUP_IRQHandler
                0x08000c9c                LTDC_IRQHandler
                0x08000c9c                ETH_WKUP_IRQHandler
                0x08000c9c                SPDIF_RX_IRQHandler
                0x08000c9c                SPI2_IRQHandler
                0x08000c9c                OTG_HS_EP1_IN_IRQHandler
                0x08000c9c                DMA1_Stream0_IRQHandler
                0x08000c9c                CAN1_TX_IRQHandler
                0x08000c9c                EXTI4_IRQHandler
                0x08000c9c                RNG_IRQHandler
                0x08000c9c                ETH_IRQHandler
                0x08000c9c                OTG_HS_EP1_OUT_IRQHandler
                0x08000c9c                WWDG_IRQHandler
                0x08000c9c                SPI6_IRQHandler
                0x08000c9c                MDIOS_IRQHandler
                0x08000c9c                I2C4_EV_IRQHandler
                0x08000c9c                CAN3_TX_IRQHandler
                0x08000c9c                TIM2_IRQHandler
                0x08000c9c                OTG_FS_WKUP_IRQHandler
                0x08000c9c                TIM1_TRG_COM_TIM11_IRQHandler
                0x08000c9c                OTG_HS_IRQHandler
                0x08000c9c                DMA2D_IRQHandler
                0x08000c9c                EXTI1_IRQHandler
                0x08000c9c                SDMMC2_IRQHandler
                0x08000c9c                UART7_IRQHandler
                0x08000c9c                USART2_IRQHandler
                0x08000c9c                DFSDM1_FLT0_IRQHandler
                0x08000c9c                I2C2_ER_IRQHandler
                0x08000c9c                DMA2_Stream1_IRQHandler
                0x08000c9c                CAN1_SCE_IRQHandler
                0x08000c9c                FLASH_IRQHandler
                0x08000c9c                DMA2_Stream4_IRQHandler
                0x08000c9c                USART1_IRQHandler
                0x08000c9c                OTG_FS_IRQHandler
                0x08000c9c                SPI3_IRQHandler
                0x08000c9c                DMA1_Stream4_IRQHandler
                0x08000c9c                I2C1_ER_IRQHandler
                0x08000c9c                FMC_IRQHandler
                0x08000c9c                LPTIM1_IRQHandler
                0x08000c9c                I2C4_ER_IRQHandler
                0x08000c9c                DMA2_Stream6_IRQHandler
                0x08000c9c                SAI1_IRQHandler
                0x08000c9c                DMA1_Stream3_IRQHandler
 .text.HAL_Init
                0x08000c9e       0x1a ./Drivers/STM32F7xx_HAL_Driver/Src/stm32f7xx_hal.o
                0x08000c9e                HAL_Init
 .text.HAL_IncTick
                0x08000cb8       0x28 ./Drivers/STM32F7xx_HAL_Driver/Src/stm32f7xx_hal.o
                0x08000cb8                HAL_IncTick
 .text.HAL_GetTick
                0x08000ce0       0x18 ./Drivers/STM32F7xx_HAL_Driver/Src/stm32f7xx_hal.o
                0x08000ce0                HAL_GetTick
 .text.__NVIC_SetPriorityGrouping
                0x08000cf8       0x48 ./Drivers/STM32F7xx_HAL_Driver/Src/stm32f7xx_hal_cortex.o
 .text.__NVIC_GetPriorityGrouping
                0x08000d40       0x1c ./Drivers/STM32F7xx_HAL_Driver/Src/stm32f7xx_hal_cortex.o
 .text.__NVIC_EnableIRQ
                0x08000d5c       0x3c ./Drivers/STM32F7xx_HAL_Driver/Src/stm32f7xx_hal_cortex.o
 .text.__NVIC_SetPriority
                0x08000d98       0x54 ./Drivers/STM32F7xx_HAL_Driver/Src/stm32f7xx_hal_cortex.o
 .text.NVIC_EncodePriority
                0x08000dec       0x66 ./Drivers/STM32F7xx_HAL_Driver/Src/stm32f7xx_hal_cortex.o
 .text.HAL_NVIC_SetPriorityGrouping
                0x08000e52       0x16 ./Drivers/STM32F7xx_HAL_Driver/Src/stm32f7xx_hal_cortex.o
                0x08000e52                HAL_NVIC_SetPriorityGrouping
 .text.HAL_NVIC_SetPriority
                0x08000e68       0x38 ./Drivers/STM32F7xx_HAL_Driver/Src/stm32f7xx_hal_cortex.o
                0x08000e68                HAL_NVIC_SetPriority
 .text.HAL_NVIC_EnableIRQ
                0x08000ea0       0x1c ./Drivers/STM32F7xx_HAL_Driver/Src/stm32f7xx_hal_cortex.o
                0x08000ea0                HAL_NVIC_EnableIRQ
 .text.HAL_GPIO_Init
                0x08000ebc      0x358 ./Drivers/STM32F7xx_HAL_Driver/Src/stm32f7xx_hal_gpio.o
                0x08000ebc                HAL_GPIO_Init
 .text.HAL_GPIO_WritePin
                0x08001214       0x32 ./Drivers/STM32F7xx_HAL_Driver/Src/stm32f7xx_hal_gpio.o
                0x08001214                HAL_GPIO_WritePin
 *fill*         0x08001246        0x2 
 .text.HAL_RCC_OscConfig
                0x08001248      0x55c ./Drivers/STM32F7xx_HAL_Driver/Src/stm32f7xx_hal_rcc.o
                0x08001248                HAL_RCC_OscConfig
 .text.HAL_RCC_ClockConfig
                0x080017a4      0x1d8 ./Drivers/STM32F7xx_HAL_Driver/Src/stm32f7xx_hal_rcc.o
                0x080017a4                HAL_RCC_ClockConfig
 .text.HAL_RCC_GetSysClockFreq
                0x0800197c      0x208 ./Drivers/STM32F7xx_HAL_Driver/Src/stm32f7xx_hal_rcc.o
                0x0800197c                HAL_RCC_GetSysClockFreq
 .text.HAL_RCC_GetHCLKFreq
                0x08001b84       0x18 ./Drivers/STM32F7xx_HAL_Driver/Src/stm32f7xx_hal_rcc.o
                0x08001b84                HAL_RCC_GetHCLKFreq
 .text.HAL_RCC_GetPCLK1Freq
                0x08001b9c       0x28 ./Drivers/STM32F7xx_HAL_Driver/Src/stm32f7xx_hal_rcc.o
                0x08001b9c                HAL_RCC_GetPCLK1Freq
 .text.HAL_RCC_GetClockConfig
                0x08001bc4       0x64 ./Drivers/STM32F7xx_HAL_Driver/Src/stm32f7xx_hal_rcc.o
                0x08001bc4                HAL_RCC_GetClockConfig
 .text.HAL_TIM_Base_Init
                0x08001c28       0xae ./Drivers/STM32F7xx_HAL_Driver/Src/stm32f7xx_hal_tim.o
                0x08001c28                HAL_TIM_Base_Init
 .text.HAL_TIM_Base_MspInit
                0x08001cd6       0x14 ./Drivers/STM32F7xx_HAL_Driver/Src/stm32f7xx_hal_tim.o
                0x08001cd6                HAL_TIM_Base_MspInit
 *fill*         0x08001cea        0x2 
 .text.HAL_TIM_Base_Start_IT
                0x08001cec       0xf0 ./Drivers/STM32F7xx_HAL_Driver/Src/stm32f7xx_hal_tim.o
                0x08001cec                HAL_TIM_Base_Start_IT
 .text.HAL_TIM_IRQHandler
                0x08001ddc      0x20e ./Drivers/STM32F7xx_HAL_Driver/Src/stm32f7xx_hal_tim.o
                0x08001ddc                HAL_TIM_IRQHandler
 .text.HAL_TIM_OC_DelayElapsedCallback
                0x08001fea       0x14 ./Drivers/STM32F7xx_HAL_Driver/Src/stm32f7xx_hal_tim.o
                0x08001fea                HAL_TIM_OC_DelayElapsedCallback
 .text.HAL_TIM_IC_CaptureCallback
                0x08001ffe       0x14 ./Drivers/STM32F7xx_HAL_Driver/Src/stm32f7xx_hal_tim.o
                0x08001ffe                HAL_TIM_IC_CaptureCallback
 .text.HAL_TIM_PWM_PulseFinishedCallback
                0x08002012       0x14 ./Drivers/STM32F7xx_HAL_Driver/Src/stm32f7xx_hal_tim.o
                0x08002012                HAL_TIM_PWM_PulseFinishedCallback
 .text.HAL_TIM_TriggerCallback
                0x08002026       0x14 ./Drivers/STM32F7xx_HAL_Driver/Src/stm32f7xx_hal_tim.o
                0x08002026                HAL_TIM_TriggerCallback
 *fill*         0x0800203a        0x2 
 .text.TIM_Base_SetConfig
                0x0800203c      0x158 ./Drivers/STM32F7xx_HAL_Driver/Src/stm32f7xx_hal_tim.o
                0x0800203c                TIM_Base_SetConfig
 .text.HAL_TIMEx_CommutCallback
                0x08002194       0x14 ./Drivers/STM32F7xx_HAL_Driver/Src/stm32f7xx_hal_tim_ex.o
                0x08002194                HAL_TIMEx_CommutCallback
 .text.HAL_TIMEx_BreakCallback
                0x080021a8       0x14 ./Drivers/STM32F7xx_HAL_Driver/Src/stm32f7xx_hal_tim_ex.o
                0x080021a8                HAL_TIMEx_BreakCallback
 .text.HAL_TIMEx_Break2Callback
                0x080021bc       0x14 ./Drivers/STM32F7xx_HAL_Driver/Src/stm32f7xx_hal_tim_ex.o
                0x080021bc                HAL_TIMEx_Break2Callback
 .text.vListInitialise
                0x080021d0       0x44 ./ThirdParty/FreeRTOS/list.o
                0x080021d0                vListInitialise
 .text.vListInitialiseItem
                0x08002214       0x1e ./ThirdParty/FreeRTOS/list.o
                0x08002214                vListInitialiseItem
 .text.vListInsert
                0x08002232       0x76 ./ThirdParty/FreeRTOS/list.o
                0x08002232                vListInsert
 .text.uxListRemove
                0x080022a8       0x5e ./ThirdParty/FreeRTOS/list.o
                0x080022a8                uxListRemove
 .text.xQueueGenericReset
                0x08002306      0x11a ./ThirdParty/FreeRTOS/queue.o
                0x08002306                xQueueGenericReset
 .text.xQueueGenericCreate
                0x08002420       0xb4 ./ThirdParty/FreeRTOS/queue.o
                0x08002420                xQueueGenericCreate
 .text.prvInitialiseNewQueue
                0x080024d4       0x4c ./ThirdParty/FreeRTOS/queue.o
 .text.xQueueReceive
                0x08002520      0x1d4 ./ThirdParty/FreeRTOS/queue.o
                0x08002520                xQueueReceive
 .text.prvCopyDataToQueue
                0x080026f4       0xd4 ./ThirdParty/FreeRTOS/queue.o
 .text.prvCopyDataFromQueue
                0x080027c8       0x4c ./ThirdParty/FreeRTOS/queue.o
 .text.prvUnlockQueue
                0x08002814       0xbe ./ThirdParty/FreeRTOS/queue.o
 .text.prvIsQueueEmpty
                0x080028d2       0x2c ./ThirdParty/FreeRTOS/queue.o
 *fill*         0x080028fe        0x2 
 .text.vQueueAddToRegistry
                0x08002900       0xa4 ./ThirdParty/FreeRTOS/queue.o
                0x08002900                vQueueAddToRegistry
 .text.vQueueWaitForMessageRestricted
                0x080029a4       0x6e ./ThirdParty/FreeRTOS/queue.o
                0x080029a4                vQueueWaitForMessageRestricted
 .text.prvNotifyQueueSetContainer
                0x08002a12       0xf2 ./ThirdParty/FreeRTOS/queue.o
 .text.prvCreateTask
                0x08002b04       0x78 ./ThirdParty/FreeRTOS/tasks.o
 .text.xTaskCreate
                0x08002b7c       0x50 ./ThirdParty/FreeRTOS/tasks.o
                0x08002b7c                xTaskCreate
 .text.prvInitialiseNewTask
                0x08002bcc      0x128 ./ThirdParty/FreeRTOS/tasks.o
 .text.prvAddNewTaskToReadyList
                0x08002cf4      0x148 ./ThirdParty/FreeRTOS/tasks.o
 .text.prvCreateIdleTasks
                0x08002e3c       0x94 ./ThirdParty/FreeRTOS/tasks.o
 .text.vTaskStartScheduler
                0x08002ed0       0xbc ./ThirdParty/FreeRTOS/tasks.o
                0x08002ed0                vTaskStartScheduler
 .text.vTaskSuspendAll
                0x08002f8c       0x1c ./ThirdParty/FreeRTOS/tasks.o
                0x08002f8c                vTaskSuspendAll
 .text.xTaskResumeAll
                0x08002fa8      0x208 ./ThirdParty/FreeRTOS/tasks.o
                0x08002fa8                xTaskResumeAll
 .text.xTaskGetTickCount
                0x080031b0       0x24 ./ThirdParty/FreeRTOS/tasks.o
                0x080031b0                xTaskGetTickCount
 .text.xTaskGetTickCountFromISR
                0x080031d4       0x2c ./ThirdParty/FreeRTOS/tasks.o
                0x080031d4                xTaskGetTickCountFromISR
 .text.uxTaskGetNumberOfTasks
                0x08003200       0x1c ./ThirdParty/FreeRTOS/tasks.o
                0x08003200                uxTaskGetNumberOfTasks
 .text.xTaskIncrementTick
                0x0800321c      0x204 ./ThirdParty/FreeRTOS/tasks.o
                0x0800321c                xTaskIncrementTick
 .text.vTaskSwitchContext
                0x08003420       0xdc ./ThirdParty/FreeRTOS/tasks.o
                0x08003420                vTaskSwitchContext
 .text.vTaskPlaceOnEventList
                0x080034fc       0x54 ./ThirdParty/FreeRTOS/tasks.o
                0x080034fc                vTaskPlaceOnEventList
 .text.vTaskPlaceOnEventListRestricted
                0x08003550       0x98 ./ThirdParty/FreeRTOS/tasks.o
                0x08003550                vTaskPlaceOnEventListRestricted
 .text.xTaskRemoveFromEventList
                0x080035e8      0x1c4 ./ThirdParty/FreeRTOS/tasks.o
                0x080035e8                xTaskRemoveFromEventList
 .text.vTaskInternalSetTimeOutState
                0x080037ac       0x30 ./ThirdParty/FreeRTOS/tasks.o
                0x080037ac                vTaskInternalSetTimeOutState
 .text.xTaskCheckForTimeOut
                0x080037dc       0xe0 ./ThirdParty/FreeRTOS/tasks.o
                0x080037dc                xTaskCheckForTimeOut
 .text.vTaskMissedYield
                0x080038bc       0x18 ./ThirdParty/FreeRTOS/tasks.o
                0x080038bc                vTaskMissedYield
 .text.prvIdleTask
                0x080038d4       0x24 ./ThirdParty/FreeRTOS/tasks.o
 .text.prvInitialiseTaskLists
                0x080038f8       0x80 ./ThirdParty/FreeRTOS/tasks.o
 .text.prvCheckTasksWaitingTermination
                0x08003978       0x5c ./ThirdParty/FreeRTOS/tasks.o
 .text.prvDeleteTCB
                0x080039d4       0x20 ./ThirdParty/FreeRTOS/tasks.o
 .text.prvResetNextTaskUnblockTime
                0x080039f4       0x38 ./ThirdParty/FreeRTOS/tasks.o
 .text.xTaskGetSchedulerState
                0x08003a2c       0x44 ./ThirdParty/FreeRTOS/tasks.o
                0x08003a2c                xTaskGetSchedulerState
 .text.xTaskPriorityDisinherit
                0x08003a70      0x168 ./ThirdParty/FreeRTOS/tasks.o
                0x08003a70                xTaskPriorityDisinherit
 .text.prvAddCurrentTaskToDelayedList
                0x08003bd8      0x11c ./ThirdParty/FreeRTOS/tasks.o
 .text.xTimerCreateTimerTask
                0x08003cf4       0x78 ./ThirdParty/FreeRTOS/timers.o
                0x08003cf4                xTimerCreateTimerTask
 .text.prvReloadTimer
                0x08003d6c       0x42 ./ThirdParty/FreeRTOS/timers.o
 *fill*         0x08003dae        0x2 
 .text.prvProcessExpiredTimer
                0x08003db0       0x60 ./ThirdParty/FreeRTOS/timers.o
 .text.prvTimerTask
                0x08003e10       0x26 ./ThirdParty/FreeRTOS/timers.o
 *fill*         0x08003e36        0x2 
 .text.prvProcessTimerOrBlockTask
                0x08003e38       0x9c ./ThirdParty/FreeRTOS/timers.o
 .text.prvGetNextExpireTime
                0x08003ed4       0x48 ./ThirdParty/FreeRTOS/timers.o
 .text.prvSampleTimeNow
                0x08003f1c       0x40 ./ThirdParty/FreeRTOS/timers.o
 .text.prvInsertTimerInActiveList
                0x08003f5c       0x84 ./ThirdParty/FreeRTOS/timers.o
 .text.prvProcessReceivedCommands
                0x08003fe0      0x1d0 ./ThirdParty/FreeRTOS/timers.o
 .text.prvSwitchTimerLists
                0x080041b0       0x4c ./ThirdParty/FreeRTOS/timers.o
 .text.prvCheckForValidListAndQueue
                0x080041fc       0x6c ./ThirdParty/FreeRTOS/timers.o
 .text.pxPortInitialiseStack
                0x08004268       0x68 ./ThirdParty/FreeRTOS/portable/GCC/ARM_CM7/r0p1/port.o
                0x08004268                pxPortInitialiseStack
 .text.prvTaskExitError
                0x080042d0       0x64 ./ThirdParty/FreeRTOS/portable/GCC/ARM_CM7/r0p1/port.o
 *fill*         0x08004334        0xc 
 .text.SVC_Handler
                0x08004340       0x28 ./ThirdParty/FreeRTOS/portable/GCC/ARM_CM7/r0p1/port.o
                0x08004340                SVC_Handler
 .text.prvPortStartFirstTask
                0x08004368       0x2c ./ThirdParty/FreeRTOS/portable/GCC/ARM_CM7/r0p1/port.o
 .text.xPortStartScheduler
                0x08004394      0x1a0 ./ThirdParty/FreeRTOS/portable/GCC/ARM_CM7/r0p1/port.o
                0x08004394                xPortStartScheduler
 .text.vPortEnterCritical
                0x08004534       0x6c ./ThirdParty/FreeRTOS/portable/GCC/ARM_CM7/r0p1/port.o
                0x08004534                vPortEnterCritical
 .text.vPortExitCritical
                0x080045a0       0x58 ./ThirdParty/FreeRTOS/portable/GCC/ARM_CM7/r0p1/port.o
                0x080045a0                vPortExitCritical
 *fill*         0x080045f8        0x8 
 .text.PendSV_Handler
                0x08004600       0x68 ./ThirdParty/FreeRTOS/portable/GCC/ARM_CM7/r0p1/port.o
                0x08004600                PendSV_Handler
 .text.SysTick_Handler
                0x08004668       0x58 ./ThirdParty/FreeRTOS/portable/GCC/ARM_CM7/r0p1/port.o
                0x08004668                SysTick_Handler
 .text.vPortSetupTimerInterrupt
                0x080046c0       0x48 ./ThirdParty/FreeRTOS/portable/GCC/ARM_CM7/r0p1/port.o
                0x080046c0                vPortSetupTimerInterrupt
 .text.vPortEnableVFP
                0x08004708       0x18 ./ThirdParty/FreeRTOS/portable/GCC/ARM_CM7/r0p1/port.o
 .text.vPortValidateInterruptPriority
                0x08004720       0x8c ./ThirdParty/FreeRTOS/portable/GCC/ARM_CM7/r0p1/port.o
                0x08004720                vPortValidateInterruptPriority
 .text.pvPortMalloc
                0x080047ac      0x27c ./ThirdParty/FreeRTOS/portable/MemMang/heap_4.o
                0x080047ac                pvPortMalloc
 .text.vPortFree
                0x08004a28      0x100 ./ThirdParty/FreeRTOS/portable/MemMang/heap_4.o
                0x08004a28                vPortFree
 .text.prvHeapInit
                0x08004b28       0xb4 ./ThirdParty/FreeRTOS/portable/MemMang/heap_4.o
 .text.prvInsertBlockIntoFreeList
                0x08004bdc       0xf8 ./ThirdParty/FreeRTOS/portable/MemMang/heap_4.o
 .text._cbSendSystemDesc
                0x08004cd4       0x1c ./ThirdParty/Segger/Config/SEGGER_SYSVIEW_Config_FreeRTOS.o
 .text.SEGGER_SYSVIEW_Conf
                0x08004cf0       0x2c ./ThirdParty/Segger/Config/SEGGER_SYSVIEW_Config_FreeRTOS.o
                0x08004cf0                SEGGER_SYSVIEW_Conf
 .text._cbSendTaskList
                0x08004d1c       0x90 ./ThirdParty/Segger/OS/SEGGER_SYSVIEW_FreeRTOS.o
 .text._cbGetTime
                0x08004dac       0x86 ./ThirdParty/Segger/OS/SEGGER_SYSVIEW_FreeRTOS.o
 *fill*         0x08004e32        0x2 
 .text.SYSVIEW_AddTask
                0x08004e34       0xd0 ./ThirdParty/Segger/OS/SEGGER_SYSVIEW_FreeRTOS.o
                0x08004e34                SYSVIEW_AddTask
 .text.SYSVIEW_SendTaskInfo
                0x08004f04       0x42 ./ThirdParty/Segger/OS/SEGGER_SYSVIEW_FreeRTOS.o
                0x08004f04                SYSVIEW_SendTaskInfo
 *fill*         0x08004f46        0x2 
 .text.__NVIC_EnableIRQ
                0x08004f48       0x3c ./ThirdParty/Segger/Rec/segger_uart.o
 .text.__NVIC_SetPriority
                0x08004f84       0x54 ./ThirdParty/Segger/Rec/segger_uart.o
 .text._StartSysView
                0x08004fd8       0x1e ./ThirdParty/Segger/Rec/segger_uart.o
 *fill*         0x08004ff6        0x2 
 .text._cbOnUARTRx
                0x08004ff8       0x40 ./ThirdParty/Segger/Rec/segger_uart.o
 .text._cbOnUARTTx
                0x08005038       0x64 ./ThirdParty/Segger/Rec/segger_uart.o
 .text.SEGGER_UART_init
                0x0800509c       0x24 ./ThirdParty/Segger/Rec/segger_uart.o
                0x0800509c                SEGGER_UART_init
 .text.USART3_IRQHandler
                0x080050c0       0x98 ./ThirdParty/Segger/Rec/segger_uart.o
                0x080050c0                USART3_IRQHandler
 .text.HIF_UART_Init
                0x08005158       0xf4 ./ThirdParty/Segger/Rec/segger_uart.o
                0x08005158                HIF_UART_Init
 .text._DoInit  0x0800524c       0xb4 ./ThirdParty/Segger/Segger/SEGGER_RTT.o
 .text._WriteBlocking
                0x08005300       0xba ./ThirdParty/Segger/Segger/SEGGER_RTT.o
 .text._WriteNoCheck
                0x080053ba       0x90 ./ThirdParty/Segger/Segger/SEGGER_RTT.o
 .text._GetAvailWriteSpace
                0x0800544a       0x46 ./ThirdParty/Segger/Segger/SEGGER_RTT.o
 .text.SEGGER_RTT_ReadUpBufferNoLock
                0x08005490      0x10c ./ThirdParty/Segger/Segger/SEGGER_RTT.o
                0x08005490                SEGGER_RTT_ReadUpBufferNoLock
 .text.SEGGER_RTT_ReadNoLock
                0x0800559c      0x10c ./ThirdParty/Segger/Segger/SEGGER_RTT.o
                0x0800559c                SEGGER_RTT_ReadNoLock
 .text.SEGGER_RTT_WriteDownBufferNoLock
                0x080056a8       0xa0 ./ThirdParty/Segger/Segger/SEGGER_RTT.o
                0x080056a8                SEGGER_RTT_WriteDownBufferNoLock
 .text.SEGGER_RTT_WriteDownBuffer
                0x08005748       0x4c ./ThirdParty/Segger/Segger/SEGGER_RTT.o
                0x08005748                SEGGER_RTT_WriteDownBuffer
 .text.SEGGER_RTT_AllocUpBuffer
                0x08005794      0x108 ./ThirdParty/Segger/Segger/SEGGER_RTT.o
                0x08005794                SEGGER_RTT_AllocUpBuffer
 .text.SEGGER_RTT_ConfigDownBuffer
                0x0800589c       0x98 ./ThirdParty/Segger/Segger/SEGGER_RTT.o
                0x0800589c                SEGGER_RTT_ConfigDownBuffer
 .text._EncodeStr
                0x08005934       0x60 ./ThirdParty/Segger/Segger/SEGGER_SYSVIEW.o
 .text._PreparePacket
                0x08005994       0x18 ./ThirdParty/Segger/Segger/SEGGER_SYSVIEW.o
 .text._HandleIncomingPacket
                0x080059ac       0xdc ./ThirdParty/Segger/Segger/SEGGER_SYSVIEW.o
 .text._TrySendOverflowPacket
                0x08005a88       0xe4 ./ThirdParty/Segger/Segger/SEGGER_SYSVIEW.o
 .text._SendPacket
                0x08005b6c      0x2dc ./ThirdParty/Segger/Segger/SEGGER_SYSVIEW.o
 .text._StoreChar
                0x08005e48       0xf6 ./ThirdParty/Segger/Segger/SEGGER_SYSVIEW.o
 *fill*         0x08005f3e        0x2 
 .text._PrintUnsigned
                0x08005f40      0x12c ./ThirdParty/Segger/Segger/SEGGER_SYSVIEW.o
 .text._PrintInt
                0x0800606c      0x11e ./ThirdParty/Segger/Segger/SEGGER_SYSVIEW.o
 *fill*         0x0800618a        0x2 
 .text._VPrintTarget
                0x0800618c      0x440 ./ThirdParty/Segger/Segger/SEGGER_SYSVIEW.o
 .text.SEGGER_SYSVIEW_Init
                0x080065cc       0x88 ./ThirdParty/Segger/Segger/SEGGER_SYSVIEW.o
                0x080065cc                SEGGER_SYSVIEW_Init
 .text.SEGGER_SYSVIEW_SetRAMBase
                0x08006654       0x20 ./ThirdParty/Segger/Segger/SEGGER_SYSVIEW.o
                0x08006654                SEGGER_SYSVIEW_SetRAMBase
 .text.SEGGER_SYSVIEW_RecordVoid
                0x08006674       0x3c ./ThirdParty/Segger/Segger/SEGGER_SYSVIEW.o
                0x08006674                SEGGER_SYSVIEW_RecordVoid
 .text.SEGGER_SYSVIEW_RecordU32
                0x080066b0       0x78 ./ThirdParty/Segger/Segger/SEGGER_SYSVIEW.o
                0x080066b0                SEGGER_SYSVIEW_RecordU32
 .text.SEGGER_SYSVIEW_RecordU32x2
                0x08006728       0xb4 ./ThirdParty/Segger/Segger/SEGGER_SYSVIEW.o
                0x08006728                SEGGER_SYSVIEW_RecordU32x2
 .text.SEGGER_SYSVIEW_Start
                0x080067dc      0x174 ./ThirdParty/Segger/Segger/SEGGER_SYSVIEW.o
                0x080067dc                SEGGER_SYSVIEW_Start
 .text.SEGGER_SYSVIEW_Stop
                0x08006950       0x4c ./ThirdParty/Segger/Segger/SEGGER_SYSVIEW.o
                0x08006950                SEGGER_SYSVIEW_Stop
 .text.SEGGER_SYSVIEW_GetSysDesc
                0x0800699c      0x134 ./ThirdParty/Segger/Segger/SEGGER_SYSVIEW.o
                0x0800699c                SEGGER_SYSVIEW_GetSysDesc
 .text.SEGGER_SYSVIEW_SendTaskInfo
                0x08006ad0      0x1c8 ./ThirdParty/Segger/Segger/SEGGER_SYSVIEW.o
                0x08006ad0                SEGGER_SYSVIEW_SendTaskInfo
 .text.SEGGER_SYSVIEW_SendTaskList
                0x08006c98       0x28 ./ThirdParty/Segger/Segger/SEGGER_SYSVIEW.o
                0x08006c98                SEGGER_SYSVIEW_SendTaskList
 .text.SEGGER_SYSVIEW_SendSysDesc
                0x08006cc0       0x48 ./ThirdParty/Segger/Segger/SEGGER_SYSVIEW.o
                0x08006cc0                SEGGER_SYSVIEW_SendSysDesc
 .text.SEGGER_SYSVIEW_RecordSystime
                0x08006d08       0x64 ./ThirdParty/Segger/Segger/SEGGER_SYSVIEW.o
                0x08006d08                SEGGER_SYSVIEW_RecordSystime
 .text.SEGGER_SYSVIEW_RecordEnterISR
                0x08006d6c       0x84 ./ThirdParty/Segger/Segger/SEGGER_SYSVIEW.o
                0x08006d6c                SEGGER_SYSVIEW_RecordEnterISR
 .text.SEGGER_SYSVIEW_RecordExitISR
                0x08006df0       0x38 ./ThirdParty/Segger/Segger/SEGGER_SYSVIEW.o
                0x08006df0                SEGGER_SYSVIEW_RecordExitISR
 .text.SEGGER_SYSVIEW_RecordExitISRToScheduler
                0x08006e28       0x38 ./ThirdParty/Segger/Segger/SEGGER_SYSVIEW.o
                0x08006e28                SEGGER_SYSVIEW_RecordExitISRToScheduler
 .text.SEGGER_SYSVIEW_RecordEndCall
                0x08006e60       0x78 ./ThirdParty/Segger/Segger/SEGGER_SYSVIEW.o
                0x08006e60                SEGGER_SYSVIEW_RecordEndCall
 .text.SEGGER_SYSVIEW_RecordEndCallU32
                0x08006ed8       0xb0 ./ThirdParty/Segger/Segger/SEGGER_SYSVIEW.o
                0x08006ed8                SEGGER_SYSVIEW_RecordEndCallU32
 .text.SEGGER_SYSVIEW_OnIdle
                0x08006f88       0x38 ./ThirdParty/Segger/Segger/SEGGER_SYSVIEW.o
                0x08006f88                SEGGER_SYSVIEW_OnIdle
 .text.SEGGER_SYSVIEW_OnTaskCreate
                0x08006fc0       0x84 ./ThirdParty/Segger/Segger/SEGGER_SYSVIEW.o
                0x08006fc0                SEGGER_SYSVIEW_OnTaskCreate
 .text.SEGGER_SYSVIEW_OnTaskStartExec
                0x08007044       0x84 ./ThirdParty/Segger/Segger/SEGGER_SYSVIEW.o
                0x08007044                SEGGER_SYSVIEW_OnTaskStartExec
 .text.SEGGER_SYSVIEW_OnTaskStartReady
                0x080070c8       0x84 ./ThirdParty/Segger/Segger/SEGGER_SYSVIEW.o
                0x080070c8                SEGGER_SYSVIEW_OnTaskStartReady
 .text.SEGGER_SYSVIEW_OnTaskStopReady
                0x0800714c       0xc0 ./ThirdParty/Segger/Segger/SEGGER_SYSVIEW.o
                0x0800714c                SEGGER_SYSVIEW_OnTaskStopReady
 .text.SEGGER_SYSVIEW_ShrinkId
                0x0800720c       0x20 ./ThirdParty/Segger/Segger/SEGGER_SYSVIEW.o
                0x0800720c                SEGGER_SYSVIEW_ShrinkId
 .text.SEGGER_SYSVIEW_SendModule
                0x0800722c      0x114 ./ThirdParty/Segger/Segger/SEGGER_SYSVIEW.o
                0x0800722c                SEGGER_SYSVIEW_SendModule
 .text.SEGGER_SYSVIEW_SendModuleDescription
                0x08007340       0x3c ./ThirdParty/Segger/Segger/SEGGER_SYSVIEW.o
                0x08007340                SEGGER_SYSVIEW_SendModuleDescription
 .text.SEGGER_SYSVIEW_SendNumModules
                0x0800737c       0x7c ./ThirdParty/Segger/Segger/SEGGER_SYSVIEW.o
                0x0800737c                SEGGER_SYSVIEW_SendNumModules
 .text.SEGGER_SYSVIEW_PrintfTarget
                0x080073f8       0x28 ./ThirdParty/Segger/Segger/SEGGER_SYSVIEW.o
                0x080073f8                SEGGER_SYSVIEW_PrintfTarget
 .text.SEGGER_SYSVIEW_Warn
                0x08007420       0xb8 ./ThirdParty/Segger/Segger/SEGGER_SYSVIEW.o
                0x08007420                SEGGER_SYSVIEW_Warn
 .text.SEGGER_SYSVIEW_IsStarted
                0x080074d8       0x5c ./ThirdParty/Segger/Segger/SEGGER_SYSVIEW.o
                0x080074d8                SEGGER_SYSVIEW_IsStarted
 .text.snprintf
                0x08007534       0x68 D:/STM32CubeIDE_1.16.1/STM32CubeIDE/plugins/com.st.stm32cube.ide.mcu.externaltools.gnu-tools-for-stm32.12.3.rel1.win32_1.1.0.202410251130/tools/bin/../lib/gcc/arm-none-eabi/12.3.1/../../../../arm-none-eabi/lib/thumb/v7e-m+dp/hard\libc_nano.a(libc_a-snprintf.o)
                0x08007534                sniprintf
                0x08007534                snprintf
 .text.memcmp   0x0800759c       0x20 D:/STM32CubeIDE_1.16.1/STM32CubeIDE/plugins/com.st.stm32cube.ide.mcu.externaltools.gnu-tools-for-stm32.12.3.rel1.win32_1.1.0.202410251130/tools/bin/../lib/gcc/arm-none-eabi/12.3.1/../../../../arm-none-eabi/lib/thumb/v7e-m+dp/hard\libc_nano.a(libc_a-memcmp.o)
                0x0800759c                memcmp
 .text.memset   0x080075bc       0x10 D:/STM32CubeIDE_1.16.1/STM32CubeIDE/plugins/com.st.stm32cube.ide.mcu.externaltools.gnu-tools-for-stm32.12.3.rel1.win32_1.1.0.202410251130/tools/bin/../lib/gcc/arm-none-eabi/12.3.1/../../../../arm-none-eabi/lib/thumb/v7e-m+dp/hard\libc_nano.a(libc_a-memset.o)
                0x080075bc                memset
 .text.__libc_init_array
                0x080075cc       0x48 D:/STM32CubeIDE_1.16.1/STM32CubeIDE/plugins/com.st.stm32cube.ide.mcu.externaltools.gnu-tools-for-stm32.12.3.rel1.win32_1.1.0.202410251130/tools/bin/../lib/gcc/arm-none-eabi/12.3.1/../../../../arm-none-eabi/lib/thumb/v7e-m+dp/hard\libc_nano.a(libc_a-init.o)
                0x080075cc                __libc_init_array
 .text.__retarget_lock_acquire_recursive
                0x08007614        0x2 D:/STM32CubeIDE_1.16.1/STM32CubeIDE/plugins/com.st.stm32cube.ide.mcu.externaltools.gnu-tools-for-stm32.12.3.rel1.win32_1.1.0.202410251130/tools/bin/../lib/gcc/arm-none-eabi/12.3.1/../../../../arm-none-eabi/lib/thumb/v7e-m+dp/hard\libc_nano.a(libc_a-lock.o)
                0x08007614                __retarget_lock_acquire_recursive
 .text.__retarget_lock_release_recursive
                0x08007616        0x2 D:/STM32CubeIDE_1.16.1/STM32CubeIDE/plugins/com.st.stm32cube.ide.mcu.externaltools.gnu-tools-for-stm32.12.3.rel1.win32_1.1.0.202410251130/tools/bin/../lib/gcc/arm-none-eabi/12.3.1/../../../../arm-none-eabi/lib/thumb/v7e-m+dp/hard\libc_nano.a(libc_a-lock.o)
                0x08007616                __retarget_lock_release_recursive
 .text.memcpy   0x08007618       0x1c D:/STM32CubeIDE_1.16.1/STM32CubeIDE/plugins/com.st.stm32cube.ide.mcu.externaltools.gnu-tools-for-stm32.12.3.rel1.win32_1.1.0.202410251130/tools/bin/../lib/gcc/arm-none-eabi/12.3.1/../../../../arm-none-eabi/lib/thumb/v7e-m+dp/hard\libc_nano.a(libc_a-memcpy-stub.o)
                0x08007618                memcpy
 .text._free_r  0x08007634       0x94 D:/STM32CubeIDE_1.16.1/STM32CubeIDE/plugins/com.st.stm32cube.ide.mcu.externaltools.gnu-tools-for-stm32.12.3.rel1.win32_1.1.0.202410251130/tools/bin/../lib/gcc/arm-none-eabi/12.3.1/../../../../arm-none-eabi/lib/thumb/v7e-m+dp/hard\libc_nano.a(libc_a-freer.o)
                0x08007634                _free_r
 .text.sbrk_aligned
                0x080076c8       0x44 D:/STM32CubeIDE_1.16.1/STM32CubeIDE/plugins/com.st.stm32cube.ide.mcu.externaltools.gnu-tools-for-stm32.12.3.rel1.win32_1.1.0.202410251130/tools/bin/../lib/gcc/arm-none-eabi/12.3.1/../../../../arm-none-eabi/lib/thumb/v7e-m+dp/hard\libc_nano.a(libc_a-mallocr.o)
 .text._malloc_r
                0x0800770c      0x100 D:/STM32CubeIDE_1.16.1/STM32CubeIDE/plugins/com.st.stm32cube.ide.mcu.externaltools.gnu-tools-for-stm32.12.3.rel1.win32_1.1.0.202410251130/tools/bin/../lib/gcc/arm-none-eabi/12.3.1/../../../../arm-none-eabi/lib/thumb/v7e-m+dp/hard\libc_nano.a(libc_a-mallocr.o)
                0x0800770c                _malloc_r
 .text.__malloc_lock
                0x0800780c        0xc D:/STM32CubeIDE_1.16.1/STM32CubeIDE/plugins/com.st.stm32cube.ide.mcu.externaltools.gnu-tools-for-stm32.12.3.rel1.win32_1.1.0.202410251130/tools/bin/../lib/gcc/arm-none-eabi/12.3.1/../../../../arm-none-eabi/lib/thumb/v7e-m+dp/hard\libc_nano.a(libc_a-mlock.o)
                0x0800780c                __malloc_lock
 .text.__malloc_unlock
                0x08007818        0xc D:/STM32CubeIDE_1.16.1/STM32CubeIDE/plugins/com.st.stm32cube.ide.mcu.externaltools.gnu-tools-for-stm32.12.3.rel1.win32_1.1.0.202410251130/tools/bin/../lib/gcc/arm-none-eabi/12.3.1/../../../../arm-none-eabi/lib/thumb/v7e-m+dp/hard\libc_nano.a(libc_a-mlock.o)
                0x08007818                __malloc_unlock
 .text.__ssputs_r
                0x08007824       0xb6 D:/STM32CubeIDE_1.16.1/STM32CubeIDE/plugins/com.st.stm32cube.ide.mcu.externaltools.gnu-tools-for-stm32.12.3.rel1.win32_1.1.0.202410251130/tools/bin/../lib/gcc/arm-none-eabi/12.3.1/../../../../arm-none-eabi/lib/thumb/v7e-m+dp/hard\libc_nano.a(libc_a-nano-svfprintf.o)
                0x08007824                __ssputs_r
 *fill*         0x080078da        0x2 
 .text._svfprintf_r
                0x080078dc      0x1f8 D:/STM32CubeIDE_1.16.1/STM32CubeIDE/plugins/com.st.stm32cube.ide.mcu.externaltools.gnu-tools-for-stm32.12.3.rel1.win32_1.1.0.202410251130/tools/bin/../lib/gcc/arm-none-eabi/12.3.1/../../../../arm-none-eabi/lib/thumb/v7e-m+dp/hard\libc_nano.a(libc_a-nano-svfprintf.o)
                0x080078dc                _svfiprintf_r
                0x080078dc                _svfprintf_r
 .text._printf_common
                0x08007ad4       0xda D:/STM32CubeIDE_1.16.1/STM32CubeIDE/plugins/com.st.stm32cube.ide.mcu.externaltools.gnu-tools-for-stm32.12.3.rel1.win32_1.1.0.202410251130/tools/bin/../lib/gcc/arm-none-eabi/12.3.1/../../../../arm-none-eabi/lib/thumb/v7e-m+dp/hard\libc_nano.a(libc_a-nano-vfprintf_i.o)
                0x08007ad4                _printf_common
 *fill*         0x08007bae        0x2 
 .text._printf_i
                0x08007bb0      0x240 D:/STM32CubeIDE_1.16.1/STM32CubeIDE/plugins/com.st.stm32cube.ide.mcu.externaltools.gnu-tools-for-stm32.12.3.rel1.win32_1.1.0.202410251130/tools/bin/../lib/gcc/arm-none-eabi/12.3.1/../../../../arm-none-eabi/lib/thumb/v7e-m+dp/hard\libc_nano.a(libc_a-nano-vfprintf_i.o)
                0x08007bb0                _printf_i
 .text.memmove  0x08007df0       0x34 D:/STM32CubeIDE_1.16.1/STM32CubeIDE/plugins/com.st.stm32cube.ide.mcu.externaltools.gnu-tools-for-stm32.12.3.rel1.win32_1.1.0.202410251130/tools/bin/../lib/gcc/arm-none-eabi/12.3.1/../../../../arm-none-eabi/lib/thumb/v7e-m+dp/hard\libc_nano.a(libc_a-memmove.o)
                0x08007df0                memmove
 .text._sbrk_r  0x08007e24       0x20 D:/STM32CubeIDE_1.16.1/STM32CubeIDE/plugins/com.st.stm32cube.ide.mcu.externaltools.gnu-tools-for-stm32.12.3.rel1.win32_1.1.0.202410251130/tools/bin/../lib/gcc/arm-none-eabi/12.3.1/../../../../arm-none-eabi/lib/thumb/v7e-m+dp/hard\libc_nano.a(libc_a-sbrkr.o)
                0x08007e24                _sbrk_r
 .text._realloc_r
                0x08007e44       0x5c D:/STM32CubeIDE_1.16.1/STM32CubeIDE/plugins/com.st.stm32cube.ide.mcu.externaltools.gnu-tools-for-stm32.12.3.rel1.win32_1.1.0.202410251130/tools/bin/../lib/gcc/arm-none-eabi/12.3.1/../../../../arm-none-eabi/lib/thumb/v7e-m+dp/hard\libc_nano.a(libc_a-reallocr.o)
                0x08007e44                _realloc_r
 .text._malloc_usable_size_r
                0x08007ea0       0x10 D:/STM32CubeIDE_1.16.1/STM32CubeIDE/plugins/com.st.stm32cube.ide.mcu.externaltools.gnu-tools-for-stm32.12.3.rel1.win32_1.1.0.202410251130/tools/bin/../lib/gcc/arm-none-eabi/12.3.1/../../../../arm-none-eabi/lib/thumb/v7e-m+dp/hard\libc_nano.a(libc_a-msizer.o)
                0x08007ea0                _malloc_usable_size_r
 .text._sbrk    0x08007eb0       0x1c D:/STM32CubeIDE_1.16.1/STM32CubeIDE/plugins/com.st.stm32cube.ide.mcu.externaltools.gnu-tools-for-stm32.12.3.rel1.win32_1.1.0.202410251130/tools/bin/../lib/gcc/arm-none-eabi/12.3.1/../../../../arm-none-eabi/lib/thumb/v7e-m+dp/hard\libnosys.a(sbrk.o)
                0x08007eb0                _sbrk
 *(.glue_7)
 .glue_7        0x08007ecc        0x0 linker stubs
 *(.glue_7t)
 .glue_7t       0x08007ecc        0x0 linker stubs
 *(.eh_frame)
 .eh_frame      0x08007ecc        0x0 D:/STM32CubeIDE_1.16.1/STM32CubeIDE/plugins/com.st.stm32cube.ide.mcu.externaltools.gnu-tools-for-stm32.12.3.rel1.win32_1.1.0.202410251130/tools/bin/../lib/gcc/arm-none-eabi/12.3.1/thumb/v7e-m+dp/hard/crtbegin.o
 *(.init)
 .init          0x08007ecc        0x4 D:/STM32CubeIDE_1.16.1/STM32CubeIDE/plugins/com.st.stm32cube.ide.mcu.externaltools.gnu-tools-for-stm32.12.3.rel1.win32_1.1.0.202410251130/tools/bin/../lib/gcc/arm-none-eabi/12.3.1/thumb/v7e-m+dp/hard/crti.o
                0x08007ecc                _init
 .init          0x08007ed0        0x8 D:/STM32CubeIDE_1.16.1/STM32CubeIDE/plugins/com.st.stm32cube.ide.mcu.externaltools.gnu-tools-for-stm32.12.3.rel1.win32_1.1.0.202410251130/tools/bin/../lib/gcc/arm-none-eabi/12.3.1/thumb/v7e-m+dp/hard/crtn.o
 *(.fini)
 .fini          0x08007ed8        0x4 D:/STM32CubeIDE_1.16.1/STM32CubeIDE/plugins/com.st.stm32cube.ide.mcu.externaltools.gnu-tools-for-stm32.12.3.rel1.win32_1.1.0.202410251130/tools/bin/../lib/gcc/arm-none-eabi/12.3.1/thumb/v7e-m+dp/hard/crti.o
                0x08007ed8                _fini
 .fini          0x08007edc        0x8 D:/STM32CubeIDE_1.16.1/STM32CubeIDE/plugins/com.st.stm32cube.ide.mcu.externaltools.gnu-tools-for-stm32.12.3.rel1.win32_1.1.0.202410251130/tools/bin/../lib/gcc/arm-none-eabi/12.3.1/thumb/v7e-m+dp/hard/crtn.o
                0x08007ee4                        . = ALIGN (0x4)
                0x08007ee4                        _etext = .

.vfp11_veneer   0x08007ee4        0x0
 .vfp11_veneer  0x08007ee4        0x0 linker stubs

.v4_bx          0x08007ee4        0x0
 .v4_bx         0x08007ee4        0x0 linker stubs

.iplt           0x08007ee4        0x0
 .iplt          0x08007ee4        0x0 D:/STM32CubeIDE_1.16.1/STM32CubeIDE/plugins/com.st.stm32cube.ide.mcu.externaltools.gnu-tools-for-stm32.12.3.rel1.win32_1.1.0.202410251130/tools/bin/../lib/gcc/arm-none-eabi/12.3.1/thumb/v7e-m+dp/hard/crtbegin.o

.rodata         0x08007ee4      0x1b4
                0x08007ee4                        . = ALIGN (0x4)
 *(.rodata)
 .rodata        0x08007ee4       0x44 ./Core/Src/main.o
 .rodata        0x08007f28       0x17 ./ThirdParty/FreeRTOS/tasks.o
 *fill*         0x08007f3f        0x1 
 .rodata        0x08007f40        0xd ./ThirdParty/FreeRTOS/timers.o
 *fill*         0x08007f4d        0x3 
 .rodata        0x08007f50       0x49 ./ThirdParty/Segger/Config/SEGGER_SYSVIEW_Config_FreeRTOS.o
 *fill*         0x08007f99        0x3 
 .rodata        0x08007f9c       0x58 ./ThirdParty/Segger/OS/SEGGER_SYSVIEW_FreeRTOS.o
 .rodata        0x08007ff4        0x9 ./ThirdParty/Segger/Segger/SEGGER_RTT.o
 *fill*         0x08007ffd        0x3 
 .rodata        0x08008000       0x10 ./ThirdParty/Segger/Segger/SEGGER_SYSVIEW.o
 *(.rodata*)
 .rodata.AHBPrescTable
                0x08008010       0x10 ./Core/Src/system_stm32f7xx.o
                0x08008010                AHBPrescTable
 .rodata.APBPrescTable
                0x08008020        0x8 ./Core/Src/system_stm32f7xx.o
                0x08008020                APBPrescTable
 .rodata.SYSVIEW_X_OS_TraceAPI
                0x08008028        0x8 ./ThirdParty/Segger/OS/SEGGER_SYSVIEW_FreeRTOS.o
                0x08008028                SYSVIEW_X_OS_TraceAPI
 .rodata._abHelloMsg
                0x08008030        0x4 ./ThirdParty/Segger/Rec/segger_uart.o
 .rodata._aInitStr.0
                0x08008034       0x11 ./ThirdParty/Segger/Segger/SEGGER_RTT.o
 *fill*         0x08008045        0x3 
 .rodata._abSync
                0x08008048        0xa ./ThirdParty/Segger/Segger/SEGGER_SYSVIEW.o
 *fill*         0x08008052        0x2 
 .rodata._aV2C.0
                0x08008054       0x10 ./ThirdParty/Segger/Segger/SEGGER_SYSVIEW.o
 .rodata._svfprintf_r.str1.1
                0x08008064       0x11 D:/STM32CubeIDE_1.16.1/STM32CubeIDE/plugins/com.st.stm32cube.ide.mcu.externaltools.gnu-tools-for-stm32.12.3.rel1.win32_1.1.0.202410251130/tools/bin/../lib/gcc/arm-none-eabi/12.3.1/../../../../arm-none-eabi/lib/thumb/v7e-m+dp/hard\libc_nano.a(libc_a-nano-svfprintf.o)
 .rodata._printf_i.str1.1
                0x08008075       0x22 D:/STM32CubeIDE_1.16.1/STM32CubeIDE/plugins/com.st.stm32cube.ide.mcu.externaltools.gnu-tools-for-stm32.12.3.rel1.win32_1.1.0.202410251130/tools/bin/../lib/gcc/arm-none-eabi/12.3.1/../../../../arm-none-eabi/lib/thumb/v7e-m+dp/hard\libc_nano.a(libc_a-nano-vfprintf_i.o)
                0x08008098                        . = ALIGN (0x4)
 *fill*         0x08008097        0x1 

.ARM.extab      0x08008098        0x0
                0x08008098                        . = ALIGN (0x4)
 *(.ARM.extab* .gnu.linkonce.armextab.*)
                0x08008098                        . = ALIGN (0x4)

.ARM            0x08008098        0x8
                0x08008098                        . = ALIGN (0x4)
                0x08008098                        __exidx_start = .
 *(.ARM.exidx*)
 .ARM.exidx     0x08008098        0x8 D:/STM32CubeIDE_1.16.1/STM32CubeIDE/plugins/com.st.stm32cube.ide.mcu.externaltools.gnu-tools-for-stm32.12.3.rel1.win32_1.1.0.202410251130/tools/bin/../lib/gcc/arm-none-eabi/12.3.1/../../../../arm-none-eabi/lib/thumb/v7e-m+dp/hard\libc_nano.a(libc_a-memchr.o)
 .ARM.exidx     0x080080a0        0x0 D:/STM32CubeIDE_1.16.1/STM32CubeIDE/plugins/com.st.stm32cube.ide.mcu.externaltools.gnu-tools-for-stm32.12.3.rel1.win32_1.1.0.202410251130/tools/bin/../lib/gcc/arm-none-eabi/12.3.1/thumb/v7e-m+dp/hard\libgcc.a(_udivmoddi4.o)
                                  0x8 (size before relaxing)
                0x080080a0                        __exidx_end = .
                0x080080a0                        . = ALIGN (0x4)

.preinit_array  0x080080a0        0x0
                0x080080a0                        . = ALIGN (0x4)
                0x080080a0                        PROVIDE (__preinit_array_start = .)
 *(.preinit_array*)
                0x080080a0                        PROVIDE (__preinit_array_end = .)
                0x080080a0                        . = ALIGN (0x4)

.init_array     0x080080a0        0x4
                0x080080a0                        . = ALIGN (0x4)
                0x080080a0                        PROVIDE (__init_array_start = .)
 *(SORT_BY_NAME(.init_array.*))
 *(.init_array*)
 .init_array    0x080080a0        0x4 D:/STM32CubeIDE_1.16.1/STM32CubeIDE/plugins/com.st.stm32cube.ide.mcu.externaltools.gnu-tools-for-stm32.12.3.rel1.win32_1.1.0.202410251130/tools/bin/../lib/gcc/arm-none-eabi/12.3.1/thumb/v7e-m+dp/hard/crtbegin.o
                0x080080a4                        PROVIDE (__init_array_end = .)
                0x080080a4                        . = ALIGN (0x4)

.fini_array     0x080080a4        0x4
                0x080080a4                        . = ALIGN (0x4)
                [!provide]                        PROVIDE (__fini_array_start = .)
 *(SORT_BY_NAME(.fini_array.*))
 *(.fini_array*)
 .fini_array    0x080080a4        0x4 D:/STM32CubeIDE_1.16.1/STM32CubeIDE/plugins/com.st.stm32cube.ide.mcu.externaltools.gnu-tools-for-stm32.12.3.rel1.win32_1.1.0.202410251130/tools/bin/../lib/gcc/arm-none-eabi/12.3.1/thumb/v7e-m+dp/hard/crtbegin.o
                [!provide]                        PROVIDE (__fini_array_end = .)
                0x080080a8                        . = ALIGN (0x4)
                0x080080a8                        _sidata = LOADADDR (.data)

.rel.dyn        0x080080a8        0x0
 .rel.iplt      0x080080a8        0x0 D:/STM32CubeIDE_1.16.1/STM32CubeIDE/plugins/com.st.stm32cube.ide.mcu.externaltools.gnu-tools-for-stm32.12.3.rel1.win32_1.1.0.202410251130/tools/bin/../lib/gcc/arm-none-eabi/12.3.1/thumb/v7e-m+dp/hard/crtbegin.o

.data           0x20000000       0x6c load address 0x080080a8
                0x20000000                        . = ALIGN (0x4)
                0x20000000                        _sdata = .
 *(.data)
 *(.data*)
 .data.SystemCoreClock
                0x20000000        0x4 ./Core/Src/system_stm32f7xx.o
                0x20000000                SystemCoreClock
 .data.uwTickPrio
                0x20000004        0x4 ./Drivers/STM32F7xx_HAL_Driver/Src/stm32f7xx_hal.o
                0x20000004                uwTickPrio
 .data.uwTickFreq
                0x20000008        0x1 ./Drivers/STM32F7xx_HAL_Driver/Src/stm32f7xx_hal.o
                0x20000008                uwTickFreq
 *fill*         0x20000009        0x3 
 .data.uxTopUsedPriority
                0x2000000c        0x4 ./ThirdParty/FreeRTOS/tasks.o
 .data.uxCriticalNesting
                0x20000010        0x4 ./ThirdParty/FreeRTOS/portable/GCC/ARM_CM7/r0p1/port.o
 .data._SVInfo  0x20000014        0x8 ./ThirdParty/Segger/Rec/segger_uart.o
 .data._impure_ptr
                0x2000001c        0x4 D:/STM32CubeIDE_1.16.1/STM32CubeIDE/plugins/com.st.stm32cube.ide.mcu.externaltools.gnu-tools-for-stm32.12.3.rel1.win32_1.1.0.202410251130/tools/bin/../lib/gcc/arm-none-eabi/12.3.1/../../../../arm-none-eabi/lib/thumb/v7e-m+dp/hard\libc_nano.a(libc_a-impure.o)
                0x2000001c                _impure_ptr
 .data._impure_data
                0x20000020       0x4c D:/STM32CubeIDE_1.16.1/STM32CubeIDE/plugins/com.st.stm32cube.ide.mcu.externaltools.gnu-tools-for-stm32.12.3.rel1.win32_1.1.0.202410251130/tools/bin/../lib/gcc/arm-none-eabi/12.3.1/../../../../arm-none-eabi/lib/thumb/v7e-m+dp/hard\libc_nano.a(libc_a-impure.o)
                0x20000020                _impure_data
 *(.RamFunc)
 *(.RamFunc*)
                0x2000006c                        . = ALIGN (0x4)
                0x2000006c                        _edata = .

.igot.plt       0x2000006c        0x0 load address 0x08008114
 .igot.plt      0x2000006c        0x0 D:/STM32CubeIDE_1.16.1/STM32CubeIDE/plugins/com.st.stm32cube.ide.mcu.externaltools.gnu-tools-for-stm32.12.3.rel1.win32_1.1.0.202410251130/tools/bin/../lib/gcc/arm-none-eabi/12.3.1/thumb/v7e-m+dp/hard/crtbegin.o
                0x2000006c                        . = ALIGN (0x4)

.bss            0x2000006c     0xc5dc load address 0x08008114
                0x2000006c                        _sbss = .
                0x2000006c                        __bss_start__ = _sbss
 *(.bss)
 .bss           0x2000006c       0x1c D:/STM32CubeIDE_1.16.1/STM32CubeIDE/plugins/com.st.stm32cube.ide.mcu.externaltools.gnu-tools-for-stm32.12.3.rel1.win32_1.1.0.202410251130/tools/bin/../lib/gcc/arm-none-eabi/12.3.1/thumb/v7e-m+dp/hard/crtbegin.o
 *(.bss*)
 .bss.htim6     0x20000088       0x4c ./Core/Src/stm32f7xx_hal_timebase_tim.o
                0x20000088                htim6
 .bss.uwTick    0x200000d4        0x4 ./Drivers/STM32F7xx_HAL_Driver/Src/stm32f7xx_hal.o
                0x200000d4                uwTick
 .bss.xQueueRegistry
                0x200000d8       0x40 ./ThirdParty/FreeRTOS/queue.o
                0x200000d8                xQueueRegistry
 .bss.pxCurrentTCB
                0x20000118        0x4 ./ThirdParty/FreeRTOS/tasks.o
                0x20000118                pxCurrentTCB
 .bss.pxReadyTasksLists
                0x2000011c       0x64 ./ThirdParty/FreeRTOS/tasks.o
 .bss.xDelayedTaskList1
                0x20000180       0x14 ./ThirdParty/FreeRTOS/tasks.o
 .bss.xDelayedTaskList2
                0x20000194       0x14 ./ThirdParty/FreeRTOS/tasks.o
 .bss.pxDelayedTaskList
                0x200001a8        0x4 ./ThirdParty/FreeRTOS/tasks.o
 .bss.pxOverflowDelayedTaskList
                0x200001ac        0x4 ./ThirdParty/FreeRTOS/tasks.o
 .bss.xPendingReadyList
                0x200001b0       0x14 ./ThirdParty/FreeRTOS/tasks.o
 .bss.xTasksWaitingTermination
                0x200001c4       0x14 ./ThirdParty/FreeRTOS/tasks.o
 .bss.uxDeletedTasksWaitingCleanUp
                0x200001d8        0x4 ./ThirdParty/FreeRTOS/tasks.o
 .bss.xSuspendedTaskList
                0x200001dc       0x14 ./ThirdParty/FreeRTOS/tasks.o
 .bss.uxCurrentNumberOfTasks
                0x200001f0        0x4 ./ThirdParty/FreeRTOS/tasks.o
 .bss.xTickCount
                0x200001f4        0x4 ./ThirdParty/FreeRTOS/tasks.o
 .bss.uxTopReadyPriority
                0x200001f8        0x4 ./ThirdParty/FreeRTOS/tasks.o
 .bss.xSchedulerRunning
                0x200001fc        0x4 ./ThirdParty/FreeRTOS/tasks.o
 .bss.xPendedTicks
                0x20000200        0x4 ./ThirdParty/FreeRTOS/tasks.o
 .bss.xYieldPendings
                0x20000204        0x4 ./ThirdParty/FreeRTOS/tasks.o
 .bss.xNumOfOverflows
                0x20000208        0x4 ./ThirdParty/FreeRTOS/tasks.o
 .bss.uxTaskNumber
                0x2000020c        0x4 ./ThirdParty/FreeRTOS/tasks.o
 .bss.xNextTaskUnblockTime
                0x20000210        0x4 ./ThirdParty/FreeRTOS/tasks.o
 .bss.xIdleTaskHandles
                0x20000214        0x4 ./ThirdParty/FreeRTOS/tasks.o
 .bss.uxSchedulerSuspended
                0x20000218        0x4 ./ThirdParty/FreeRTOS/tasks.o
 .bss.xActiveTimerList1
                0x2000021c       0x14 ./ThirdParty/FreeRTOS/timers.o
 .bss.xActiveTimerList2
                0x20000230       0x14 ./ThirdParty/FreeRTOS/timers.o
 .bss.pxCurrentTimerList
                0x20000244        0x4 ./ThirdParty/FreeRTOS/timers.o
 .bss.pxOverflowTimerList
                0x20000248        0x4 ./ThirdParty/FreeRTOS/timers.o
 .bss.xTimerQueue
                0x2000024c        0x4 ./ThirdParty/FreeRTOS/timers.o
 .bss.xTimerTaskHandle
                0x20000250        0x4 ./ThirdParty/FreeRTOS/timers.o
 .bss.xLastTime.0
                0x20000254        0x4 ./ThirdParty/FreeRTOS/timers.o
 .bss.ucMaxSysCallPriority
                0x20000258        0x1 ./ThirdParty/FreeRTOS/portable/GCC/ARM_CM7/r0p1/port.o
 *fill*         0x20000259        0x3 
 .bss.ulMaxPRIGROUPValue
                0x2000025c        0x4 ./ThirdParty/FreeRTOS/portable/GCC/ARM_CM7/r0p1/port.o
 .bss.ucHeap    0x20000260     0xb800 ./ThirdParty/FreeRTOS/portable/MemMang/heap_4.o
 .bss.xStart    0x2000ba60        0x8 ./ThirdParty/FreeRTOS/portable/MemMang/heap_4.o
 .bss.pxEnd     0x2000ba68        0x4 ./ThirdParty/FreeRTOS/portable/MemMang/heap_4.o
 .bss.xFreeBytesRemaining
                0x2000ba6c        0x4 ./ThirdParty/FreeRTOS/portable/MemMang/heap_4.o
 .bss.xMinimumEverFreeBytesRemaining
                0x2000ba70        0x4 ./ThirdParty/FreeRTOS/portable/MemMang/heap_4.o
 .bss.xNumberOfSuccessfulAllocations
                0x2000ba74        0x4 ./ThirdParty/FreeRTOS/portable/MemMang/heap_4.o
 .bss.xNumberOfSuccessfulFrees
                0x2000ba78        0x4 ./ThirdParty/FreeRTOS/portable/MemMang/heap_4.o
 .bss._aTasks   0x2000ba7c       0xa0 ./ThirdParty/Segger/OS/SEGGER_SYSVIEW_FreeRTOS.o
 .bss._NumTasks
                0x2000bb1c        0x4 ./ThirdParty/Segger/OS/SEGGER_SYSVIEW_FreeRTOS.o
 .bss._cbOnRx   0x2000bb20        0x4 ./ThirdParty/Segger/Rec/segger_uart.o
 .bss._cbOnTx   0x2000bb24        0x4 ./ThirdParty/Segger/Rec/segger_uart.o
 .bss._SEGGER_RTT
                0x2000bb28       0xa8 ./ThirdParty/Segger/Segger/SEGGER_RTT.o
                0x2000bb28                _SEGGER_RTT
 .bss._acUpBuffer
                0x2000bbd0      0x400 ./ThirdParty/Segger/Segger/SEGGER_RTT.o
 .bss._acDownBuffer
                0x2000bfd0       0x10 ./ThirdParty/Segger/Segger/SEGGER_RTT.o
 .bss._UpBuffer
                0x2000bfe0      0x400 ./ThirdParty/Segger/Segger/SEGGER_SYSVIEW.o
 .bss._DownBuffer
                0x2000c3e0        0x8 ./ThirdParty/Segger/Segger/SEGGER_SYSVIEW.o
 .bss._SYSVIEW_Globals
                0x2000c3e8       0x28 ./ThirdParty/Segger/Segger/SEGGER_SYSVIEW.o
 .bss._pFirstModule
                0x2000c410        0x4 ./ThirdParty/Segger/Segger/SEGGER_SYSVIEW.o
 .bss._NumModules
                0x2000c414        0x1 ./ThirdParty/Segger/Segger/SEGGER_SYSVIEW.o
 *fill*         0x2000c415        0x3 
 .bss._aPacket  0x2000c418       0xe3 ./ThirdParty/Segger/Segger/SEGGER_SYSVIEW.o
 *fill*         0x2000c4fb        0x1 
 .bss.__sf      0x2000c4fc      0x138 D:/STM32CubeIDE_1.16.1/STM32CubeIDE/plugins/com.st.stm32cube.ide.mcu.externaltools.gnu-tools-for-stm32.12.3.rel1.win32_1.1.0.202410251130/tools/bin/../lib/gcc/arm-none-eabi/12.3.1/../../../../arm-none-eabi/lib/thumb/v7e-m+dp/hard\libc_nano.a(libc_a-findfp.o)
                0x2000c4fc                __sf
 .bss.errno     0x2000c634        0x4 D:/STM32CubeIDE_1.16.1/STM32CubeIDE/plugins/com.st.stm32cube.ide.mcu.externaltools.gnu-tools-for-stm32.12.3.rel1.win32_1.1.0.202410251130/tools/bin/../lib/gcc/arm-none-eabi/12.3.1/../../../../arm-none-eabi/lib/thumb/v7e-m+dp/hard\libc_nano.a(libc_a-reent.o)
                0x2000c634                errno
 .bss.__lock___malloc_recursive_mutex
                0x2000c638        0x1 D:/STM32CubeIDE_1.16.1/STM32CubeIDE/plugins/com.st.stm32cube.ide.mcu.externaltools.gnu-tools-for-stm32.12.3.rel1.win32_1.1.0.202410251130/tools/bin/../lib/gcc/arm-none-eabi/12.3.1/../../../../arm-none-eabi/lib/thumb/v7e-m+dp/hard\libc_nano.a(libc_a-lock.o)
                0x2000c638                __lock___malloc_recursive_mutex
 *fill*         0x2000c639        0x3 
 .bss.__malloc_sbrk_start
                0x2000c63c        0x4 D:/STM32CubeIDE_1.16.1/STM32CubeIDE/plugins/com.st.stm32cube.ide.mcu.externaltools.gnu-tools-for-stm32.12.3.rel1.win32_1.1.0.202410251130/tools/bin/../lib/gcc/arm-none-eabi/12.3.1/../../../../arm-none-eabi/lib/thumb/v7e-m+dp/hard\libc_nano.a(libc_a-mallocr.o)
                0x2000c63c                __malloc_sbrk_start
 .bss.__malloc_free_list
                0x2000c640        0x4 D:/STM32CubeIDE_1.16.1/STM32CubeIDE/plugins/com.st.stm32cube.ide.mcu.externaltools.gnu-tools-for-stm32.12.3.rel1.win32_1.1.0.202410251130/tools/bin/../lib/gcc/arm-none-eabi/12.3.1/../../../../arm-none-eabi/lib/thumb/v7e-m+dp/hard\libc_nano.a(libc_a-mallocr.o)
                0x2000c640                __malloc_free_list
 .bss.heap_end.0
                0x2000c644        0x4 D:/STM32CubeIDE_1.16.1/STM32CubeIDE/plugins/com.st.stm32cube.ide.mcu.externaltools.gnu-tools-for-stm32.12.3.rel1.win32_1.1.0.202410251130/tools/bin/../lib/gcc/arm-none-eabi/12.3.1/../../../../arm-none-eabi/lib/thumb/v7e-m+dp/hard\libnosys.a(sbrk.o)
 *(COMMON)
                0x2000c648                        . = ALIGN (0x4)
                0x2000c648                        _ebss = .
                0x2000c648                        __bss_end__ = _ebss

._user_heap_stack
                0x2000c648      0x600 load address 0x08008114
                0x2000c648                        . = ALIGN (0x8)
                0x2000c648                        PROVIDE (end = .)
                [!provide]                        PROVIDE (_end = .)
                0x2000c848                        . = (. + _Min_Heap_Size)
 *fill*         0x2000c648      0x200 
                0x2000cc48                        . = (. + _Min_Stack_Size)
 *fill*         0x2000c848      0x400 
                0x2000cc48                        . = ALIGN (0x8)

/DISCARD/
 libc.a(*)
 libm.a(*)
 libgcc.a(*)

.ARM.attributes
                0x00000000       0x2e
 *(.ARM.attributes)
 .ARM.attributes
                0x00000000       0x20 D:/STM32CubeIDE_1.16.1/STM32CubeIDE/plugins/com.st.stm32cube.ide.mcu.externaltools.gnu-tools-for-stm32.12.3.rel1.win32_1.1.0.202410251130/tools/bin/../lib/gcc/arm-none-eabi/12.3.1/thumb/v7e-m+dp/hard/crti.o
 .ARM.attributes
                0x00000020       0x32 D:/STM32CubeIDE_1.16.1/STM32CubeIDE/plugins/com.st.stm32cube.ide.mcu.externaltools.gnu-tools-for-stm32.12.3.rel1.win32_1.1.0.202410251130/tools/bin/../lib/gcc/arm-none-eabi/12.3.1/thumb/v7e-m+dp/hard/crtbegin.o
 .ARM.attributes
                0x00000052       0x32 ./Core/Src/main.o
 .ARM.attributes
                0x00000084       0x32 ./Core/Src/stm32f7xx_hal_msp.o
 .ARM.attributes
                0x000000b6       0x32 ./Core/Src/stm32f7xx_hal_timebase_tim.o
 .ARM.attributes
                0x000000e8       0x32 ./Core/Src/stm32f7xx_it.o
 .ARM.attributes
                0x0000011a       0x32 ./Core/Src/system_stm32f7xx.o
 .ARM.attributes
                0x0000014c       0x21 ./Core/Startup/startup_stm32f767zitx.o
 .ARM.attributes
                0x0000016d       0x32 ./Drivers/STM32F7xx_HAL_Driver/Src/stm32f7xx_hal.o
 .ARM.attributes
                0x0000019f       0x32 ./Drivers/STM32F7xx_HAL_Driver/Src/stm32f7xx_hal_cortex.o
 .ARM.attributes
                0x000001d1       0x32 ./Drivers/STM32F7xx_HAL_Driver/Src/stm32f7xx_hal_gpio.o
 .ARM.attributes
                0x00000203       0x32 ./Drivers/STM32F7xx_HAL_Driver/Src/stm32f7xx_hal_rcc.o
 .ARM.attributes
                0x00000235       0x32 ./Drivers/STM32F7xx_HAL_Driver/Src/stm32f7xx_hal_tim.o
 .ARM.attributes
                0x00000267       0x32 ./Drivers/STM32F7xx_HAL_Driver/Src/stm32f7xx_hal_tim_ex.o
 .ARM.attributes
                0x00000299       0x32 ./ThirdParty/FreeRTOS/list.o
 .ARM.attributes
                0x000002cb       0x32 ./ThirdParty/FreeRTOS/queue.o
 .ARM.attributes
                0x000002fd       0x32 ./ThirdParty/FreeRTOS/tasks.o
 .ARM.attributes
                0x0000032f       0x32 ./ThirdParty/FreeRTOS/timers.o
 .ARM.attributes
                0x00000361       0x32 ./ThirdParty/FreeRTOS/portable/GCC/ARM_CM7/r0p1/port.o
 .ARM.attributes
                0x00000393       0x32 ./ThirdParty/FreeRTOS/portable/MemMang/heap_4.o
 .ARM.attributes
                0x000003c5       0x32 ./ThirdParty/Segger/Config/SEGGER_SYSVIEW_Config_FreeRTOS.o
 .ARM.attributes
                0x000003f7       0x32 ./ThirdParty/Segger/OS/SEGGER_SYSVIEW_FreeRTOS.o
 .ARM.attributes
                0x00000429       0x32 ./ThirdParty/Segger/Rec/segger_uart.o
 .ARM.attributes
                0x0000045b       0x32 ./ThirdParty/Segger/Segger/SEGGER_RTT.o
 .ARM.attributes
                0x0000048d       0x1e ./ThirdParty/Segger/Segger/SEGGER_RTT_ASM_ARMv7M.o
 .ARM.attributes
                0x000004ab       0x32 ./ThirdParty/Segger/Segger/SEGGER_SYSVIEW.o
 .ARM.attributes
                0x000004dd       0x32 D:/STM32CubeIDE_1.16.1/STM32CubeIDE/plugins/com.st.stm32cube.ide.mcu.externaltools.gnu-tools-for-stm32.12.3.rel1.win32_1.1.0.202410251130/tools/bin/../lib/gcc/arm-none-eabi/12.3.1/../../../../arm-none-eabi/lib/thumb/v7e-m+dp/hard\libc_nano.a(libc_a-findfp.o)
 .ARM.attributes
                0x0000050f       0x32 D:/STM32CubeIDE_1.16.1/STM32CubeIDE/plugins/com.st.stm32cube.ide.mcu.externaltools.gnu-tools-for-stm32.12.3.rel1.win32_1.1.0.202410251130/tools/bin/../lib/gcc/arm-none-eabi/12.3.1/../../../../arm-none-eabi/lib/thumb/v7e-m+dp/hard\libc_nano.a(libc_a-snprintf.o)
 .ARM.attributes
                0x00000541       0x32 D:/STM32CubeIDE_1.16.1/STM32CubeIDE/plugins/com.st.stm32cube.ide.mcu.externaltools.gnu-tools-for-stm32.12.3.rel1.win32_1.1.0.202410251130/tools/bin/../lib/gcc/arm-none-eabi/12.3.1/../../../../arm-none-eabi/lib/thumb/v7e-m+dp/hard\libc_nano.a(libc_a-memcmp.o)
 .ARM.attributes
                0x00000573       0x32 D:/STM32CubeIDE_1.16.1/STM32CubeIDE/plugins/com.st.stm32cube.ide.mcu.externaltools.gnu-tools-for-stm32.12.3.rel1.win32_1.1.0.202410251130/tools/bin/../lib/gcc/arm-none-eabi/12.3.1/../../../../arm-none-eabi/lib/thumb/v7e-m+dp/hard\libc_nano.a(libc_a-memset.o)
 .ARM.attributes
                0x000005a5       0x32 D:/STM32CubeIDE_1.16.1/STM32CubeIDE/plugins/com.st.stm32cube.ide.mcu.externaltools.gnu-tools-for-stm32.12.3.rel1.win32_1.1.0.202410251130/tools/bin/../lib/gcc/arm-none-eabi/12.3.1/../../../../arm-none-eabi/lib/thumb/v7e-m+dp/hard\libc_nano.a(libc_a-reent.o)
 .ARM.attributes
                0x000005d7       0x32 D:/STM32CubeIDE_1.16.1/STM32CubeIDE/plugins/com.st.stm32cube.ide.mcu.externaltools.gnu-tools-for-stm32.12.3.rel1.win32_1.1.0.202410251130/tools/bin/../lib/gcc/arm-none-eabi/12.3.1/../../../../arm-none-eabi/lib/thumb/v7e-m+dp/hard\libc_nano.a(libc_a-impure.o)
 .ARM.attributes
                0x00000609       0x32 D:/STM32CubeIDE_1.16.1/STM32CubeIDE/plugins/com.st.stm32cube.ide.mcu.externaltools.gnu-tools-for-stm32.12.3.rel1.win32_1.1.0.202410251130/tools/bin/../lib/gcc/arm-none-eabi/12.3.1/../../../../arm-none-eabi/lib/thumb/v7e-m+dp/hard\libc_nano.a(libc_a-init.o)
 .ARM.attributes
                0x0000063b       0x32 D:/STM32CubeIDE_1.16.1/STM32CubeIDE/plugins/com.st.stm32cube.ide.mcu.externaltools.gnu-tools-for-stm32.12.3.rel1.win32_1.1.0.202410251130/tools/bin/../lib/gcc/arm-none-eabi/12.3.1/../../../../arm-none-eabi/lib/thumb/v7e-m+dp/hard\libc_nano.a(libc_a-lock.o)
 .ARM.attributes
                0x0000066d       0x32 D:/STM32CubeIDE_1.16.1/STM32CubeIDE/plugins/com.st.stm32cube.ide.mcu.externaltools.gnu-tools-for-stm32.12.3.rel1.win32_1.1.0.202410251130/tools/bin/../lib/gcc/arm-none-eabi/12.3.1/../../../../arm-none-eabi/lib/thumb/v7e-m+dp/hard\libc_nano.a(libc_a-memcpy-stub.o)
 .ARM.attributes
                0x0000069f       0x32 D:/STM32CubeIDE_1.16.1/STM32CubeIDE/plugins/com.st.stm32cube.ide.mcu.externaltools.gnu-tools-for-stm32.12.3.rel1.win32_1.1.0.202410251130/tools/bin/../lib/gcc/arm-none-eabi/12.3.1/../../../../arm-none-eabi/lib/thumb/v7e-m+dp/hard\libc_nano.a(libc_a-freer.o)
 .ARM.attributes
                0x000006d1       0x32 D:/STM32CubeIDE_1.16.1/STM32CubeIDE/plugins/com.st.stm32cube.ide.mcu.externaltools.gnu-tools-for-stm32.12.3.rel1.win32_1.1.0.202410251130/tools/bin/../lib/gcc/arm-none-eabi/12.3.1/../../../../arm-none-eabi/lib/thumb/v7e-m+dp/hard\libc_nano.a(libc_a-mallocr.o)
 .ARM.attributes
                0x00000703       0x32 D:/STM32CubeIDE_1.16.1/STM32CubeIDE/plugins/com.st.stm32cube.ide.mcu.externaltools.gnu-tools-for-stm32.12.3.rel1.win32_1.1.0.202410251130/tools/bin/../lib/gcc/arm-none-eabi/12.3.1/../../../../arm-none-eabi/lib/thumb/v7e-m+dp/hard\libc_nano.a(libc_a-mlock.o)
 .ARM.attributes
                0x00000735       0x32 D:/STM32CubeIDE_1.16.1/STM32CubeIDE/plugins/com.st.stm32cube.ide.mcu.externaltools.gnu-tools-for-stm32.12.3.rel1.win32_1.1.0.202410251130/tools/bin/../lib/gcc/arm-none-eabi/12.3.1/../../../../arm-none-eabi/lib/thumb/v7e-m+dp/hard\libc_nano.a(libc_a-nano-svfprintf.o)
 .ARM.attributes
                0x00000767       0x32 D:/STM32CubeIDE_1.16.1/STM32CubeIDE/plugins/com.st.stm32cube.ide.mcu.externaltools.gnu-tools-for-stm32.12.3.rel1.win32_1.1.0.202410251130/tools/bin/../lib/gcc/arm-none-eabi/12.3.1/../../../../arm-none-eabi/lib/thumb/v7e-m+dp/hard\libc_nano.a(libc_a-nano-vfprintf_i.o)
 .ARM.attributes
                0x00000799       0x32 D:/STM32CubeIDE_1.16.1/STM32CubeIDE/plugins/com.st.stm32cube.ide.mcu.externaltools.gnu-tools-for-stm32.12.3.rel1.win32_1.1.0.202410251130/tools/bin/../lib/gcc/arm-none-eabi/12.3.1/../../../../arm-none-eabi/lib/thumb/v7e-m+dp/hard\libc_nano.a(libc_a-memmove.o)
 .ARM.attributes
                0x000007cb       0x32 D:/STM32CubeIDE_1.16.1/STM32CubeIDE/plugins/com.st.stm32cube.ide.mcu.externaltools.gnu-tools-for-stm32.12.3.rel1.win32_1.1.0.202410251130/tools/bin/../lib/gcc/arm-none-eabi/12.3.1/../../../../arm-none-eabi/lib/thumb/v7e-m+dp/hard\libc_nano.a(libc_a-sbrkr.o)
 .ARM.attributes
                0x000007fd       0x1c D:/STM32CubeIDE_1.16.1/STM32CubeIDE/plugins/com.st.stm32cube.ide.mcu.externaltools.gnu-tools-for-stm32.12.3.rel1.win32_1.1.0.202410251130/tools/bin/../lib/gcc/arm-none-eabi/12.3.1/../../../../arm-none-eabi/lib/thumb/v7e-m+dp/hard\libc_nano.a(libc_a-memchr.o)
 .ARM.attributes
                0x00000819       0x32 D:/STM32CubeIDE_1.16.1/STM32CubeIDE/plugins/com.st.stm32cube.ide.mcu.externaltools.gnu-tools-for-stm32.12.3.rel1.win32_1.1.0.202410251130/tools/bin/../lib/gcc/arm-none-eabi/12.3.1/../../../../arm-none-eabi/lib/thumb/v7e-m+dp/hard\libc_nano.a(libc_a-reallocr.o)
 .ARM.attributes
                0x0000084b       0x32 D:/STM32CubeIDE_1.16.1/STM32CubeIDE/plugins/com.st.stm32cube.ide.mcu.externaltools.gnu-tools-for-stm32.12.3.rel1.win32_1.1.0.202410251130/tools/bin/../lib/gcc/arm-none-eabi/12.3.1/../../../../arm-none-eabi/lib/thumb/v7e-m+dp/hard\libc_nano.a(libc_a-msizer.o)
 .ARM.attributes
                0x0000087d       0x20 D:/STM32CubeIDE_1.16.1/STM32CubeIDE/plugins/com.st.stm32cube.ide.mcu.externaltools.gnu-tools-for-stm32.12.3.rel1.win32_1.1.0.202410251130/tools/bin/../lib/gcc/arm-none-eabi/12.3.1/thumb/v7e-m+dp/hard\libgcc.a(_aeabi_uldivmod.o)
 .ARM.attributes
                0x0000089d       0x32 D:/STM32CubeIDE_1.16.1/STM32CubeIDE/plugins/com.st.stm32cube.ide.mcu.externaltools.gnu-tools-for-stm32.12.3.rel1.win32_1.1.0.202410251130/tools/bin/../lib/gcc/arm-none-eabi/12.3.1/thumb/v7e-m+dp/hard\libgcc.a(_udivmoddi4.o)
 .ARM.attributes
                0x000008cf       0x20 D:/STM32CubeIDE_1.16.1/STM32CubeIDE/plugins/com.st.stm32cube.ide.mcu.externaltools.gnu-tools-for-stm32.12.3.rel1.win32_1.1.0.202410251130/tools/bin/../lib/gcc/arm-none-eabi/12.3.1/thumb/v7e-m+dp/hard\libgcc.a(_dvmd_tls.o)
 .ARM.attributes
                0x000008ef       0x32 D:/STM32CubeIDE_1.16.1/STM32CubeIDE/plugins/com.st.stm32cube.ide.mcu.externaltools.gnu-tools-for-stm32.12.3.rel1.win32_1.1.0.202410251130/tools/bin/../lib/gcc/arm-none-eabi/12.3.1/../../../../arm-none-eabi/lib/thumb/v7e-m+dp/hard\libnosys.a(sbrk.o)
 .ARM.attributes
                0x00000921       0x20 D:/STM32CubeIDE_1.16.1/STM32CubeIDE/plugins/com.st.stm32cube.ide.mcu.externaltools.gnu-tools-for-stm32.12.3.rel1.win32_1.1.0.202410251130/tools/bin/../lib/gcc/arm-none-eabi/12.3.1/thumb/v7e-m+dp/hard/crtn.o
OUTPUT(001_TaskCreate.elf elf32-littlearm)
LOAD linker stubs
LOAD D:/STM32CubeIDE_1.16.1/STM32CubeIDE/plugins/com.st.stm32cube.ide.mcu.externaltools.gnu-tools-for-stm32.12.3.rel1.win32_1.1.0.202410251130/tools/bin/../lib/gcc/arm-none-eabi/12.3.1/../../../../arm-none-eabi/lib/thumb/v7e-m+dp/hard\libc.a
LOAD D:/STM32CubeIDE_1.16.1/STM32CubeIDE/plugins/com.st.stm32cube.ide.mcu.externaltools.gnu-tools-for-stm32.12.3.rel1.win32_1.1.0.202410251130/tools/bin/../lib/gcc/arm-none-eabi/12.3.1/../../../../arm-none-eabi/lib/thumb/v7e-m+dp/hard\libm.a
LOAD D:/STM32CubeIDE_1.16.1/STM32CubeIDE/plugins/com.st.stm32cube.ide.mcu.externaltools.gnu-tools-for-stm32.12.3.rel1.win32_1.1.0.202410251130/tools/bin/../lib/gcc/arm-none-eabi/12.3.1/thumb/v7e-m+dp/hard\libgcc.a

.debug_info     0x00000000    0x160b9
 .debug_info    0x00000000      0xf6d ./Core/Src/main.o
 .debug_info    0x00000f6d      0x28d ./Core/Src/stm32f7xx_hal_msp.o
 .debug_info    0x000011fa      0xd1d ./Core/Src/stm32f7xx_hal_timebase_tim.o
 .debug_info    0x00001f17      0x70e ./Core/Src/stm32f7xx_it.o
 .debug_info    0x00002625      0x6ed ./Core/Src/system_stm32f7xx.o
 .debug_info    0x00002d12       0x30 ./Core/Startup/startup_stm32f767zitx.o
 .debug_info    0x00002d42      0xa4c ./Drivers/STM32F7xx_HAL_Driver/Src/stm32f7xx_hal.o
 .debug_info    0x0000378e      0xfc0 ./Drivers/STM32F7xx_HAL_Driver/Src/stm32f7xx_hal_cortex.o
 .debug_info    0x0000474e      0x6f3 ./Drivers/STM32F7xx_HAL_Driver/Src/stm32f7xx_hal_gpio.o
 .debug_info    0x00004e41      0x937 ./Drivers/STM32F7xx_HAL_Driver/Src/stm32f7xx_hal_rcc.o
 .debug_info    0x00005778     0x2ad5 ./Drivers/STM32F7xx_HAL_Driver/Src/stm32f7xx_hal_tim.o
 .debug_info    0x0000824d     0x16bb ./Drivers/STM32F7xx_HAL_Driver/Src/stm32f7xx_hal_tim_ex.o
 .debug_info    0x00009908      0x2d1 ./ThirdParty/FreeRTOS/list.o
 .debug_info    0x00009bd9     0x1b57 ./ThirdParty/FreeRTOS/queue.o
 .debug_info    0x0000b730     0x2a99 ./ThirdParty/FreeRTOS/tasks.o
 .debug_info    0x0000e1c9     0x10fd ./ThirdParty/FreeRTOS/timers.o
 .debug_info    0x0000f2c6      0x551 ./ThirdParty/FreeRTOS/portable/GCC/ARM_CM7/r0p1/port.o
 .debug_info    0x0000f817      0x5d7 ./ThirdParty/FreeRTOS/portable/MemMang/heap_4.o
 .debug_info    0x0000fdee      0x174 ./ThirdParty/Segger/Config/SEGGER_SYSVIEW_Config_FreeRTOS.o
 .debug_info    0x0000ff62      0x41b ./ThirdParty/Segger/OS/SEGGER_SYSVIEW_FreeRTOS.o
 .debug_info    0x0001037d      0xafb ./ThirdParty/Segger/Rec/segger_uart.o
 .debug_info    0x00010e78     0x14d5 ./ThirdParty/Segger/Segger/SEGGER_RTT.o
 .debug_info    0x0001234d       0x25 ./ThirdParty/Segger/Segger/SEGGER_RTT_ASM_ARMv7M.o
 .debug_info    0x00012372     0x3d47 ./ThirdParty/Segger/Segger/SEGGER_SYSVIEW.o

.debug_abbrev   0x00000000     0x3120
 .debug_abbrev  0x00000000      0x2d3 ./Core/Src/main.o
 .debug_abbrev  0x000002d3       0xd8 ./Core/Src/stm32f7xx_hal_msp.o
 .debug_abbrev  0x000003ab      0x1f4 ./Core/Src/stm32f7xx_hal_timebase_tim.o
 .debug_abbrev  0x0000059f      0x17d ./Core/Src/stm32f7xx_it.o
 .debug_abbrev  0x0000071c      0x13b ./Core/Src/system_stm32f7xx.o
 .debug_abbrev  0x00000857       0x24 ./Core/Startup/startup_stm32f767zitx.o
 .debug_abbrev  0x0000087b      0x213 ./Drivers/STM32F7xx_HAL_Driver/Src/stm32f7xx_hal.o
 .debug_abbrev  0x00000a8e      0x31e ./Drivers/STM32F7xx_HAL_Driver/Src/stm32f7xx_hal_cortex.o
 .debug_abbrev  0x00000dac      0x1d4 ./Drivers/STM32F7xx_HAL_Driver/Src/stm32f7xx_hal_gpio.o
 .debug_abbrev  0x00000f80      0x2de ./Drivers/STM32F7xx_HAL_Driver/Src/stm32f7xx_hal_rcc.o
 .debug_abbrev  0x0000125e      0x278 ./Drivers/STM32F7xx_HAL_Driver/Src/stm32f7xx_hal_tim.o
 .debug_abbrev  0x000014d6      0x283 ./Drivers/STM32F7xx_HAL_Driver/Src/stm32f7xx_hal_tim_ex.o
 .debug_abbrev  0x00001759      0x10c ./ThirdParty/FreeRTOS/list.o
 .debug_abbrev  0x00001865      0x304 ./ThirdParty/FreeRTOS/queue.o
 .debug_abbrev  0x00001b69      0x3b7 ./ThirdParty/FreeRTOS/tasks.o
 .debug_abbrev  0x00001f20      0x2c4 ./ThirdParty/FreeRTOS/timers.o
 .debug_abbrev  0x000021e4      0x26a ./ThirdParty/FreeRTOS/portable/GCC/ARM_CM7/r0p1/port.o
 .debug_abbrev  0x0000244e      0x25a ./ThirdParty/FreeRTOS/portable/MemMang/heap_4.o
 .debug_abbrev  0x000026a8       0xe0 ./ThirdParty/Segger/Config/SEGGER_SYSVIEW_Config_FreeRTOS.o
 .debug_abbrev  0x00002788      0x191 ./ThirdParty/Segger/OS/SEGGER_SYSVIEW_FreeRTOS.o
 .debug_abbrev  0x00002919      0x2a3 ./ThirdParty/Segger/Rec/segger_uart.o
 .debug_abbrev  0x00002bbc      0x230 ./ThirdParty/Segger/Segger/SEGGER_RTT.o
 .debug_abbrev  0x00002dec       0x14 ./ThirdParty/Segger/Segger/SEGGER_RTT_ASM_ARMv7M.o
 .debug_abbrev  0x00002e00      0x320 ./ThirdParty/Segger/Segger/SEGGER_SYSVIEW.o

.debug_aranges  0x00000000     0x14c0
 .debug_aranges
                0x00000000       0x50 ./Core/Src/main.o
 .debug_aranges
                0x00000050       0x20 ./Core/Src/stm32f7xx_hal_msp.o
 .debug_aranges
                0x00000070       0x30 ./Core/Src/stm32f7xx_hal_timebase_tim.o
 .debug_aranges
                0x000000a0       0x50 ./Core/Src/stm32f7xx_it.o
 .debug_aranges
                0x000000f0       0x28 ./Core/Src/system_stm32f7xx.o
 .debug_aranges
                0x00000118       0x28 ./Core/Startup/startup_stm32f767zitx.o
 .debug_aranges
                0x00000140      0x110 ./Drivers/STM32F7xx_HAL_Driver/Src/stm32f7xx_hal.o
 .debug_aranges
                0x00000250      0x128 ./Drivers/STM32F7xx_HAL_Driver/Src/stm32f7xx_hal_cortex.o
 .debug_aranges
                0x00000378       0x58 ./Drivers/STM32F7xx_HAL_Driver/Src/stm32f7xx_hal_gpio.o
 .debug_aranges
                0x000003d0       0x88 ./Drivers/STM32F7xx_HAL_Driver/Src/stm32f7xx_hal_rcc.o
 .debug_aranges
                0x00000458      0x3e0 ./Drivers/STM32F7xx_HAL_Driver/Src/stm32f7xx_hal_tim.o
 .debug_aranges
                0x00000838      0x180 ./Drivers/STM32F7xx_HAL_Driver/Src/stm32f7xx_hal_tim_ex.o
 .debug_aranges
                0x000009b8       0x40 ./ThirdParty/FreeRTOS/list.o
 .debug_aranges
                0x000009f8      0x170 ./ThirdParty/FreeRTOS/queue.o
 .debug_aranges
                0x00000b68      0x250 ./ThirdParty/FreeRTOS/tasks.o
 .debug_aranges
                0x00000db8      0x108 ./ThirdParty/FreeRTOS/timers.o
 .debug_aranges
                0x00000ec0       0x80 ./ThirdParty/FreeRTOS/portable/GCC/ARM_CM7/r0p1/port.o
 .debug_aranges
                0x00000f40       0x68 ./ThirdParty/FreeRTOS/portable/MemMang/heap_4.o
 .debug_aranges
                0x00000fa8       0x28 ./ThirdParty/Segger/Config/SEGGER_SYSVIEW_Config_FreeRTOS.o
 .debug_aranges
                0x00000fd0       0x48 ./ThirdParty/Segger/OS/SEGGER_SYSVIEW_FreeRTOS.o
 .debug_aranges
                0x00001018       0x68 ./ThirdParty/Segger/Rec/segger_uart.o
 .debug_aranges
                0x00001080      0x138 ./ThirdParty/Segger/Segger/SEGGER_RTT.o
 .debug_aranges
                0x000011b8       0x20 ./ThirdParty/Segger/Segger/SEGGER_RTT_ASM_ARMv7M.o
 .debug_aranges
                0x000011d8      0x2e8 ./ThirdParty/Segger/Segger/SEGGER_SYSVIEW.o

.debug_rnglists
                0x00000000      0xff5
 .debug_rnglists
                0x00000000       0x3a ./Core/Src/main.o
 .debug_rnglists
                0x0000003a       0x13 ./Core/Src/stm32f7xx_hal_msp.o
 .debug_rnglists
                0x0000004d       0x20 ./Core/Src/stm32f7xx_hal_timebase_tim.o
 .debug_rnglists
                0x0000006d       0x37 ./Core/Src/stm32f7xx_it.o
 .debug_rnglists
                0x000000a4       0x1a ./Core/Src/system_stm32f7xx.o
 .debug_rnglists
                0x000000be       0x19 ./Core/Startup/startup_stm32f767zitx.o
 .debug_rnglists
                0x000000d7       0xc7 ./Drivers/STM32F7xx_HAL_Driver/Src/stm32f7xx_hal.o
 .debug_rnglists
                0x0000019e       0xda ./Drivers/STM32F7xx_HAL_Driver/Src/stm32f7xx_hal_cortex.o
 .debug_rnglists
                0x00000278       0x3f ./Drivers/STM32F7xx_HAL_Driver/Src/stm32f7xx_hal_gpio.o
 .debug_rnglists
                0x000002b7       0x67 ./Drivers/STM32F7xx_HAL_Driver/Src/stm32f7xx_hal_rcc.o
 .debug_rnglists
                0x0000031e      0x328 ./Drivers/STM32F7xx_HAL_Driver/Src/stm32f7xx_hal_tim.o
 .debug_rnglists
                0x00000646      0x138 ./Drivers/STM32F7xx_HAL_Driver/Src/stm32f7xx_hal_tim_ex.o
 .debug_rnglists
                0x0000077e       0x2b ./ThirdParty/FreeRTOS/list.o
 .debug_rnglists
                0x000007a9      0x11d ./ThirdParty/FreeRTOS/queue.o
 .debug_rnglists
                0x000008c6      0x1db ./ThirdParty/FreeRTOS/tasks.o
 .debug_rnglists
                0x00000aa1       0xc6 ./ThirdParty/FreeRTOS/timers.o
 .debug_rnglists
                0x00000b67       0x5d ./ThirdParty/FreeRTOS/portable/GCC/ARM_CM7/r0p1/port.o
 .debug_rnglists
                0x00000bc4       0x4e ./ThirdParty/FreeRTOS/portable/MemMang/heap_4.o
 .debug_rnglists
                0x00000c12       0x19 ./ThirdParty/Segger/Config/SEGGER_SYSVIEW_Config_FreeRTOS.o
 .debug_rnglists
                0x00000c2b       0x36 ./ThirdParty/Segger/OS/SEGGER_SYSVIEW_FreeRTOS.o
 .debug_rnglists
                0x00000c61       0x4b ./ThirdParty/Segger/Rec/segger_uart.o
 .debug_rnglists
                0x00000cac       0xf5 ./ThirdParty/Segger/Segger/SEGGER_RTT.o
 .debug_rnglists
                0x00000da1      0x254 ./ThirdParty/Segger/Segger/SEGGER_SYSVIEW.o

.debug_macro    0x00000000    0x2c0b8
 .debug_macro   0x00000000      0x394 ./Core/Src/main.o
 .debug_macro   0x00000394      0xacc ./Core/Src/main.o
 .debug_macro   0x00000e60      0x28d ./Core/Src/main.o
 .debug_macro   0x000010ed       0x2e ./Core/Src/main.o
 .debug_macro   0x0000111b       0x3b ./Core/Src/main.o
 .debug_macro   0x00001156       0x22 ./Core/Src/main.o
 .debug_macro   0x00001178       0x8e ./Core/Src/main.o
 .debug_macro   0x00001206       0x51 ./Core/Src/main.o
 .debug_macro   0x00001257      0x103 ./Core/Src/main.o
 .debug_macro   0x0000135a       0x6a ./Core/Src/main.o
 .debug_macro   0x000013c4      0x1df ./Core/Src/main.o
 .debug_macro   0x000015a3       0x1c ./Core/Src/main.o
 .debug_macro   0x000015bf       0x22 ./Core/Src/main.o
 .debug_macro   0x000015e1       0xd9 ./Core/Src/main.o
 .debug_macro   0x000016ba     0x12cd ./Core/Src/main.o
 .debug_macro   0x00002987      0x11f ./Core/Src/main.o
 .debug_macro   0x00002aa6       0x19 ./Core/Src/main.o
 .debug_macro   0x00002abf    0x1aa23 ./Core/Src/main.o
 .debug_macro   0x0001d4e2       0x6d ./Core/Src/main.o
 .debug_macro   0x0001d54f     0x3765 ./Core/Src/main.o
 .debug_macro   0x00020cb4      0x189 ./Core/Src/main.o
 .debug_macro   0x00020e3d       0x63 ./Core/Src/main.o
 .debug_macro   0x00020ea0     0x1add ./Core/Src/main.o
 .debug_macro   0x0002297d      0x6c4 ./Core/Src/main.o
 .debug_macro   0x00023041      0x18b ./Core/Src/main.o
 .debug_macro   0x000231cc      0x115 ./Core/Src/main.o
 .debug_macro   0x000232e1      0x26e ./Core/Src/main.o
 .debug_macro   0x0002354f       0xa5 ./Core/Src/main.o
 .debug_macro   0x000235f4      0x24f ./Core/Src/main.o
 .debug_macro   0x00023843       0x71 ./Core/Src/main.o
 .debug_macro   0x000238b4       0x58 ./Core/Src/main.o
 .debug_macro   0x0002390c      0x236 ./Core/Src/main.o
 .debug_macro   0x00023b42      0x14e ./Core/Src/main.o
 .debug_macro   0x00023c90      0x3db ./Core/Src/main.o
 .debug_macro   0x0002406b       0x12 ./Core/Src/main.o
 .debug_macro   0x0002407d      0x22c ./Core/Src/main.o
 .debug_macro   0x000242a9       0x61 ./Core/Src/main.o
 .debug_macro   0x0002430a       0xa5 ./Core/Src/main.o
 .debug_macro   0x000243af      0x12e ./Core/Src/main.o
 .debug_macro   0x000244dd      0x108 ./Core/Src/main.o
 .debug_macro   0x000245e5       0x35 ./Core/Src/main.o
 .debug_macro   0x0002461a      0xa91 ./Core/Src/main.o
 .debug_macro   0x000250ab       0xa9 ./Core/Src/main.o
 .debug_macro   0x00025154      0x15b ./Core/Src/main.o
 .debug_macro   0x000252af      0x13c ./Core/Src/main.o
 .debug_macro   0x000253eb       0x61 ./Core/Src/main.o
 .debug_macro   0x0002544c       0x29 ./Core/Src/main.o
 .debug_macro   0x00025475       0x43 ./Core/Src/main.o
 .debug_macro   0x000254b8       0x34 ./Core/Src/main.o
 .debug_macro   0x000254ec       0x16 ./Core/Src/main.o
 .debug_macro   0x00025502       0x35 ./Core/Src/main.o
 .debug_macro   0x00025537      0x369 ./Core/Src/main.o
 .debug_macro   0x000258a0       0x10 ./Core/Src/main.o
 .debug_macro   0x000258b0       0x16 ./Core/Src/main.o
 .debug_macro   0x000258c6       0x43 ./Core/Src/main.o
 .debug_macro   0x00025909       0x34 ./Core/Src/main.o
 .debug_macro   0x0002593d       0x10 ./Core/Src/main.o
 .debug_macro   0x0002594d       0x58 ./Core/Src/main.o
 .debug_macro   0x000259a5       0x8e ./Core/Src/main.o
 .debug_macro   0x00025a33       0x1c ./Core/Src/main.o
 .debug_macro   0x00025a4f      0x177 ./Core/Src/main.o
 .debug_macro   0x00025bc6       0x16 ./Core/Src/main.o
 .debug_macro   0x00025bdc       0x16 ./Core/Src/main.o
 .debug_macro   0x00025bf2      0x146 ./Core/Src/main.o
 .debug_macro   0x00025d38       0x16 ./Core/Src/main.o
 .debug_macro   0x00025d4e      0x13a ./Core/Src/main.o
 .debug_macro   0x00025e88       0x4c ./Core/Src/main.o
 .debug_macro   0x00025ed4       0x46 ./Core/Src/main.o
 .debug_macro   0x00025f1a       0x64 ./Core/Src/main.o
 .debug_macro   0x00025f7e       0x10 ./Core/Src/main.o
 .debug_macro   0x00025f8e       0x49 ./Core/Src/main.o
 .debug_macro   0x00025fd7       0xd1 ./Core/Src/main.o
 .debug_macro   0x000260a8      0x220 ./Core/Src/main.o
 .debug_macro   0x000262c8      0xf65 ./Core/Src/main.o
 .debug_macro   0x0002722d       0x1c ./Core/Src/main.o
 .debug_macro   0x00027249      0x182 ./Core/Src/main.o
 .debug_macro   0x000273cb       0xe7 ./Core/Src/main.o
 .debug_macro   0x000274b2       0x2e ./Core/Src/main.o
 .debug_macro   0x000274e0       0x1f ./Core/Src/main.o
 .debug_macro   0x000274ff       0x12 ./Core/Src/main.o
 .debug_macro   0x00027511      0xb93 ./Core/Src/main.o
 .debug_macro   0x000280a4       0xc3 ./Core/Src/main.o
 .debug_macro   0x00028167      0x14f ./Core/Src/main.o
 .debug_macro   0x000282b6      0x1de ./Core/Src/stm32f7xx_hal_msp.o
 .debug_macro   0x00028494      0x1cf ./Core/Src/stm32f7xx_hal_timebase_tim.o
 .debug_macro   0x00028663      0x1e8 ./Core/Src/stm32f7xx_it.o
 .debug_macro   0x0002884b      0x1cf ./Core/Src/system_stm32f7xx.o
 .debug_macro   0x00028a1a      0x1f3 ./Drivers/STM32F7xx_HAL_Driver/Src/stm32f7xx_hal.o
 .debug_macro   0x00028c0d      0x1cf ./Drivers/STM32F7xx_HAL_Driver/Src/stm32f7xx_hal_cortex.o
 .debug_macro   0x00028ddc      0x1d5 ./Drivers/STM32F7xx_HAL_Driver/Src/stm32f7xx_hal_gpio.o
 .debug_macro   0x00028fb1      0x1f3 ./Drivers/STM32F7xx_HAL_Driver/Src/stm32f7xx_hal_rcc.o
 .debug_macro   0x000291a4      0x1d0 ./Drivers/STM32F7xx_HAL_Driver/Src/stm32f7xx_hal_tim.o
 .debug_macro   0x00029374      0x1cf ./Drivers/STM32F7xx_HAL_Driver/Src/stm32f7xx_hal_tim_ex.o
 .debug_macro   0x00029543      0x372 ./ThirdParty/FreeRTOS/list.o
 .debug_macro   0x000298b5      0x409 ./ThirdParty/FreeRTOS/queue.o
 .debug_macro   0x00029cbe       0x16 ./ThirdParty/FreeRTOS/queue.o
 .debug_macro   0x00029cd4       0x20 ./ThirdParty/FreeRTOS/queue.o
 .debug_macro   0x00029cf4       0x80 ./ThirdParty/FreeRTOS/queue.o
 .debug_macro   0x00029d74      0x4b4 ./ThirdParty/FreeRTOS/tasks.o
 .debug_macro   0x0002a228       0x17 ./ThirdParty/FreeRTOS/tasks.o
 .debug_macro   0x0002a23f       0x1c ./ThirdParty/FreeRTOS/tasks.o