../Core/Src/main.c:87:5:main	32	static,ignoring_inline_asm
../Core/Src/main.c:185:6:SystemClock_Config	88	static
../Core/Src/main.c:228:13:MX_RTC_Init	8	static
../Core/Src/main.c:263:13:MX_USART3_UART_Init	8	static
../Core/Src/main.c:298:13:MX_GPIO_Init	56	static
../Core/Src/main.c:396:6:rtc_report_callback	16	static
../Core/Src/main.c:403:6:led_effect_callback	24	static
../Core/Src/main.c:425:6:HAL_UART_RxCpltCallback	32	static
../Core/Src/main.c:472:6:HAL_TIM_PeriodElapsedCallback	16	static
../Core/Src/main.c:489:6:Error_Handler	4	static,ignoring_inline_asm
