Archive member included to satisfy reference by file (symbol)

D:/STM32CubeIDE_1.16.1/STM32CubeIDE/plugins/com.st.stm32cube.ide.mcu.externaltools.gnu-tools-for-stm32.12.3.rel1.win32_1.1.0.202410251130/tools/bin/../lib/gcc/arm-none-eabi/12.3.1/../../../../arm-none-eabi/lib/thumb/v7e-m+dp/hard\libc_nano.a(libc_a-exit.o)
                              D:/STM32CubeIDE_1.16.1/STM32CubeIDE/plugins/com.st.stm32cube.ide.mcu.externaltools.gnu-tools-for-stm32.12.3.rel1.win32_1.1.0.202410251130/tools/bin/../lib/gcc/arm-none-eabi/12.3.1/../../../../arm-none-eabi/lib/thumb/v7e-m+dp/hard/crt0.o (exit)
D:/STM32CubeIDE_1.16.1/STM32CubeIDE/plugins/com.st.stm32cube.ide.mcu.externaltools.gnu-tools-for-stm32.12.3.rel1.win32_1.1.0.202410251130/tools/bin/../lib/gcc/arm-none-eabi/12.3.1/../../../../arm-none-eabi/lib/thumb/v7e-m+dp/hard\libc_nano.a(libc_a-findfp.o)
                              D:/STM32CubeIDE_1.16.1/STM32CubeIDE/plugins/com.st.stm32cube.ide.mcu.externaltools.gnu-tools-for-stm32.12.3.rel1.win32_1.1.0.202410251130/tools/bin/../lib/gcc/arm-none-eabi/12.3.1/../../../../arm-none-eabi/lib/thumb/v7e-m+dp/hard\libc_nano.a(libc_a-exit.o) (__stdio_exit_handler)
D:/STM32CubeIDE_1.16.1/STM32CubeIDE/plugins/com.st.stm32cube.ide.mcu.externaltools.gnu-tools-for-stm32.12.3.rel1.win32_1.1.0.202410251130/tools/bin/../lib/gcc/arm-none-eabi/12.3.1/../../../../arm-none-eabi/lib/thumb/v7e-m+dp/hard\libc_nano.a(libc_a-fwalk.o)
                              D:/STM32CubeIDE_1.16.1/STM32CubeIDE/plugins/com.st.stm32cube.ide.mcu.externaltools.gnu-tools-for-stm32.12.3.rel1.win32_1.1.0.202410251130/tools/bin/../lib/gcc/arm-none-eabi/12.3.1/../../../../arm-none-eabi/lib/thumb/v7e-m+dp/hard\libc_nano.a(libc_a-findfp.o) (_fwalk_sglue)
D:/STM32CubeIDE_1.16.1/STM32CubeIDE/plugins/com.st.stm32cube.ide.mcu.externaltools.gnu-tools-for-stm32.12.3.rel1.win32_1.1.0.202410251130/tools/bin/../lib/gcc/arm-none-eabi/12.3.1/../../../../arm-none-eabi/lib/thumb/v7e-m+dp/hard\libc_nano.a(libc_a-snprintf.o)
                              ./common/ThirdParty/FreeRTOS/tasks.o (snprintf)
D:/STM32CubeIDE_1.16.1/STM32CubeIDE/plugins/com.st.stm32cube.ide.mcu.externaltools.gnu-tools-for-stm32.12.3.rel1.win32_1.1.0.202410251130/tools/bin/../lib/gcc/arm-none-eabi/12.3.1/../../../../arm-none-eabi/lib/thumb/v7e-m+dp/hard\libc_nano.a(libc_a-sprintf.o)
                              ./Core/Src/main.o (sprintf)
D:/STM32CubeIDE_1.16.1/STM32CubeIDE/plugins/com.st.stm32cube.ide.mcu.externaltools.gnu-tools-for-stm32.12.3.rel1.win32_1.1.0.202410251130/tools/bin/../lib/gcc/arm-none-eabi/12.3.1/../../../../arm-none-eabi/lib/thumb/v7e-m+dp/hard\libc_nano.a(libc_a-stdio.o)
                              D:/STM32CubeIDE_1.16.1/STM32CubeIDE/plugins/com.st.stm32cube.ide.mcu.externaltools.gnu-tools-for-stm32.12.3.rel1.win32_1.1.0.202410251130/tools/bin/../lib/gcc/arm-none-eabi/12.3.1/../../../../arm-none-eabi/lib/thumb/v7e-m+dp/hard\libc_nano.a(libc_a-findfp.o) (__sread)
D:/STM32CubeIDE_1.16.1/STM32CubeIDE/plugins/com.st.stm32cube.ide.mcu.externaltools.gnu-tools-for-stm32.12.3.rel1.win32_1.1.0.202410251130/tools/bin/../lib/gcc/arm-none-eabi/12.3.1/../../../../arm-none-eabi/lib/thumb/v7e-m+dp/hard\libc_nano.a(libc_a-memset.o)
                              D:/STM32CubeIDE_1.16.1/STM32CubeIDE/plugins/com.st.stm32cube.ide.mcu.externaltools.gnu-tools-for-stm32.12.3.rel1.win32_1.1.0.202410251130/tools/bin/../lib/gcc/arm-none-eabi/12.3.1/../../../../arm-none-eabi/lib/thumb/v7e-m+dp/hard/crt0.o (memset)
D:/STM32CubeIDE_1.16.1/STM32CubeIDE/plugins/com.st.stm32cube.ide.mcu.externaltools.gnu-tools-for-stm32.12.3.rel1.win32_1.1.0.202410251130/tools/bin/../lib/gcc/arm-none-eabi/12.3.1/../../../../arm-none-eabi/lib/thumb/v7e-m+dp/hard\libc_nano.a(libc_a-closer.o)
                              D:/STM32CubeIDE_1.16.1/STM32CubeIDE/plugins/com.st.stm32cube.ide.mcu.externaltools.gnu-tools-for-stm32.12.3.rel1.win32_1.1.0.202410251130/tools/bin/../lib/gcc/arm-none-eabi/12.3.1/../../../../arm-none-eabi/lib/thumb/v7e-m+dp/hard\libc_nano.a(libc_a-stdio.o) (_close_r)
D:/STM32CubeIDE_1.16.1/STM32CubeIDE/plugins/com.st.stm32cube.ide.mcu.externaltools.gnu-tools-for-stm32.12.3.rel1.win32_1.1.0.202410251130/tools/bin/../lib/gcc/arm-none-eabi/12.3.1/../../../../arm-none-eabi/lib/thumb/v7e-m+dp/hard\libc_nano.a(libc_a-reent.o)
                              D:/STM32CubeIDE_1.16.1/STM32CubeIDE/plugins/com.st.stm32cube.ide.mcu.externaltools.gnu-tools-for-stm32.12.3.rel1.win32_1.1.0.202410251130/tools/bin/../lib/gcc/arm-none-eabi/12.3.1/../../../../arm-none-eabi/lib/thumb/v7e-m+dp/hard\libc_nano.a(libc_a-closer.o) (errno)
D:/STM32CubeIDE_1.16.1/STM32CubeIDE/plugins/com.st.stm32cube.ide.mcu.externaltools.gnu-tools-for-stm32.12.3.rel1.win32_1.1.0.202410251130/tools/bin/../lib/gcc/arm-none-eabi/12.3.1/../../../../arm-none-eabi/lib/thumb/v7e-m+dp/hard\libc_nano.a(libc_a-impure.o)
[...]
Memory Configuration

Name             Origin             Length             Attributes
RAM              0x20000000         0x00080000         xrw
FLASH            0x08000000         0x00200000         xr
*default*        0x00000000         0xffffffff

Linker script and memory map

LOAD D:/STM32CubeIDE_1.16.1/STM32CubeIDE/plugins/com.st.stm32cube.ide.mcu.externaltools.gnu-tools-for-stm32.12.3.rel1.win32_1.1.0.202410251130/tools/bin/../lib/gcc/arm-none-eabi/12.3.1/thumb/v7e-m+dp/hard/crti.o
LOAD D:/STM32CubeIDE_1.16.1/STM32CubeIDE/plugins/com.st.stm32cube.ide.mcu.externaltools.gnu-tools-for-stm32.12.3.rel1.win32_1.1.0.202410251130/tools/bin/../lib/gcc/arm-none-eabi/12.3.1/thumb/v7e-m+dp/hard/crtbegin.o
LOAD D:/STM32CubeIDE_1.16.1/STM32CubeIDE/plugins/com.st.stm32cube.ide.mcu.externaltools.gnu-tools-for-stm32.12.3.rel1.win32_1.1.0.202410251130/tools/bin/../lib/gcc/arm-none-eabi/12.3.1/../../../../arm-none-eabi/lib/thumb/v7e-m+dp/hard/crt0.o
LOAD ./Core/Src/main.o
LOAD ./Core/Src/stm32f7xx_hal_msp.o
LOAD ./Core/Src/stm32f7xx_hal_timebase_tim.o
LOAD ./Core/Src/stm32f7xx_it.o
LOAD ./Core/Src/syscalls.o
LOAD ./Core/Src/sysmem.o
LOAD ./Core/Src/system_stm32f7xx.o
LOAD ./Core/Startup/startup_stm32f767zitx.o
LOAD ./Drivers/STM32F7xx_HAL_Driver/Src/stm32f7xx_hal.o
LOAD ./Drivers/STM32F7xx_HAL_Driver/Src/stm32f7xx_hal_cortex.o
LOAD ./Drivers/STM32F7xx_HAL_Driver/Src/stm32f7xx_hal_dma.o
LOAD ./Drivers/STM32F7xx_HAL_Driver/Src/stm32f7xx_hal_dma_ex.o
LOAD ./Drivers/STM32F7xx_HAL_Driver/Src/stm32f7xx_hal_exti.o
LOAD ./Drivers/STM32F7xx_HAL_Driver/Src/stm32f7xx_hal_flash.o
LOAD ./Drivers/STM32F7xx_HAL_Driver/Src/stm32f7xx_hal_flash_ex.o
LOAD ./Drivers/STM32F7xx_HAL_Driver/Src/stm32f7xx_hal_gpio.o
LOAD ./Drivers/STM32F7xx_HAL_Driver/Src/stm32f7xx_hal_i2c.o
LOAD ./Drivers/STM32F7xx_HAL_Driver/Src/stm32f7xx_hal_i2c_ex.o
LOAD ./Drivers/STM32F7xx_HAL_Driver/Src/stm32f7xx_hal_pwr.o
LOAD ./Drivers/STM32F7xx_HAL_Driver/Src/stm32f7xx_hal_pwr_ex.o
LOAD ./Drivers/STM32F7xx_HAL_Driver/Src/stm32f7xx_hal_rcc.o
LOAD ./Drivers/STM32F7xx_HAL_Driver/Src/stm32f7xx_hal_rcc_ex.o
LOAD ./Drivers/STM32F7xx_HAL_Driver/Src/stm32f7xx_hal_tim.o
LOAD ./Drivers/STM32F7xx_HAL_Driver/Src/stm32f7xx_hal_tim_ex.o
LOAD ./Drivers/STM32F7xx_HAL_Driver/Src/stm32f7xx_hal_uart.o
LOAD ./Drivers/STM32F7xx_HAL_Driver/Src/stm32f7xx_hal_uart_ex.o
LOAD ./common/ThirdParty/FreeRTOS/croutine.o
LOAD ./common/ThirdParty/FreeRTOS/event_groups.o
LOAD ./common/ThirdParty/FreeRTOS/list.o
LOAD ./common/ThirdParty/FreeRTOS/queue.o
LOAD ./common/ThirdParty/FreeRTOS/stream_buffer.o
LOAD ./common/ThirdParty/FreeRTOS/tasks.o
LOAD ./common/ThirdParty/FreeRTOS/timers.o
LOAD ./common/ThirdParty/FreeRTOS/portable/GCC/ARM_CM7/r0p1/port.o
LOAD ./common/ThirdParty/FreeRTOS/portable/MemMang/heap_4.o
START GROUP
LOAD D:/STM32CubeIDE_1.16.1/STM32CubeIDE/plugins/com.st.stm32cube.ide.mcu.externaltools.gnu-tools-for-stm32.12.3.rel1.win32_1.1.0.202410251130/tools/bin/../lib/gcc/arm-none-eabi/12.3.1/../../../../arm-none-eabi/lib/thumb/v7e-m+dp/hard\libc_nano.a
LOAD D:/STM32CubeIDE_1.16.1/STM32CubeIDE/plugins/com.st.stm32cube.ide.mcu.externaltools.gnu-tools-for-stm32.12.3.rel1.win32_1.1.0.202410251130/tools/bin/../lib/gcc/arm-none-eabi/12.3.1/../../../../arm-none-eabi/lib/thumb/v7e-m+dp/hard\libm.a
END GROUP
START GROUP
LOAD D:/STM32CubeIDE_1.16.1/STM32CubeIDE/plugins/com.st.stm32cube.ide.mcu.externaltools.gnu-tools-for-stm32.12.3.rel1.win32_1.1.0.202410251130/tools/bin/../lib/gcc/arm-none-eabi/12.3.1/thumb/v7e-m+dp/hard\libgcc.a
LOAD D:/STM32CubeIDE_1.16.1/STM32CubeIDE/plugins/com.st.stm32cube.ide.mcu.externaltools.gnu-tools-for-stm32.12.3.rel1.win32_1.1.0.202410251130/tools/bin/../lib/gcc/arm-none-eabi/12.3.1/../../../../arm-none-eabi/lib/thumb/v7e-m+dp/hard\libc_nano.a
END GROUP
START GROUP
LOAD D:/STM32CubeIDE_1.16.1/STM32CubeIDE/plugins/com.st.stm32cube.ide.mcu.externaltools.gnu-tools-for-stm32.12.3.rel1.win32_1.1.0.202410251130/tools/bin/../lib/gcc/arm-none-eabi/12.3.1/thumb/v7e-m+dp/hard\libgcc.a
LOAD D:/STM32CubeIDE_1.16.1/STM32CubeIDE/plugins/com.st.stm32cube.ide.mcu.externaltools.gnu-tools-for-stm32.12.3.rel1.win32_1.1.0.202410251130/tools/bin/../lib/gcc/arm-none-eabi/12.3.1/../../../../arm-none-eabi/lib/thumb/v7e-m+dp/hard\libc_nano.a
LOAD D:/STM32CubeIDE_1.16.1/STM32CubeIDE/plugins/com.st.stm32cube.ide.mcu.externaltools.gnu-tools-for-stm32.12.3.rel1.win32_1.1.0.202410251130/tools/bin/../lib/gcc/arm-none-eabi/12.3.1/../../../../arm-none-eabi/lib/thumb/v7e-m+dp/hard\libnosys.a
END GROUP
START GROUP
LOAD D:/STM32CubeIDE_1.16.1/STM32CubeIDE/plugins/com.st.stm32cube.ide.mcu.externaltools.gnu-tools-for-stm32.12.3.rel1.win32_1.1.0.202410251130/tools/bin/../lib/gcc/arm-none-eabi/12.3.1/thumb/v7e-m+dp/hard\libgcc.a
LOAD D:/STM32CubeIDE_1.16.1/STM32CubeIDE/plugins/com.st.stm32cube.ide.mcu.externaltools.gnu-tools-for-stm32.12.3.rel1.win32_1.1.0.202410251130/tools/bin/../lib/gcc/arm-none-eabi/12.3.1/../../../../arm-none-eabi/lib/thumb/v7e-m+dp/hard\libc_nano.a
LOAD D:/STM32CubeIDE_1.16.1/STM32CubeIDE/plugins/com.st.stm32cube.ide.mcu.externaltools.gnu-tools-for-stm32.12.3.rel1.win32_1.1.0.202410251130/tools/bin/../lib/gcc/arm-none-eabi/12.3.1/../../../../arm-none-eabi/lib/thumb/v7e-m+dp/hard\libnosys.a
END GROUP
LOAD D:/STM32CubeIDE_1.16.1/STM32CubeIDE/plugins/com.st.stm32cube.ide.mcu.externaltools.gnu-tools-for-stm32.12.3.rel1.win32_1.1.0.202410251130/tools/bin/../lib/gcc/arm-none-eabi/12.3.1/thumb/v7e-m+dp/hard/crtend.o
LOAD D:/STM32CubeIDE_1.16.1/STM32CubeIDE/plugins/com.st.stm32cube.ide.mcu.externaltools.gnu-tools-for-stm32.12.3.rel1.win32_1.1.0.202410251130/tools/bin/../lib/gcc/arm-none-eabi/12.3.1/thumb/v7e-m+dp/hard/crtn.o
                0x20080000                        _estack = (ORIGIN (RAM) + LENGTH (RAM))
                0x00000200                        _Min_Heap_Size = 0x200
                0x00000400                        _Min_Stack_Size = 0x400

.isr_vector     0x08000000      0x1f8
                0x08000000                        . = ALIGN (0x4)
 *(.isr_vector)
 .isr_vector    0x08000000      0x1f8 ./Core/Startup/startup_stm32f767zitx.o
                0x08000000                g_pfnVectors
                0x080001f8                        . = ALIGN (0x4)

.text           0x08000200     0x6fbc
                0x08000200                        . = ALIGN (0x4)
 *(.text)
 .text          0x08000200       0x40 D:/STM32CubeIDE_1.16.1/STM32CubeIDE/plugins/com.st.stm32cube.ide.mcu.externaltools.gnu-tools-for-stm32.12.3.rel1.win32_1.1.0.202410251130/tools/bin/../lib/gcc/arm-none-eabi/12.3.1/thumb/v7e-m+dp/hard/crtbegin.o
 .text          0x08000240       0x10 D:/STM32CubeIDE_1.16.1/STM32CubeIDE/plugins/com.st.stm32cube.ide.mcu.externaltools.gnu-tools-for-stm32.12.3.rel1.win32_1.1.0.202410251130/tools/bin/../lib/gcc/arm-none-eabi/12.3.1/../../../../arm-none-eabi/lib/thumb/v7e-m+dp/hard\libc_nano.a(libc_a-strlen.o)
                0x08000240                strlen
 .text          0x08000250       0xa0 D:/STM32CubeIDE_1.16.1/STM32CubeIDE/plugins/com.st.stm32cube.ide.mcu.externaltools.gnu-tools-for-stm32.12.3.rel1.win32_1.1.0.202410251130/tools/bin/../lib/gcc/arm-none-eabi/12.3.1/../../../../arm-none-eabi/lib/thumb/v7e-m+dp/hard\libc_nano.a(libc_a-memchr.o)
                0x08000250                memchr
 .text          0x080002f0       0x30 D:/STM32CubeIDE_1.16.1/STM32CubeIDE/plugins/com.st.stm32cube.ide.mcu.externaltools.gnu-tools-for-stm32.12.3.rel1.win32_1.1.0.202410251130/tools/bin/../lib/gcc/arm-none-eabi/12.3.1/thumb/v7e-m+dp/hard\libgcc.a(_aeabi_uldivmod.o)
                0x080002f0                __aeabi_uldivmod
 .text          0x08000320      0x2bc D:/STM32CubeIDE_1.16.1/STM32CubeIDE/plugins/com.st.stm32cube.ide.mcu.externaltools.gnu-tools-for-stm32.12.3.rel1.win32_1.1.0.202410251130/tools/bin/../lib/gcc/arm-none-eabi/12.3.1/thumb/v7e-m+dp/hard\libgcc.a(_udivmoddi4.o)
                0x08000320                __udivmoddi4
 .text          0x080005dc        0x4 D:/STM32CubeIDE_1.16.1/STM32CubeIDE/plugins/com.st.stm32cube.ide.mcu.externaltools.gnu-tools-for-stm32.12.3.rel1.win32_1.1.0.202410251130/tools/bin/../lib/gcc/arm-none-eabi/12.3.1/thumb/v7e-m+dp/hard\libgcc.a(_dvmd_tls.o)
                0x080005dc                __aeabi_idiv0
                0x080005dc                __aeabi_ldiv0
 *(.text*)
 .text.__NVIC_SetPendingIRQ
                0x080005e0       0x3c ./Core/Src/main.o
 .text.main     0x0800061c       0x8c ./Core/Src/main.o
                0x0800061c                main
 .text.SystemClock_Config
                0x080006a8       0xb8 ./Core/Src/main.o
                0x080006a8                SystemClock_Config
 .text.MX_USART3_UART_Init
                0x08000760       0x60 ./Core/Src/main.o
 .text.MX_GPIO_Init
                0x080007c0      0x218 ./Core/Src/main.o
 .text.vHandlerTask
                0x080009d8       0x34 ./Core/Src/main.o
 .text.vPeriodicTask
                0x08000a0c       0x44 ./Core/Src/main.o
 .text.printmsg
                0x08000a50       0x2c ./Core/Src/main.o
                0x08000a50                printmsg
 .text.EXTI15_10_IRQHandler
                0x08000a7c       0x8c ./Core/Src/main.o
                0x08000a7c                EXTI15_10_IRQHandler
 .text.HAL_TIM_PeriodElapsedCallback
                0x08000b08       0x24 ./Core/Src/main.o
                0x08000b08                HAL_TIM_PeriodElapsedCallback
 .text.Error_Handler
                0x08000b2c        0xc ./Core/Src/main.o
                0x08000b2c                Error_Handler
 .text.HAL_MspInit
                0x08000b38       0x48 ./Core/Src/stm32f7xx_hal_msp.o
                0x08000b38                HAL_MspInit
 .text.HAL_UART_MspInit
                0x08000b80       0xc0 ./Core/Src/stm32f7xx_hal_msp.o
                0x08000b80                HAL_UART_MspInit
 .text.HAL_InitTick
                0x08000c40       0xf4 ./Core/Src/stm32f7xx_hal_timebase_tim.o
                0x08000c40                HAL_InitTick
 .text.NMI_Handler
                0x08000d34        0x8 ./Core/Src/stm32f7xx_it.o
                0x08000d34                NMI_Handler
 .text.HardFault_Handler
                0x08000d3c        0x8 ./Core/Src/stm32f7xx_it.o
                0x08000d3c                HardFault_Handler
 .text.MemManage_Handler
                0x08000d44        0x8 ./Core/Src/stm32f7xx_it.o
                0x08000d44                MemManage_Handler
 .text.BusFault_Handler
                0x08000d4c        0x8 ./Core/Src/stm32f7xx_it.o
                0x08000d4c                BusFault_Handler
 .text.UsageFault_Handler
                0x08000d54        0x8 ./Core/Src/stm32f7xx_it.o
                0x08000d54                UsageFault_Handler
 .text.DebugMon_Handler
                0x08000d5c        0xe ./Core/Src/stm32f7xx_it.o
                0x08000d5c                DebugMon_Handler
 *fill*         0x08000d6a        0x2 
 .text.TIM6_DAC_IRQHandler
                0x08000d6c       0x14 ./Core/Src/stm32f7xx_it.o
                0x08000d6c                TIM6_DAC_IRQHandler
 .text._sbrk    0x08000d80       0x6c ./Core/Src/sysmem.o
                0x08000d80                _sbrk
 .text.SystemInit
                0x08000dec       0x24 ./Core/Src/system_stm32f7xx.o
                0x08000dec                SystemInit
 .text.Reset_Handler
                0x08000e10       0x50 ./Core/Startup/startup_stm32f767zitx.o
                0x08000e10                Reset_Handler
 .text.Default_Handler
                0x08000e60        0x2 ./Core/Startup/startup_stm32f767zitx.o
                0x08000e60                RTC_Alarm_IRQHandler
                0x08000e60                EXTI2_IRQHandler
                0x08000e60                TIM8_CC_IRQHandler
                0x08000e60                UART8_IRQHandler
                0x08000e60                SPI4_IRQHandler
                0x08000e60                TIM1_CC_IRQHandler
                0x08000e60                DMA2_Stream5_IRQHandler
                0x08000e60                JPEG_IRQHandler
                0x08000e60                DMA1_Stream5_IRQHandler
                0x08000e60                CAN3_RX1_IRQHandler
                0x08000e60                PVD_IRQHandler
                0x08000e60                TAMP_STAMP_IRQHandler
                0x08000e60                CAN2_RX1_IRQHandler
                0x08000e60                EXTI3_IRQHandler
                0x08000e60                TIM8_TRG_COM_TIM14_IRQHandler
                0x08000e60                DFSDM1_FLT1_IRQHandler
                0x08000e60                TIM1_UP_TIM10_IRQHandler
                0x08000e60                TIM8_UP_TIM13_IRQHandler
                0x08000e60                I2C3_ER_IRQHandler
                0x08000e60                DFSDM1_FLT2_IRQHandler
                0x08000e60                EXTI0_IRQHandler
                0x08000e60                I2C2_EV_IRQHandler
                0x08000e60                DMA1_Stream2_IRQHandler
                0x08000e60                CAN1_RX0_IRQHandler
                0x08000e60                FPU_IRQHandler
                0x08000e60                OTG_HS_WKUP_IRQHandler
                0x08000e60                CAN3_SCE_IRQHandler
                0x08000e60                LTDC_ER_IRQHandler
                0x08000e60                CAN2_SCE_IRQHandler
                0x08000e60                DMA2_Stream2_IRQHandler
                0x08000e60                SPI1_IRQHandler
                0x08000e60                TIM1_BRK_TIM9_IRQHandler
                0x08000e60                DCMI_IRQHandler
                0x08000e60                CAN2_RX0_IRQHandler
                0x08000e60                DMA2_Stream3_IRQHandler
                0x08000e60                SAI2_IRQHandler
                0x08000e60                DFSDM1_FLT3_IRQHandler
                0x08000e60                USART6_IRQHandler
                0x08000e60                CAN3_RX0_IRQHandler
                0x08000e60                USART3_IRQHandler
                0x08000e60                CAN1_RX1_IRQHandler
                0x08000e60                UART5_IRQHandler
                0x08000e60                DMA2_Stream0_IRQHandler
                0x08000e60                TIM4_IRQHandler
                0x08000e60                QUADSPI_IRQHandler
                0x08000e60                I2C1_EV_IRQHandler
                0x08000e60                DMA1_Stream6_IRQHandler
                0x08000e60                DMA1_Stream1_IRQHandler
                0x08000e60                UART4_IRQHandler
                0x08000e60                TIM3_IRQHandler
                0x08000e60                RCC_IRQHandler
                0x08000e60                TIM8_BRK_TIM12_IRQHandler
                0x08000e60                Default_Handler
                0x08000e60                CEC_IRQHandler
                0x08000e60                ADC_IRQHandler
                0x08000e60                DMA1_Stream7_IRQHandler
                0x08000e60                SPI5_IRQHandler
                0x08000e60                TIM7_IRQHandler
                0x08000e60                SDMMC1_IRQHandler
                0x08000e60                CAN2_TX_IRQHandler
                0x08000e60                TIM5_IRQHandler
                0x08000e60                DMA2_Stream7_IRQHandler
                0x08000e60                I2C3_EV_IRQHandler
                0x08000e60                EXTI9_5_IRQHandler
                0x08000e60                RTC_WKUP_IRQHandler
                0x08000e60                LTDC_IRQHandler
                0x08000e60                ETH_WKUP_IRQHandler
                0x08000e60                SPDIF_RX_IRQHandler
                0x08000e60                SPI2_IRQHandler
                0x08000e60                OTG_HS_EP1_IN_IRQHandler
                0x08000e60                DMA1_Stream0_IRQHandler
                0x08000e60                CAN1_TX_IRQHandler
                0x08000e60                EXTI4_IRQHandler
                0x08000e60                RNG_IRQHandler
                0x08000e60                ETH_IRQHandler
                0x08000e60                OTG_HS_EP1_OUT_IRQHandler
                0x08000e60                WWDG_IRQHandler
                0x08000e60                SPI6_IRQHandler
                0x08000e60                MDIOS_IRQHandler
                0x08000e60                I2C4_EV_IRQHandler
                0x08000e60                CAN3_TX_IRQHandler
                0x08000e60                TIM2_IRQHandler
                0x08000e60                OTG_FS_WKUP_IRQHandler
                0x08000e60                TIM1_TRG_COM_TIM11_IRQHandler
                0x08000e60                OTG_HS_IRQHandler
                0x08000e60                DMA2D_IRQHandler
                0x08000e60                EXTI1_IRQHandler
                0x08000e60                SDMMC2_IRQHandler
                0x08000e60                UART7_IRQHandler
                0x08000e60                USART2_IRQHandler
                0x08000e60                DFSDM1_FLT0_IRQHandler
                0x08000e60                I2C2_ER_IRQHandler
                0x08000e60                DMA2_Stream1_IRQHandler
                0x08000e60                CAN1_SCE_IRQHandler
                0x08000e60                FLASH_IRQHandler
                0x08000e60                DMA2_Stream4_IRQHandler
                0x08000e60                USART1_IRQHandler
                0x08000e60                OTG_FS_IRQHandler
                0x08000e60                SPI3_IRQHandler
                0x08000e60                DMA1_Stream4_IRQHandler
                0x08000e60                I2C1_ER_IRQHandler
                0x08000e60                FMC_IRQHandler
                0x08000e60                LPTIM1_IRQHandler
                0x08000e60                I2C4_ER_IRQHandler
                0x08000e60                DMA2_Stream6_IRQHandler
                0x08000e60                SAI1_IRQHandler
                0x08000e60                DMA1_Stream3_IRQHandler
 .text.HAL_Init
                0x08000e62       0x1a ./Drivers/STM32F7xx_HAL_Driver/Src/stm32f7xx_hal.o
                0x08000e62                HAL_Init
 .text.HAL_IncTick
                0x08000e7c       0x28 ./Drivers/STM32F7xx_HAL_Driver/Src/stm32f7xx_hal.o
                0x08000e7c                HAL_IncTick
 .text.HAL_GetTick
                0x08000ea4       0x18 ./Drivers/STM32F7xx_HAL_Driver/Src/stm32f7xx_hal.o
                0x08000ea4                HAL_GetTick
 .text.__NVIC_SetPriorityGrouping
                0x08000ebc       0x48 ./Drivers/STM32F7xx_HAL_Driver/Src/stm32f7xx_hal_cortex.o
 .text.__NVIC_GetPriorityGrouping
                0x08000f04       0x1c ./Drivers/STM32F7xx_HAL_Driver/Src/stm32f7xx_hal_cortex.o
 .text.__NVIC_EnableIRQ
                0x08000f20       0x3c ./Drivers/STM32F7xx_HAL_Driver/Src/stm32f7xx_hal_cortex.o
 .text.__NVIC_SetPriority
                0x08000f5c       0x54 ./Drivers/STM32F7xx_HAL_Driver/Src/stm32f7xx_hal_cortex.o
 .text.NVIC_EncodePriority
                0x08000fb0       0x66 ./Drivers/STM32F7xx_HAL_Driver/Src/stm32f7xx_hal_cortex.o
 .text.HAL_NVIC_SetPriorityGrouping
                0x08001016       0x16 ./Drivers/STM32F7xx_HAL_Driver/Src/stm32f7xx_hal_cortex.o
                0x08001016                HAL_NVIC_SetPriorityGrouping
 .text.HAL_NVIC_SetPriority
                0x0800102c       0x38 ./Drivers/STM32F7xx_HAL_Driver/Src/stm32f7xx_hal_cortex.o
                0x0800102c                HAL_NVIC_SetPriority
 .text.HAL_NVIC_EnableIRQ
                0x08001064       0x1c ./Drivers/STM32F7xx_HAL_Driver/Src/stm32f7xx_hal_cortex.o
                0x08001064                HAL_NVIC_EnableIRQ
 .text.HAL_GPIO_Init
                0x08001080      0x358 ./Drivers/STM32F7xx_HAL_Driver/Src/stm32f7xx_hal_gpio.o
                0x08001080                HAL_GPIO_Init
 .text.HAL_GPIO_WritePin
                0x080013d8       0x32 ./Drivers/STM32F7xx_HAL_Driver/Src/stm32f7xx_hal_gpio.o
                0x080013d8                HAL_GPIO_WritePin
 *fill*         0x0800140a        0x2 
 .text.HAL_RCC_OscConfig
                0x0800140c      0x55c ./Drivers/STM32F7xx_HAL_Driver/Src/stm32f7xx_hal_rcc.o
                0x0800140c                HAL_RCC_OscConfig
 .text.HAL_RCC_ClockConfig
                0x08001968      0x1d8 ./Drivers/STM32F7xx_HAL_Driver/Src/stm32f7xx_hal_rcc.o
                0x08001968                HAL_RCC_ClockConfig
 .text.HAL_RCC_GetSysClockFreq
                0x08001b40      0x208 ./Drivers/STM32F7xx_HAL_Driver/Src/stm32f7xx_hal_rcc.o
                0x08001b40                HAL_RCC_GetSysClockFreq
 .text.HAL_RCC_GetHCLKFreq
                0x08001d48       0x18 ./Drivers/STM32F7xx_HAL_Driver/Src/stm32f7xx_hal_rcc.o
                0x08001d48                HAL_RCC_GetHCLKFreq
 .text.HAL_RCC_GetPCLK1Freq
                0x08001d60       0x28 ./Drivers/STM32F7xx_HAL_Driver/Src/stm32f7xx_hal_rcc.o
                0x08001d60                HAL_RCC_GetPCLK1Freq
 .text.HAL_RCC_GetPCLK2Freq
                0x08001d88       0x28 ./Drivers/STM32F7xx_HAL_Driver/Src/stm32f7xx_hal_rcc.o
                0x08001d88                HAL_RCC_GetPCLK2Freq
 .text.HAL_RCC_GetClockConfig
                0x08001db0       0x64 ./Drivers/STM32F7xx_HAL_Driver/Src/stm32f7xx_hal_rcc.o
                0x08001db0                HAL_RCC_GetClockConfig
 .text.HAL_RCCEx_PeriphCLKConfig
                0x08001e14      0x850 ./Drivers/STM32F7xx_HAL_Driver/Src/stm32f7xx_hal_rcc_ex.o
                0x08001e14                HAL_RCCEx_PeriphCLKConfig
 .text.HAL_TIM_Base_Init
                0x08002664       0xae ./Drivers/STM32F7xx_HAL_Driver/Src/stm32f7xx_hal_tim.o
                0x08002664                HAL_TIM_Base_Init
 .text.HAL_TIM_Base_MspInit
                0x08002712       0x14 ./Drivers/STM32F7xx_HAL_Driver/Src/stm32f7xx_hal_tim.o
                0x08002712                HAL_TIM_Base_MspInit
 *fill*         0x08002726        0x2 
 .text.HAL_TIM_Base_Start_IT
                0x08002728       0xf0 ./Drivers/STM32F7xx_HAL_Driver/Src/stm32f7xx_hal_tim.o
                0x08002728                HAL_TIM_Base_Start_IT
 .text.HAL_TIM_IRQHandler
                0x08002818      0x20e ./Drivers/STM32F7xx_HAL_Driver/Src/stm32f7xx_hal_tim.o
                0x08002818                HAL_TIM_IRQHandler
 .text.HAL_TIM_OC_DelayElapsedCallback
                0x08002a26       0x14 ./Drivers/STM32F7xx_HAL_Driver/Src/stm32f7xx_hal_tim.o
                0x08002a26                HAL_TIM_OC_DelayElapsedCallback
 .text.HAL_TIM_IC_CaptureCallback
                0x08002a3a       0x14 ./Drivers/STM32F7xx_HAL_Driver/Src/stm32f7xx_hal_tim.o
                0x08002a3a                HAL_TIM_IC_CaptureCallback
 .text.HAL_TIM_PWM_PulseFinishedCallback
                0x08002a4e       0x14 ./Drivers/STM32F7xx_HAL_Driver/Src/stm32f7xx_hal_tim.o
                0x08002a4e                HAL_TIM_PWM_PulseFinishedCallback
 .text.HAL_TIM_TriggerCallback
                0x08002a62       0x14 ./Drivers/STM32F7xx_HAL_Driver/Src/stm32f7xx_hal_tim.o
                0x08002a62                HAL_TIM_TriggerCallback
 *fill*         0x08002a76        0x2 
 .text.TIM_Base_SetConfig
                0x08002a78      0x158 ./Drivers/STM32F7xx_HAL_Driver/Src/stm32f7xx_hal_tim.o
                0x08002a78                TIM_Base_SetConfig
 .text.HAL_TIMEx_CommutCallback
                0x08002bd0       0x14 ./Drivers/STM32F7xx_HAL_Driver/Src/stm32f7xx_hal_tim_ex.o
                0x08002bd0                HAL_TIMEx_CommutCallback
 .text.HAL_TIMEx_BreakCallback
                0x08002be4       0x14 ./Drivers/STM32F7xx_HAL_Driver/Src/stm32f7xx_hal_tim_ex.o
                0x08002be4                HAL_TIMEx_BreakCallback
 .text.HAL_TIMEx_Break2Callback
                0x08002bf8       0x14 ./Drivers/STM32F7xx_HAL_Driver/Src/stm32f7xx_hal_tim_ex.o
                0x08002bf8                HAL_TIMEx_Break2Callback
 .text.HAL_UART_Init
                0x08002c0c       0x9c ./Drivers/STM32F7xx_HAL_Driver/Src/stm32f7xx_hal_uart.o
                0x08002c0c                HAL_UART_Init
 .text.HAL_UART_Transmit
                0x08002ca8      0x112 ./Drivers/STM32F7xx_HAL_Driver/Src/stm32f7xx_hal_uart.o
                0x08002ca8                HAL_UART_Transmit
 *fill*         0x08002dba        0x2 
 .text.UART_SetConfig
                0x08002dbc      0x4c8 ./Drivers/STM32F7xx_HAL_Driver/Src/stm32f7xx_hal_uart.o
                0x08002dbc                UART_SetConfig
 .text.UART_AdvFeatureConfig
                0x08003284      0x144 ./Drivers/STM32F7xx_HAL_Driver/Src/stm32f7xx_hal_uart.o
                0x08003284                UART_AdvFeatureConfig
 .text.UART_CheckIdleState
                0x080033c8      0x150 ./Drivers/STM32F7xx_HAL_Driver/Src/stm32f7xx_hal_uart.o
                0x080033c8                UART_CheckIdleState
 .text.UART_WaitOnFlagUntilTimeout
                0x08003518       0xda ./Drivers/STM32F7xx_HAL_Driver/Src/stm32f7xx_hal_uart.o
                0x08003518                UART_WaitOnFlagUntilTimeout
 .text.UART_EndRxTransfer
                0x080035f2       0xc8 ./Drivers/STM32F7xx_HAL_Driver/Src/stm32f7xx_hal_uart.o
 .text.vListInitialise
                0x080036ba       0x40 ./common/ThirdParty/FreeRTOS/list.o
                0x080036ba                vListInitialise
 .text.vListInitialiseItem
                0x080036fa       0x1a ./common/ThirdParty/FreeRTOS/list.o
                0x080036fa                vListInitialiseItem
 .text.vListInsert
                0x08003714       0x72 ./common/ThirdParty/FreeRTOS/list.o
                0x08003714                vListInsert
 .text.uxListRemove
                0x08003786       0x54 ./common/ThirdParty/FreeRTOS/list.o
                0x08003786                uxListRemove
 *fill*         0x080037da        0x2 
 .text.xQueueGenericReset
                0x080037dc      0x12c ./common/ThirdParty/FreeRTOS/queue.o
                0x080037dc                xQueueGenericReset
 .text.xQueueGenericCreate
                0x08003908       0xa2 ./common/ThirdParty/FreeRTOS/queue.o
                0x08003908                xQueueGenericCreate
 .text.prvInitialiseNewQueue
                0x080039aa       0x4c ./common/ThirdParty/FreeRTOS/queue.o
 .text.xQueueCreateCountingSemaphore
                0x080039f6       0x62 ./common/ThirdParty/FreeRTOS/queue.o
                0x080039f6                xQueueCreateCountingSemaphore
 .text.xQueueGiveFromISR
                0x08003a58      0x186 ./common/ThirdParty/FreeRTOS/queue.o
                0x08003a58                xQueueGiveFromISR
 *fill*         0x08003bde        0x2 
 .text.xQueueReceive
                0x08003be0      0x1d0 ./common/ThirdParty/FreeRTOS/queue.o
                0x08003be0                xQueueReceive
 .text.xQueueSemaphoreTake
                0x08003db0      0x20c ./common/ThirdParty/FreeRTOS/queue.o
                0x08003db0                xQueueSemaphoreTake
 .text.prvGetDisinheritPriorityAfterTimeout
                0x08003fbc       0x30 ./common/ThirdParty/FreeRTOS/queue.o
 .text.prvCopyDataToQueue
                0x08003fec       0xd4 ./common/ThirdParty/FreeRTOS/queue.o
 .text.prvCopyDataFromQueue
                0x080040c0       0x4c ./common/ThirdParty/FreeRTOS/queue.o
 .text.prvUnlockQueue
                0x0800410c       0xbe ./common/ThirdParty/FreeRTOS/queue.o
 .text.prvIsQueueEmpty
                0x080041ca       0x2c ./common/ThirdParty/FreeRTOS/queue.o
 *fill*         0x080041f6        0x2 
 .text.vQueueAddToRegistry
                0x080041f8       0xa4 ./common/ThirdParty/FreeRTOS/queue.o
                0x080041f8                vQueueAddToRegistry
 .text.vQueueWaitForMessageRestricted
                0x0800429c       0x68 ./common/ThirdParty/FreeRTOS/queue.o
                0x0800429c                vQueueWaitForMessageRestricted
 .text.prvNotifyQueueSetContainer
                0x08004304       0xf2 ./common/ThirdParty/FreeRTOS/queue.o
 .text.prvCreateTask
                0x080043f6       0x78 ./common/ThirdParty/FreeRTOS/tasks.o
 .text.xTaskCreate
                0x0800446e       0x46 ./common/ThirdParty/FreeRTOS/tasks.o
                0x0800446e                xTaskCreate
 .text.prvInitialiseNewTask
                0x080044b4      0x128 ./common/ThirdParty/FreeRTOS/tasks.o
 .text.prvAddNewTaskToReadyList
                0x080045dc      0x130 ./common/ThirdParty/FreeRTOS/tasks.o
 .text.vTaskDelay
                0x0800470c       0x70 ./common/ThirdParty/FreeRTOS/tasks.o
                0x0800470c                vTaskDelay
 .text.prvCreateIdleTasks
                0x0800477c       0x94 ./common/ThirdParty/FreeRTOS/tasks.o
 .text.vTaskStartScheduler
                0x08004810       0x90 ./common/ThirdParty/FreeRTOS/tasks.o
                0x08004810                vTaskStartScheduler
 .text.vTaskSuspendAll
                0x080048a0       0x1c ./common/ThirdParty/FreeRTOS/tasks.o
                0x080048a0                vTaskSuspendAll
 .text.xTaskResumeAll
                0x080048bc      0x214 ./common/ThirdParty/FreeRTOS/tasks.o
                0x080048bc                xTaskResumeAll
 .text.xTaskGetTickCount
                0x08004ad0       0x20 ./common/ThirdParty/FreeRTOS/tasks.o
                0x08004ad0                xTaskGetTickCount
 .text.uxTaskGetNumberOfTasks
                0x08004af0       0x18 ./common/ThirdParty/FreeRTOS/tasks.o
                0x08004af0                uxTaskGetNumberOfTasks
 .text.xTaskIncrementTick
                0x08004b08      0x238 ./common/ThirdParty/FreeRTOS/tasks.o
                0x08004b08                xTaskIncrementTick
 .text.vTaskSwitchContext
                0x08004d40       0xc0 ./common/ThirdParty/FreeRTOS/tasks.o
                0x08004d40                vTaskSwitchContext
 .text.vTaskPlaceOnEventList
                0x08004e00       0x50 ./common/ThirdParty/FreeRTOS/tasks.o
                0x08004e00                vTaskPlaceOnEventList
 .text.vTaskPlaceOnEventListRestricted
                0x08004e50       0x90 ./common/ThirdParty/FreeRTOS/tasks.o
                0x08004e50                vTaskPlaceOnEventListRestricted
 .text.xTaskRemoveFromEventList
                0x08004ee0      0x1b8 ./common/ThirdParty/FreeRTOS/tasks.o
                0x08004ee0                xTaskRemoveFromEventList
 .text.vTaskInternalSetTimeOutState
                0x08005098       0x2c ./common/ThirdParty/FreeRTOS/tasks.o
                0x08005098                vTaskInternalSetTimeOutState
 .text.xTaskCheckForTimeOut
                0x080050c4       0xd8 ./common/ThirdParty/FreeRTOS/tasks.o
                0x080050c4                xTaskCheckForTimeOut
 .text.vTaskMissedYield
                0x0800519c       0x18 ./common/ThirdParty/FreeRTOS/tasks.o
                0x0800519c                vTaskMissedYield
 .text.prvIdleTask
                0x080051b4       0x30 ./common/ThirdParty/FreeRTOS/tasks.o
 .text.prvInitialiseTaskLists
                0x080051e4       0x80 ./common/ThirdParty/FreeRTOS/tasks.o
 .text.prvCheckTasksWaitingTermination
                0x08005264       0x5c ./common/ThirdParty/FreeRTOS/tasks.o
 .text.prvDeleteTCB
                0x080052c0       0x20 ./common/ThirdParty/FreeRTOS/tasks.o
 .text.prvResetNextTaskUnblockTime
                0x080052e0       0x38 ./common/ThirdParty/FreeRTOS/tasks.o
 .text.xTaskGetSchedulerState
                0x08005318       0x3c ./common/ThirdParty/FreeRTOS/tasks.o
                0x08005318                xTaskGetSchedulerState
 .text.xTaskPriorityInherit
                0x08005354      0x140 ./common/ThirdParty/FreeRTOS/tasks.o
                0x08005354                xTaskPriorityInherit
 .text.xTaskPriorityDisinherit
                0x08005494      0x158 ./common/ThirdParty/FreeRTOS/tasks.o
                0x08005494                xTaskPriorityDisinherit
 .text.vTaskPriorityDisinheritAfterTimeout
                0x080055ec      0x184 ./common/ThirdParty/FreeRTOS/tasks.o
                0x080055ec                vTaskPriorityDisinheritAfterTimeout
 .text.pvTaskIncrementMutexHeldCount
                0x08005770       0x30 ./common/ThirdParty/FreeRTOS/tasks.o
                0x08005770                pvTaskIncrementMutexHeldCount
 .text.prvAddCurrentTaskToDelayedList
                0x080057a0      0x104 ./common/ThirdParty/FreeRTOS/tasks.o
 .text.xTimerCreateTimerTask
                0x080058a4       0x6c ./common/ThirdParty/FreeRTOS/timers.o
                0x080058a4                xTimerCreateTimerTask
 .text.prvReloadTimer
                0x08005910       0x42 ./common/ThirdParty/FreeRTOS/timers.o
 *fill*         0x08005952        0x2 
 .text.prvProcessExpiredTimer
                0x08005954       0x60 ./common/ThirdParty/FreeRTOS/timers.o
 .text.prvTimerTask
                0x080059b4       0x26 ./common/ThirdParty/FreeRTOS/timers.o
 *fill*         0x080059da        0x2 
 .text.prvProcessTimerOrBlockTask
                0x080059dc       0x9c ./common/ThirdParty/FreeRTOS/timers.o
 .text.prvGetNextExpireTime
                0x08005a78       0x48 ./common/ThirdParty/FreeRTOS/timers.o
 .text.prvSampleTimeNow
                0x08005ac0       0x40 ./common/ThirdParty/FreeRTOS/timers.o
 .text.prvInsertTimerInActiveList
                0x08005b00       0x84 ./common/ThirdParty/FreeRTOS/timers.o
 .text.prvProcessReceivedCommands
                0x08005b84      0x1d0 ./common/ThirdParty/FreeRTOS/timers.o
 .text.prvSwitchTimerLists
                0x08005d54       0x4c ./common/ThirdParty/FreeRTOS/timers.o
 .text.prvCheckForValidListAndQueue
                0x08005da0       0x6c ./common/ThirdParty/FreeRTOS/timers.o
 .text.pxPortInitialiseStack
                0x08005e0c       0x68 ./common/ThirdParty/FreeRTOS/portable/GCC/ARM_CM7/r0p1/port.o
                0x08005e0c                pxPortInitialiseStack
 .text.prvTaskExitError
                0x08005e74       0x64 ./common/ThirdParty/FreeRTOS/portable/GCC/ARM_CM7/r0p1/port.o
 *fill*         0x08005ed8        0x8 
 .text.SVC_Handler
                0x08005ee0       0x28 ./common/ThirdParty/FreeRTOS/portable/GCC/ARM_CM7/r0p1/port.o
                0x08005ee0                SVC_Handler
 .text.prvPortStartFirstTask
                0x08005f08       0x2c ./common/ThirdParty/FreeRTOS/portable/GCC/ARM_CM7/r0p1/port.o
 .text.xPortStartScheduler
                0x08005f34      0x1a0 ./common/ThirdParty/FreeRTOS/portable/GCC/ARM_CM7/r0p1/port.o
                0x08005f34                xPortStartScheduler
 .text.vPortEnterCritical
                0x080060d4       0x6c ./common/ThirdParty/FreeRTOS/portable/GCC/ARM_CM7/r0p1/port.o
                0x080060d4                vPortEnterCritical
 .text.vPortExitCritical
                0x08006140       0x58 ./common/ThirdParty/FreeRTOS/portable/GCC/ARM_CM7/r0p1/port.o
                0x08006140                vPortExitCritical
 *fill*         0x08006198        0x8 
 .text.PendSV_Handler
                0x080061a0       0x68 ./common/ThirdParty/FreeRTOS/portable/GCC/ARM_CM7/r0p1/port.o
                0x080061a0                PendSV_Handler
 .text.SysTick_Handler
                0x08006208       0x48 ./common/ThirdParty/FreeRTOS/portable/GCC/ARM_CM7/r0p1/port.o
                0x08006208                SysTick_Handler
 .text.vPortSetupTimerInterrupt
                0x08006250       0x48 ./common/ThirdParty/FreeRTOS/portable/GCC/ARM_CM7/r0p1/port.o
                0x08006250                vPortSetupTimerInterrupt
 .text.vPortEnableVFP
                0x08006298       0x18 ./common/ThirdParty/FreeRTOS/portable/GCC/ARM_CM7/r0p1/port.o
 .text.vPortValidateInterruptPriority
                0x080062b0       0x8c ./common/ThirdParty/FreeRTOS/portable/GCC/ARM_CM7/r0p1/port.o
                0x080062b0                vPortValidateInterruptPriority
 .text.pvPortMalloc
                0x0800633c      0x27c ./common/ThirdParty/FreeRTOS/portable/MemMang/heap_4.o
                0x0800633c                pvPortMalloc
 .text.vPortFree
                0x080065b8      0x100 ./common/ThirdParty/FreeRTOS/portable/MemMang/heap_4.o
                0x080065b8                vPortFree
 .text.prvHeapInit
                0x080066b8       0xb4 ./common/ThirdParty/FreeRTOS/portable/MemMang/heap_4.o
 .text.prvInsertBlockIntoFreeList
                0x0800676c       0xf8 ./common/ThirdParty/FreeRTOS/portable/MemMang/heap_4.o
 .text.sprintf  0x08006864       0x40 D:/STM32CubeIDE_1.16.1/STM32CubeIDE/plugins/com.st.stm32cube.ide.mcu.externaltools.gnu-tools-for-stm32.12.3.rel1.win32_1.1.0.202410251130/tools/bin/../lib/gcc/arm-none-eabi/12.3.1/../../../../arm-none-eabi/lib/thumb/v7e-m+dp/hard\libc_nano.a(libc_a-sprintf.o)
                0x08006864                siprintf
                0x08006864                sprintf
 .text.memset   0x080068a4       0x10 D:/STM32CubeIDE_1.16.1/STM32CubeIDE/plugins/com.st.stm32cube.ide.mcu.externaltools.gnu-tools-for-stm32.12.3.rel1.win32_1.1.0.202410251130/tools/bin/../lib/gcc/arm-none-eabi/12.3.1/../../../../arm-none-eabi/lib/thumb/v7e-m+dp/hard\libc_nano.a(libc_a-memset.o)
                0x080068a4                memset
 .text.__errno  0x080068b4        0xc D:/STM32CubeIDE_1.16.1/STM32CubeIDE/plugins/com.st.stm32cube.ide.mcu.externaltools.gnu-tools-for-stm32.12.3.rel1.win32_1.1.0.202410251130/tools/bin/../lib/gcc/arm-none-eabi/12.3.1/../../../../arm-none-eabi/lib/thumb/v7e-m+dp/hard\libc_nano.a(libc_a-errno.o)
                0x080068b4                __errno
 .text.__libc_init_array
                0x080068c0       0x48 D:/STM32CubeIDE_1.16.1/STM32CubeIDE/plugins/com.st.stm32cube.ide.mcu.externaltools.gnu-tools-for-stm32.12.3.rel1.win32_1.1.0.202410251130/tools/bin/../lib/gcc/arm-none-eabi/12.3.1/../../../../arm-none-eabi/lib/thumb/v7e-m+dp/hard\libc_nano.a(libc_a-init.o)
                0x080068c0                __libc_init_array
 .text.__retarget_lock_acquire_recursive
                0x08006908        0x2 D:/STM32CubeIDE_1.16.1/STM32CubeIDE/plugins/com.st.stm32cube.ide.mcu.externaltools.gnu-tools-for-stm32.12.3.rel1.win32_1.1.0.202410251130/tools/bin/../lib/gcc/arm-none-eabi/12.3.1/../../../../arm-none-eabi/lib/thumb/v7e-m+dp/hard\libc_nano.a(libc_a-lock.o)
                0x08006908                __retarget_lock_acquire_recursive
 .text.__retarget_lock_release_recursive
                0x0800690a        0x2 D:/STM32CubeIDE_1.16.1/STM32CubeIDE/plugins/com.st.stm32cube.ide.mcu.externaltools.gnu-tools-for-stm32.12.3.rel1.win32_1.1.0.202410251130/tools/bin/../lib/gcc/arm-none-eabi/12.3.1/../../../../arm-none-eabi/lib/thumb/v7e-m+dp/hard\libc_nano.a(libc_a-lock.o)
                0x0800690a                __retarget_lock_release_recursive
 .text.memcpy   0x0800690c       0x1c D:/STM32CubeIDE_1.16.1/STM32CubeIDE/plugins/com.st.stm32cube.ide.mcu.externaltools.gnu-tools-for-stm32.12.3.rel1.win32_1.1.0.202410251130/tools/bin/../lib/gcc/arm-none-eabi/12.3.1/../../../../arm-none-eabi/lib/thumb/v7e-m+dp/hard\libc_nano.a(libc_a-memcpy-stub.o)
                0x0800690c                memcpy
 .text._free_r  0x08006928       0x94 D:/STM32CubeIDE_1.16.1/STM32CubeIDE/plugins/com.st.stm32cube.ide.mcu.externaltools.gnu-tools-for-stm32.12.3.rel1.win32_1.1.0.202410251130/tools/bin/../lib/gcc/arm-none-eabi/12.3.1/../../../../arm-none-eabi/lib/thumb/v7e-m+dp/hard\libc_nano.a(libc_a-freer.o)
                0x08006928                _free_r
 .text.sbrk_aligned
                0x080069bc       0x44 D:/STM32CubeIDE_1.16.1/STM32CubeIDE/plugins/com.st.stm32cube.ide.mcu.externaltools.gnu-tools-for-stm32.12.3.rel1.win32_1.1.0.202410251130/tools/bin/../lib/gcc/arm-none-eabi/12.3.1/../../../../arm-none-eabi/lib/thumb/v7e-m+dp/hard\libc_nano.a(libc_a-mallocr.o)
 .text._malloc_r
                0x08006a00      0x100 D:/STM32CubeIDE_1.16.1/STM32CubeIDE/plugins/com.st.stm32cube.ide.mcu.externaltools.gnu-tools-for-stm32.12.3.rel1.win32_1.1.0.202410251130/tools/bin/../lib/gcc/arm-none-eabi/12.3.1/../../../../arm-none-eabi/lib/thumb/v7e-m+dp/hard\libc_nano.a(libc_a-mallocr.o)
                0x08006a00                _malloc_r
 .text.__malloc_lock
                0x08006b00        0xc D:/STM32CubeIDE_1.16.1/STM32CubeIDE/plugins/com.st.stm32cube.ide.mcu.externaltools.gnu-tools-for-stm32.12.3.rel1.win32_1.1.0.202410251130/tools/bin/../lib/gcc/arm-none-eabi/12.3.1/../../../../arm-none-eabi/lib/thumb/v7e-m+dp/hard\libc_nano.a(libc_a-mlock.o)
                0x08006b00                __malloc_lock
 .text.__malloc_unlock
                0x08006b0c        0xc D:/STM32CubeIDE_1.16.1/STM32CubeIDE/plugins/com.st.stm32cube.ide.mcu.externaltools.gnu-tools-for-stm32.12.3.rel1.win32_1.1.0.202410251130/tools/bin/../lib/gcc/arm-none-eabi/12.3.1/../../../../arm-none-eabi/lib/thumb/v7e-m+dp/hard\libc_nano.a(libc_a-mlock.o)
                0x08006b0c                __malloc_unlock
 .text.__ssputs_r
                0x08006b18       0xb6 D:/STM32CubeIDE_1.16.1/STM32CubeIDE/plugins/com.st.stm32cube.ide.mcu.externaltools.gnu-tools-for-stm32.12.3.rel1.win32_1.1.0.202410251130/tools/bin/../lib/gcc/arm-none-eabi/12.3.1/../../../../arm-none-eabi/lib/thumb/v7e-m+dp/hard\libc_nano.a(libc_a-nano-svfprintf.o)
                0x08006b18                __ssputs_r
 *fill*         0x08006bce        0x2 
 .text._svfprintf_r
                0x08006bd0      0x1f8 D:/STM32CubeIDE_1.16.1/STM32CubeIDE/plugins/com.st.stm32cube.ide.mcu.externaltools.gnu-tools-for-stm32.12.3.rel1.win32_1.1.0.202410251130/tools/bin/../lib/gcc/arm-none-eabi/12.3.1/../../../../arm-none-eabi/lib/thumb/v7e-m+dp/hard\libc_nano.a(libc_a-nano-svfprintf.o)
                0x08006bd0                _svfiprintf_r
                0x08006bd0                _svfprintf_r
 .text._printf_common
                0x08006dc8       0xda D:/STM32CubeIDE_1.16.1/STM32CubeIDE/plugins/com.st.stm32cube.ide.mcu.externaltools.gnu-tools-for-stm32.12.3.rel1.win32_1.1.0.202410251130/tools/bin/../lib/gcc/arm-none-eabi/12.3.1/../../../../arm-none-eabi/lib/thumb/v7e-m+dp/hard\libc_nano.a(libc_a-nano-vfprintf_i.o)
                0x08006dc8                _printf_common
 *fill*         0x08006ea2        0x2 
 .text._printf_i
                0x08006ea4      0x240 D:/STM32CubeIDE_1.16.1/STM32CubeIDE/plugins/com.st.stm32cube.ide.mcu.externaltools.gnu-tools-for-stm32.12.3.rel1.win32_1.1.0.202410251130/tools/bin/../lib/gcc/arm-none-eabi/12.3.1/../../../../arm-none-eabi/lib/thumb/v7e-m+dp/hard\libc_nano.a(libc_a-nano-vfprintf_i.o)
                0x08006ea4                _printf_i
 .text.memmove  0x080070e4       0x34 D:/STM32CubeIDE_1.16.1/STM32CubeIDE/plugins/com.st.stm32cube.ide.mcu.externaltools.gnu-tools-for-stm32.12.3.rel1.win32_1.1.0.202410251130/tools/bin/../lib/gcc/arm-none-eabi/12.3.1/../../../../arm-none-eabi/lib/thumb/v7e-m+dp/hard\libc_nano.a(libc_a-memmove.o)
                0x080070e4                memmove
 .text._sbrk_r  0x08007118       0x20 D:/STM32CubeIDE_1.16.1/STM32CubeIDE/plugins/com.st.stm32cube.ide.mcu.externaltools.gnu-tools-for-stm32.12.3.rel1.win32_1.1.0.202410251130/tools/bin/../lib/gcc/arm-none-eabi/12.3.1/../../../../arm-none-eabi/lib/thumb/v7e-m+dp/hard\libc_nano.a(libc_a-sbrkr.o)
                0x08007118                _sbrk_r
 .text._realloc_r
                0x08007138       0x5c D:/STM32CubeIDE_1.16.1/STM32CubeIDE/plugins/com.st.stm32cube.ide.mcu.externaltools.gnu-tools-for-stm32.12.3.rel1.win32_1.1.0.202410251130/tools/bin/../lib/gcc/arm-none-eabi/12.3.1/../../../../arm-none-eabi/lib/thumb/v7e-m+dp/hard\libc_nano.a(libc_a-reallocr.o)
                0x08007138                _realloc_r
 .text._malloc_usable_size_r
                0x08007194       0x10 D:/STM32CubeIDE_1.16.1/STM32CubeIDE/plugins/com.st.stm32cube.ide.mcu.externaltools.gnu-tools-for-stm32.12.3.rel1.win32_1.1.0.202410251130/tools/bin/../lib/gcc/arm-none-eabi/12.3.1/../../../../arm-none-eabi/lib/thumb/v7e-m+dp/hard\libc_nano.a(libc_a-msizer.o)
                0x08007194                _malloc_usable_size_r
 *(.glue_7)
 .glue_7        0x080071a4        0x0 linker stubs
 *(.glue_7t)
 .glue_7t       0x080071a4        0x0 linker stubs
 *(.eh_frame)
 .eh_frame      0x080071a4        0x0 D:/STM32CubeIDE_1.16.1/STM32CubeIDE/plugins/com.st.stm32cube.ide.mcu.externaltools.gnu-tools-for-stm32.12.3.rel1.win32_1.1.0.202410251130/tools/bin/../lib/gcc/arm-none-eabi/12.3.1/thumb/v7e-m+dp/hard/crtbegin.o
 *(.init)
 .init          0x080071a4        0x4 D:/STM32CubeIDE_1.16.1/STM32CubeIDE/plugins/com.st.stm32cube.ide.mcu.externaltools.gnu-tools-for-stm32.12.3.rel1.win32_1.1.0.202410251130/tools/bin/../lib/gcc/arm-none-eabi/12.3.1/thumb/v7e-m+dp/hard/crti.o
                0x080071a4                _init
 .init          0x080071a8        0x8 D:/STM32CubeIDE_1.16.1/STM32CubeIDE/plugins/com.st.stm32cube.ide.mcu.externaltools.gnu-tools-for-stm32.12.3.rel1.win32_1.1.0.202410251130/tools/bin/../lib/gcc/arm-none-eabi/12.3.1/thumb/v7e-m+dp/hard/crtn.o
 *(.fini)
 .fini          0x080071b0        0x4 D:/STM32CubeIDE_1.16.1/STM32CubeIDE/plugins/com.st.stm32cube.ide.mcu.externaltools.gnu-tools-for-stm32.12.3.rel1.win32_1.1.0.202410251130/tools/bin/../lib/gcc/arm-none-eabi/12.3.1/thumb/v7e-m+dp/hard/crti.o
                0x080071b0                _fini
 .fini          0x080071b4        0x8 D:/STM32CubeIDE_1.16.1/STM32CubeIDE/plugins/com.st.stm32cube.ide.mcu.externaltools.gnu-tools-for-stm32.12.3.rel1.win32_1.1.0.202410251130/tools/bin/../lib/gcc/arm-none-eabi/12.3.1/thumb/v7e-m+dp/hard/crtn.o
                0x080071bc                        . = ALIGN (0x4)
                0x080071bc                        _etext = .

.vfp11_veneer   0x080071bc        0x0
 .vfp11_veneer  0x080071bc        0x0 linker stubs

.v4_bx          0x080071bc        0x0
 .v4_bx         0x080071bc        0x0 linker stubs

.iplt           0x080071bc        0x0
 .iplt          0x080071bc        0x0 D:/STM32CubeIDE_1.16.1/STM32CubeIDE/plugins/com.st.stm32cube.ide.mcu.externaltools.gnu-tools-for-stm32.12.3.rel1.win32_1.1.0.202410251130/tools/bin/../lib/gcc/arm-none-eabi/12.3.1/thumb/v7e-m+dp/hard/crtbegin.o

.rodata         0x080071bc      0x130
                0x080071bc                        . = ALIGN (0x4)
 *(.rodata)
 .rodata        0x080071bc       0xbc ./Core/Src/main.o
 .rodata        0x08007278       0x17 ./common/ThirdParty/FreeRTOS/tasks.o
 *fill*         0x0800728f        0x1 
 .rodata        0x08007290        0xd ./common/ThirdParty/FreeRTOS/timers.o
 *(.rodata*)
 *fill*         0x0800729d        0x3 
 .rodata.AHBPrescTable
                0x080072a0       0x10 ./Core/Src/system_stm32f7xx.o
                0x080072a0                AHBPrescTable
 .rodata.APBPrescTable
                0x080072b0        0x8 ./Core/Src/system_stm32f7xx.o
                0x080072b0                APBPrescTable
 .rodata._svfprintf_r.str1.1
                0x080072b8       0x11 D:/STM32CubeIDE_1.16.1/STM32CubeIDE/plugins/com.st.stm32cube.ide.mcu.externaltools.gnu-tools-for-stm32.12.3.rel1.win32_1.1.0.202410251130/tools/bin/../lib/gcc/arm-none-eabi/12.3.1/../../../../arm-none-eabi/lib/thumb/v7e-m+dp/hard\libc_nano.a(libc_a-nano-svfprintf.o)
 .rodata._printf_i.str1.1
                0x080072c9       0x22 D:/STM32CubeIDE_1.16.1/STM32CubeIDE/plugins/com.st.stm32cube.ide.mcu.externaltools.gnu-tools-for-stm32.12.3.rel1.win32_1.1.0.202410251130/tools/bin/../lib/gcc/arm-none-eabi/12.3.1/../../../../arm-none-eabi/lib/thumb/v7e-m+dp/hard\libc_nano.a(libc_a-nano-vfprintf_i.o)
                0x080072ec                        . = ALIGN (0x4)
 *fill*         0x080072eb        0x1 

.ARM.extab      0x080072ec        0x0
                0x080072ec                        . = ALIGN (0x4)
 *(.ARM.extab* .gnu.linkonce.armextab.*)
                0x080072ec                        . = ALIGN (0x4)

.ARM            0x080072ec        0x8
                0x080072ec                        . = ALIGN (0x4)
                0x080072ec                        __exidx_start = .
 *(.ARM.exidx*)
 .ARM.exidx     0x080072ec        0x8 D:/STM32CubeIDE_1.16.1/STM32CubeIDE/plugins/com.st.stm32cube.ide.mcu.externaltools.gnu-tools-for-stm32.12.3.rel1.win32_1.1.0.202410251130/tools/bin/../lib/gcc/arm-none-eabi/12.3.1/../../../../arm-none-eabi/lib/thumb/v7e-m+dp/hard\libc_nano.a(libc_a-strlen.o)
 .ARM.exidx     0x080072f4        0x0 D:/STM32CubeIDE_1.16.1/STM32CubeIDE/plugins/com.st.stm32cube.ide.mcu.externaltools.gnu-tools-for-stm32.12.3.rel1.win32_1.1.0.202410251130/tools/bin/../lib/gcc/arm-none-eabi/12.3.1/../../../../arm-none-eabi/lib/thumb/v7e-m+dp/hard\libc_nano.a(libc_a-memchr.o)
                                  0x8 (size before relaxing)
 .ARM.exidx     0x080072f4        0x0 D:/STM32CubeIDE_1.16.1/STM32CubeIDE/plugins/com.st.stm32cube.ide.mcu.externaltools.gnu-tools-for-stm32.12.3.rel1.win32_1.1.0.202410251130/tools/bin/../lib/gcc/arm-none-eabi/12.3.1/thumb/v7e-m+dp/hard\libgcc.a(_udivmoddi4.o)
                                  0x8 (size before relaxing)
                0x080072f4                        __exidx_end = .
                0x080072f4                        . = ALIGN (0x4)

.preinit_array  0x080072f4        0x0
                0x080072f4                        . = ALIGN (0x4)
                0x080072f4                        PROVIDE (__preinit_array_start = .)
 *(.preinit_array*)
                0x080072f4                        PROVIDE (__preinit_array_end = .)
                0x080072f4                        . = ALIGN (0x4)

.init_array     0x080072f4        0x4
                0x080072f4                        . = ALIGN (0x4)
                0x080072f4                        PROVIDE (__init_array_start = .)
 *(SORT_BY_NAME(.init_array.*))
 *(.init_array*)
 .init_array    0x080072f4        0x4 D:/STM32CubeIDE_1.16.1/STM32CubeIDE/plugins/com.st.stm32cube.ide.mcu.externaltools.gnu-tools-for-stm32.12.3.rel1.win32_1.1.0.202410251130/tools/bin/../lib/gcc/arm-none-eabi/12.3.1/thumb/v7e-m+dp/hard/crtbegin.o
                0x080072f8                        PROVIDE (__init_array_end = .)
                0x080072f8                        . = ALIGN (0x4)

.fini_array     0x080072f8        0x4
                0x080072f8                        . = ALIGN (0x4)
                [!provide]                        PROVIDE (__fini_array_start = .)
 *(SORT_BY_NAME(.fini_array.*))
 *(.fini_array*)
 .fini_array    0x080072f8        0x4 D:/STM32CubeIDE_1.16.1/STM32CubeIDE/plugins/com.st.stm32cube.ide.mcu.externaltools.gnu-tools-for-stm32.12.3.rel1.win32_1.1.0.202410251130/tools/bin/../lib/gcc/arm-none-eabi/12.3.1/thumb/v7e-m+dp/hard/crtbegin.o
                [!provide]                        PROVIDE (__fini_array_end = .)
                0x080072fc                        . = ALIGN (0x4)
                0x080072fc                        _sidata = LOADADDR (.data)

.rel.dyn        0x080072fc        0x0
 .rel.iplt      0x080072fc        0x0 D:/STM32CubeIDE_1.16.1/STM32CubeIDE/plugins/com.st.stm32cube.ide.mcu.externaltools.gnu-tools-for-stm32.12.3.rel1.win32_1.1.0.202410251130/tools/bin/../lib/gcc/arm-none-eabi/12.3.1/thumb/v7e-m+dp/hard/crtbegin.o

.data           0x20000000       0x64 load address 0x080072fc
                0x20000000                        . = ALIGN (0x4)
                0x20000000                        _sdata = .
 *(.data)
 *(.data*)
 .data.SystemCoreClock
                0x20000000        0x4 ./Core/Src/system_stm32f7xx.o
                0x20000000                SystemCoreClock
 .data.uwTickPrio
                0x20000004        0x4 ./Drivers/STM32F7xx_HAL_Driver/Src/stm32f7xx_hal.o
                0x20000004                uwTickPrio
 .data.uwTickFreq
                0x20000008        0x1 ./Drivers/STM32F7xx_HAL_Driver/Src/stm32f7xx_hal.o
                0x20000008                uwTickFreq
 *fill*         0x20000009        0x3 
 .data.uxTopUsedPriority
                0x2000000c        0x4 ./common/ThirdParty/FreeRTOS/tasks.o
 .data.uxCriticalNesting
                0x20000010        0x4 ./common/ThirdParty/FreeRTOS/portable/GCC/ARM_CM7/r0p1/port.o
 .data._impure_ptr
                0x20000014        0x4 D:/STM32CubeIDE_1.16.1/STM32CubeIDE/plugins/com.st.stm32cube.ide.mcu.externaltools.gnu-tools-for-stm32.12.3.rel1.win32_1.1.0.202410251130/tools/bin/../lib/gcc/arm-none-eabi/12.3.1/../../../../arm-none-eabi/lib/thumb/v7e-m+dp/hard\libc_nano.a(libc_a-impure.o)
                0x20000014                _impure_ptr
 .data._impure_data
                0x20000018       0x4c D:/STM32CubeIDE_1.16.1/STM32CubeIDE/plugins/com.st.stm32cube.ide.mcu.externaltools.gnu-tools-for-stm32.12.3.rel1.win32_1.1.0.202410251130/tools/bin/../lib/gcc/arm-none-eabi/12.3.1/../../../../arm-none-eabi/lib/thumb/v7e-m+dp/hard\libc_nano.a(libc_a-impure.o)
                0x20000018                _impure_data
 *(.RamFunc)
 *(.RamFunc*)
                0x20000064                        . = ALIGN (0x4)
                0x20000064                        _edata = .

.igot.plt       0x20000064        0x0 load address 0x08007360
 .igot.plt      0x20000064        0x0 D:/STM32CubeIDE_1.16.1/STM32CubeIDE/plugins/com.st.stm32cube.ide.mcu.externaltools.gnu-tools-for-stm32.12.3.rel1.win32_1.1.0.202410251130/tools/bin/../lib/gcc/arm-none-eabi/12.3.1/thumb/v7e-m+dp/hard/crtbegin.o
                0x20000064                        . = ALIGN (0x4)

.bss            0x20000064     0xbce4 load address 0x08007360
                0x20000064                        _sbss = .
                0x20000064                        __bss_start__ = _sbss
 *(.bss)
 .bss           0x20000064       0x1c D:/STM32CubeIDE_1.16.1/STM32CubeIDE/plugins/com.st.stm32cube.ide.mcu.externaltools.gnu-tools-for-stm32.12.3.rel1.win32_1.1.0.202410251130/tools/bin/../lib/gcc/arm-none-eabi/12.3.1/thumb/v7e-m+dp/hard/crtbegin.o
 *(.bss*)
 .bss.usr_msg   0x20000080       0xfa ./Core/Src/main.o
                0x20000080                usr_msg
 *fill*         0x2000017a        0x2 
 .bss.huart3    0x2000017c       0x88 ./Core/Src/main.o
                0x2000017c                huart3
 .bss.xCountingSemaphore
                0x20000204        0x4 ./Core/Src/main.o
                0x20000204                xCountingSemaphore
 .bss.htim6     0x20000208       0x4c ./Core/Src/stm32f7xx_hal_timebase_tim.o
                0x20000208                htim6
 .bss.__sbrk_heap_end
                0x20000254        0x4 ./Core/Src/sysmem.o
 .bss.uwTick    0x20000258        0x4 ./Drivers/STM32F7xx_HAL_Driver/Src/stm32f7xx_hal.o
                0x20000258                uwTick
 .bss.xQueueRegistry
                0x2000025c       0x40 ./common/ThirdParty/FreeRTOS/queue.o
                0x2000025c                xQueueRegistry
 .bss.pxCurrentTCB
                0x2000029c        0x4 ./common/ThirdParty/FreeRTOS/tasks.o
                0x2000029c                pxCurrentTCB
 .bss.pxReadyTasksLists
                0x200002a0       0x64 ./common/ThirdParty/FreeRTOS/tasks.o
 .bss.xDelayedTaskList1
                0x20000304       0x14 ./common/ThirdParty/FreeRTOS/tasks.o
 .bss.xDelayedTaskList2
                0x20000318       0x14 ./common/ThirdParty/FreeRTOS/tasks.o
 .bss.pxDelayedTaskList
                0x2000032c        0x4 ./common/ThirdParty/FreeRTOS/tasks.o
 .bss.pxOverflowDelayedTaskList
                0x20000330        0x4 ./common/ThirdParty/FreeRTOS/tasks.o
 .bss.xPendingReadyList
                0x20000334       0x14 ./common/ThirdParty/FreeRTOS/tasks.o
 .bss.xTasksWaitingTermination
                0x20000348       0x14 ./common/ThirdParty/FreeRTOS/tasks.o
 .bss.uxDeletedTasksWaitingCleanUp
                0x2000035c        0x4 ./common/ThirdParty/FreeRTOS/tasks.o
 .bss.xSuspendedTaskList
                0x20000360       0x14 ./common/ThirdParty/FreeRTOS/tasks.o
 .bss.uxCurrentNumberOfTasks
                0x20000374        0x4 ./common/ThirdParty/FreeRTOS/tasks.o
 .bss.xTickCount
                0x20000378        0x4 ./common/ThirdParty/FreeRTOS/tasks.o
 .bss.uxTopReadyPriority
                0x2000037c        0x4 ./common/ThirdParty/FreeRTOS/tasks.o
 .bss.xSchedulerRunning
                0x20000380        0x4 ./common/ThirdParty/FreeRTOS/tasks.o
 .bss.xPendedTicks
                0x20000384        0x4 ./common/ThirdParty/FreeRTOS/tasks.o
 .bss.xYieldPendings
                0x20000388        0x4 ./common/ThirdParty/FreeRTOS/tasks.o
 .bss.xNumOfOverflows
                0x2000038c        0x4 ./common/ThirdParty/FreeRTOS/tasks.o
 .bss.uxTaskNumber
                0x20000390        0x4 ./common/ThirdParty/FreeRTOS/tasks.o
 .bss.xNextTaskUnblockTime
                0x20000394        0x4 ./common/ThirdParty/FreeRTOS/tasks.o
 .bss.xIdleTaskHandles
                0x20000398        0x4 ./common/ThirdParty/FreeRTOS/tasks.o
 .bss.uxSchedulerSuspended
                0x2000039c        0x4 ./common/ThirdParty/FreeRTOS/tasks.o
 .bss.xActiveTimerList1
                0x200003a0       0x14 ./common/ThirdParty/FreeRTOS/timers.o
 .bss.xActiveTimerList2
                0x200003b4       0x14 ./common/ThirdParty/FreeRTOS/timers.o
 .bss.pxCurrentTimerList
                0x200003c8        0x4 ./common/ThirdParty/FreeRTOS/timers.o
 .bss.pxOverflowTimerList
                0x200003cc        0x4 ./common/ThirdParty/FreeRTOS/timers.o
 .bss.xTimerQueue
                0x200003d0        0x4 ./common/ThirdParty/FreeRTOS/timers.o
 .bss.xTimerTaskHandle
                0x200003d4        0x4 ./common/ThirdParty/FreeRTOS/timers.o
 .bss.xLastTime.0
                0x200003d8        0x4 ./common/ThirdParty/FreeRTOS/timers.o
 .bss.ucMaxSysCallPriority
                0x200003dc        0x1 ./common/ThirdParty/FreeRTOS/portable/GCC/ARM_CM7/r0p1/port.o
 *fill*         0x200003dd        0x3 
 .bss.ulMaxPRIGROUPValue
                0x200003e0        0x4 ./common/ThirdParty/FreeRTOS/portable/GCC/ARM_CM7/r0p1/port.o
 .bss.ucHeap    0x200003e4     0xb800 ./common/ThirdParty/FreeRTOS/portable/MemMang/heap_4.o
 .bss.xStart    0x2000bbe4        0x8 ./common/ThirdParty/FreeRTOS/portable/MemMang/heap_4.o
 .bss.pxEnd     0x2000bbec        0x4 ./common/ThirdParty/FreeRTOS/portable/MemMang/heap_4.o
 .bss.xFreeBytesRemaining
                0x2000bbf0        0x4 ./common/ThirdParty/FreeRTOS/portable/MemMang/heap_4.o
 .bss.xMinimumEverFreeBytesRemaining
                0x2000bbf4        0x4 ./common/ThirdParty/FreeRTOS/portable/MemMang/heap_4.o
 .bss.xNumberOfSuccessfulAllocations
                0x2000bbf8        0x4 ./common/ThirdParty/FreeRTOS/portable/MemMang/heap_4.o
 .bss.xNumberOfSuccessfulFrees
                0x2000bbfc        0x4 ./common/ThirdParty/FreeRTOS/portable/MemMang/heap_4.o
 .bss.__sf      0x2000bc00      0x138 D:/STM32CubeIDE_1.16.1/STM32CubeIDE/plugins/com.st.stm32cube.ide.mcu.externaltools.gnu-tools-for-stm32.12.3.rel1.win32_1.1.0.202410251130/tools/bin/../lib/gcc/arm-none-eabi/12.3.1/../../../../arm-none-eabi/lib/thumb/v7e-m+dp/hard\libc_nano.a(libc_a-findfp.o)
                0x2000bc00                __sf
 .bss.errno     0x2000bd38        0x4 D:/STM32CubeIDE_1.16.1/STM32CubeIDE/plugins/com.st.stm32cube.ide.mcu.externaltools.gnu-tools-for-stm32.12.3.rel1.win32_1.1.0.202410251130/tools/bin/../lib/gcc/arm-none-eabi/12.3.1/../../../../arm-none-eabi/lib/thumb/v7e-m+dp/hard\libc_nano.a(libc_a-reent.o)
                0x2000bd38                errno
 .bss.__lock___malloc_recursive_mutex
                0x2000bd3c        0x1 D:/STM32CubeIDE_1.16.1/STM32CubeIDE/plugins/com.st.stm32cube.ide.mcu.externaltools.gnu-tools-for-stm32.12.3.rel1.win32_1.1.0.202410251130/tools/bin/../lib/gcc/arm-none-eabi/12.3.1/../../../../arm-none-eabi/lib/thumb/v7e-m+dp/hard\libc_nano.a(libc_a-lock.o)
                0x2000bd3c                __lock___malloc_recursive_mutex
 *fill*         0x2000bd3d        0x3 
 .bss.__malloc_sbrk_start
                0x2000bd40        0x4 D:/STM32CubeIDE_1.16.1/STM32CubeIDE/plugins/com.st.stm32cube.ide.mcu.externaltools.gnu-tools-for-stm32.12.3.rel1.win32_1.1.0.202410251130/tools/bin/../lib/gcc/arm-none-eabi/12.3.1/../../../../arm-none-eabi/lib/thumb/v7e-m+dp/hard\libc_nano.a(libc_a-mallocr.o)
                0x2000bd40                __malloc_sbrk_start
 .bss.__malloc_free_list
                0x2000bd44        0x4 D:/STM32CubeIDE_1.16.1/STM32CubeIDE/plugins/com.st.stm32cube.ide.mcu.externaltools.gnu-tools-for-stm32.12.3.rel1.win32_1.1.0.202410251130/tools/bin/../lib/gcc/arm-none-eabi/12.3.1/../../../../arm-none-eabi/lib/thumb/v7e-m+dp/hard\libc_nano.a(libc_a-mallocr.o)
                0x2000bd44                __malloc_free_list
 *(COMMON)
                0x2000bd48                        . = ALIGN (0x4)
                0x2000bd48                        _ebss = .
                0x2000bd48                        __bss_end__ = _ebss

._user_heap_stack
                0x2000bd48      0x600 load address 0x08007360
                0x2000bd48                        . = ALIGN (0x8)
                [!provide]                        PROVIDE (end = .)
                0x2000bd48                        PROVIDE (_end = .)
                0x2000bf48                        . = (. + _Min_Heap_Size)
 *fill*         0x2000bd48      0x200 
                0x2000c348                        . = (. + _Min_Stack_Size)
 *fill*         0x2000bf48      0x400 
                0x2000c348                        . = ALIGN (0x8)

/DISCARD/
 libc.a(*)
 libm.a(*)
 libgcc.a(*)

.ARM.attributes
                0x00000000       0x2e
 *(.ARM.attributes)
 .ARM.attributes
                0x00000000       0x20 D:/STM32CubeIDE_1.16.1/STM32CubeIDE/plugins/com.st.stm32cube.ide.mcu.externaltools.gnu-tools-for-stm32.12.3.rel1.win32_1.1.0.202410251130/tools/bin/../lib/gcc/arm-none-eabi/12.3.1/thumb/v7e-m+dp/hard/crti.o
 .ARM.attributes
                0x00000020       0x32 D:/STM32CubeIDE_1.16.1/STM32CubeIDE/plugins/com.st.stm32cube.ide.mcu.externaltools.gnu-tools-for-stm32.12.3.rel1.win32_1.1.0.202410251130/tools/bin/../lib/gcc/arm-none-eabi/12.3.1/thumb/v7e-m+dp/hard/crtbegin.o
 .ARM.attributes
                0x00000052       0x32 ./Core/Src/main.o
 .ARM.attributes
                0x00000084       0x32 ./Core/Src/stm32f7xx_hal_msp.o
 .ARM.attributes
                0x000000b6       0x32 ./Core/Src/stm32f7xx_hal_timebase_tim.o
 .ARM.attributes
                0x000000e8       0x32 ./Core/Src/stm32f7xx_it.o
 .ARM.attributes
                0x0000011a       0x32 ./Core/Src/sysmem.o
 .ARM.attributes
                0x0000014c       0x32 ./Core/Src/system_stm32f7xx.o
 .ARM.attributes
                0x0000017e       0x21 ./Core/Startup/startup_stm32f767zitx.o
 .ARM.attributes
                0x0000019f       0x32 ./Drivers/STM32F7xx_HAL_Driver/Src/stm32f7xx_hal.o
 .ARM.attributes
                0x000001d1       0x32 ./Drivers/STM32F7xx_HAL_Driver/Src/stm32f7xx_hal_cortex.o
 .ARM.attributes
                0x00000203       0x32 ./Drivers/STM32F7xx_HAL_Driver/Src/stm32f7xx_hal_gpio.o
 .ARM.attributes
                0x00000235       0x32 ./Drivers/STM32F7xx_HAL_Driver/Src/stm32f7xx_hal_rcc.o
 .ARM.attributes
                0x00000267       0x32 ./Drivers/STM32F7xx_HAL_Driver/Src/stm32f7xx_hal_rcc_ex.o
 .ARM.attributes
                0x00000299       0x32 ./Drivers/STM32F7xx_HAL_Driver/Src/stm32f7xx_hal_tim.o
 .ARM.attributes
                0x000002cb       0x32 ./Drivers/STM32F7xx_HAL_Driver/Src/stm32f7xx_hal_tim_ex.o
 .ARM.attributes
                0x000002fd       0x32 ./Drivers/STM32F7xx_HAL_Driver/Src/stm32f7xx_hal_uart.o
 .ARM.attributes
                0x0000032f       0x32 ./common/ThirdParty/FreeRTOS/list.o
 .ARM.attributes
                0x00000361       0x32 ./common/ThirdParty/FreeRTOS/queue.o
 .ARM.attributes
                0x00000393       0x32 ./common/ThirdParty/FreeRTOS/tasks.o
 .ARM.attributes
                0x000003c5       0x32 ./common/ThirdParty/FreeRTOS/timers.o
 .ARM.attributes
                0x000003f7       0x32 ./common/ThirdParty/FreeRTOS/portable/GCC/ARM_CM7/r0p1/port.o
 .ARM.attributes
                0x00000429       0x32 ./common/ThirdParty/FreeRTOS/portable/MemMang/heap_4.o
 .ARM.attributes
                0x0000045b       0x32 D:/STM32CubeIDE_1.16.1/STM32CubeIDE/plugins/com.st.stm32cube.ide.mcu.externaltools.gnu-tools-for-stm32.12.3.rel1.win32_1.1.0.202410251130/tools/bin/../lib/gcc/arm-none-eabi/12.3.1/../../../../arm-none-eabi/lib/thumb/v7e-m+dp/hard\libc_nano.a(libc_a-findfp.o)
 .ARM.attributes
                0x0000048d       0x32 D:/STM32CubeIDE_1.16.1/STM32CubeIDE/plugins/com.st.stm32cube.ide.mcu.externaltools.gnu-tools-for-stm32.12.3.rel1.win32_1.1.0.202410251130/tools/bin/../lib/gcc/arm-none-eabi/12.3.1/../../../../arm-none-eabi/lib/thumb/v7e-m+dp/hard\libc_nano.a(libc_a-sprintf.o)
 .ARM.attributes
                0x000004bf       0x32 D:/STM32CubeIDE_1.16.1/STM32CubeIDE/plugins/com.st.stm32cube.ide.mcu.externaltools.gnu-tools-for-stm32.12.3.rel1.win32_1.1.0.202410251130/tools/bin/../lib/gcc/arm-none-eabi/12.3.1/../../../../arm-none-eabi/lib/thumb/v7e-m+dp/hard\libc_nano.a(libc_a-memset.o)
 .ARM.attributes
                0x000004f1       0x32 D:/STM32CubeIDE_1.16.1/STM32CubeIDE/plugins/com.st.stm32cube.ide.mcu.externaltools.gnu-tools-for-stm32.12.3.rel1.win32_1.1.0.202410251130/tools/bin/../lib/gcc/arm-none-eabi/12.3.1/../../../../arm-none-eabi/lib/thumb/v7e-m+dp/hard\libc_nano.a(libc_a-reent.o)
 .ARM.attributes
                0x00000523       0x32 D:/STM32CubeIDE_1.16.1/STM32CubeIDE/plugins/com.st.stm32cube.ide.mcu.externaltools.gnu-tools-for-stm32.12.3.rel1.win32_1.1.0.202410251130/tools/bin/../lib/gcc/arm-none-eabi/12.3.1/../../../../arm-none-eabi/lib/thumb/v7e-m+dp/hard\libc_nano.a(libc_a-impure.o)
 .ARM.attributes
                0x00000555       0x32 D:/STM32CubeIDE_1.16.1/STM32CubeIDE/plugins/com.st.stm32cube.ide.mcu.externaltools.gnu-tools-for-stm32.12.3.rel1.win32_1.1.0.202410251130/tools/bin/../lib/gcc/arm-none-eabi/12.3.1/../../../../arm-none-eabi/lib/thumb/v7e-m+dp/hard\libc_nano.a(libc_a-errno.o)
 .ARM.attributes
                0x00000587       0x32 D:/STM32CubeIDE_1.16.1/STM32CubeIDE/plugins/com.st.stm32cube.ide.mcu.externaltools.gnu-tools-for-stm32.12.3.rel1.win32_1.1.0.202410251130/tools/bin/../lib/gcc/arm-none-eabi/12.3.1/../../../../arm-none-eabi/lib/thumb/v7e-m+dp/hard\libc_nano.a(libc_a-init.o)
 .ARM.attributes
                0x000005b9       0x32 D:/STM32CubeIDE_1.16.1/STM32CubeIDE/plugins/com.st.stm32cube.ide.mcu.externaltools.gnu-tools-for-stm32.12.3.rel1.win32_1.1.0.202410251130/tools/bin/../lib/gcc/arm-none-eabi/12.3.1/../../../../arm-none-eabi/lib/thumb/v7e-m+dp/hard\libc_nano.a(libc_a-lock.o)
 .ARM.attributes
                0x000005eb       0x32 D:/STM32CubeIDE_1.16.1/STM32CubeIDE/plugins/com.st.stm32cube.ide.mcu.externaltools.gnu-tools-for-stm32.12.3.rel1.win32_1.1.0.202410251130/tools/bin/../lib/gcc/arm-none-eabi/12.3.1/../../../../arm-none-eabi/lib/thumb/v7e-m+dp/hard\libc_nano.a(libc_a-memcpy-stub.o)
 .ARM.attributes
                0x0000061d       0x17 D:/STM32CubeIDE_1.16.1/STM32CubeIDE/plugins/com.st.stm32cube.ide.mcu.externaltools.gnu-tools-for-stm32.12.3.rel1.win32_1.1.0.202410251130/tools/bin/../lib/gcc/arm-none-eabi/12.3.1/../../../../arm-none-eabi/lib/thumb/v7e-m+dp/hard\libc_nano.a(libc_a-strlen.o)
 .ARM.attributes
                0x00000634       0x32 D:/STM32CubeIDE_1.16.1/STM32CubeIDE/plugins/com.st.stm32cube.ide.mcu.externaltools.gnu-tools-for-stm32.12.3.rel1.win32_1.1.0.202410251130/tools/bin/../lib/gcc/arm-none-eabi/12.3.1/../../../../arm-none-eabi/lib/thumb/v7e-m+dp/hard\libc_nano.a(libc_a-freer.o)
 .ARM.attributes
                0x00000666       0x32 D:/STM32CubeIDE_1.16.1/STM32CubeIDE/plugins/com.st.stm32cube.ide.mcu.externaltools.gnu-tools-for-stm32.12.3.rel1.win32_1.1.0.202410251130/tools/bin/../lib/gcc/arm-none-eabi/12.3.1/../../../../arm-none-eabi/lib/thumb/v7e-m+dp/hard\libc_nano.a(libc_a-mallocr.o)
 .ARM.attributes
                0x00000698       0x32 D:/STM32CubeIDE_1.16.1/STM32CubeIDE/plugins/com.st.stm32cube.ide.mcu.externaltools.gnu-tools-for-stm32.12.3.rel1.win32_1.1.0.202410251130/tools/bin/../lib/gcc/arm-none-eabi/12.3.1/../../../../arm-none-eabi/lib/thumb/v7e-m+dp/hard\libc_nano.a(libc_a-mlock.o)
 .ARM.attributes
                0x000006ca       0x32 D:/STM32CubeIDE_1.16.1/STM32CubeIDE/plugins/com.st.stm32cube.ide.mcu.externaltools.gnu-tools-for-stm32.12.3.rel1.win32_1.1.0.202410251130/tools/bin/../lib/gcc/arm-none-eabi/12.3.1/../../../../arm-none-eabi/lib/thumb/v7e-m+dp/hard\libc_nano.a(libc_a-nano-svfprintf.o)
 .ARM.attributes
                0x000006fc       0x32 D:/STM32CubeIDE_1.16.1/STM32CubeIDE/plugins/com.st.stm32cube.ide.mcu.externaltools.gnu-tools-for-stm32.12.3.rel1.win32_1.1.0.202410251130/tools/bin/../lib/gcc/arm-none-eabi/12.3.1/../../../../arm-none-eabi/lib/thumb/v7e-m+dp/hard\libc_nano.a(libc_a-nano-vfprintf_i.o)
 .ARM.attributes
                0x0000072e       0x32 D:/STM32CubeIDE_1.16.1/STM32CubeIDE/plugins/com.st.stm32cube.ide.mcu.externaltools.gnu-tools-for-stm32.12.3.rel1.win32_1.1.0.202410251130/tools/bin/../lib/gcc/arm-none-eabi/12.3.1/../../../../arm-none-eabi/lib/thumb/v7e-m+dp/hard\libc_nano.a(libc_a-memmove.o)
 .ARM.attributes
                0x00000760       0x32 D:/STM32CubeIDE_1.16.1/STM32CubeIDE/plugins/com.st.stm32cube.ide.mcu.externaltools.gnu-tools-for-stm32.12.3.rel1.win32_1.1.0.202410251130/tools/bin/../lib/gcc/arm-none-eabi/12.3.1/../../../../arm-none-eabi/lib/thumb/v7e-m+dp/hard\libc_nano.a(libc_a-sbrkr.o)
 .ARM.attributes
                0x00000792       0x1c D:/STM32CubeIDE_1.16.1/STM32CubeIDE/plugins/com.st.stm32cube.ide.mcu.externaltools.gnu-tools-for-stm32.12.3.rel1.win32_1.1.0.202410251130/tools/bin/../lib/gcc/arm-none-eabi/12.3.1/../../../../arm-none-eabi/lib/thumb/v7e-m+dp/hard\libc_nano.a(libc_a-memchr.o)
 .ARM.attributes
                0x000007ae       0x32 D:/STM32CubeIDE_1.16.1/STM32CubeIDE/plugins/com.st.stm32cube.ide.mcu.externaltools.gnu-tools-for-stm32.12.3.rel1.win32_1.1.0.202410251130/tools/bin/../lib/gcc/arm-none-eabi/12.3.1/../../../../arm-none-eabi/lib/thumb/v7e-m+dp/hard\libc_nano.a(libc_a-reallocr.o)
 .ARM.attributes
                0x000007e0       0x32 D:/STM32CubeIDE_1.16.1/STM32CubeIDE/plugins/com.st.stm32cube.ide.mcu.externaltools.gnu-tools-for-stm32.12.3.rel1.win32_1.1.0.202410251130/tools/bin/../lib/gcc/arm-none-eabi/12.3.1/../../../../arm-none-eabi/lib/thumb/v7e-m+dp/hard\libc_nano.a(libc_a-msizer.o)
 .ARM.attributes
                0x00000812       0x20 D:/STM32CubeIDE_1.16.1/STM32CubeIDE/plugins/com.st.stm32cube.ide.mcu.externaltools.gnu-tools-for-stm32.12.3.rel1.win32_1.1.0.202410251130/tools/bin/../lib/gcc/arm-none-eabi/12.3.1/thumb/v7e-m+dp/hard\libgcc.a(_aeabi_uldivmod.o)
 .ARM.attributes
                0x00000832       0x32 D:/STM32CubeIDE_1.16.1/STM32CubeIDE/plugins/com.st.stm32cube.ide.mcu.externaltools.gnu-tools-for-stm32.12.3.rel1.win32_1.1.0.202410251130/tools/bin/../lib/gcc/arm-none-eabi/12.3.1/thumb/v7e-m+dp/hard\libgcc.a(_udivmoddi4.o)
 .ARM.attributes
                0x00000864       0x20 D:/STM32CubeIDE_1.16.1/STM32CubeIDE/plugins/com.st.stm32cube.ide.mcu.externaltools.gnu-tools-for-stm32.12.3.rel1.win32_1.1.0.202410251130/tools/bin/../lib/gcc/arm-none-eabi/12.3.1/thumb/v7e-m+dp/hard\libgcc.a(_dvmd_tls.o)
 .ARM.attributes
                0x00000884       0x20 D:/STM32CubeIDE_1.16.1/STM32CubeIDE/plugins/com.st.stm32cube.ide.mcu.externaltools.gnu-tools-for-stm32.12.3.rel1.win32_1.1.0.202410251130/tools/bin/../lib/gcc/arm-none-eabi/12.3.1/thumb/v7e-m+dp/hard/crtn.o
OUTPUT(012_Counting_Semaphore.elf elf32-littlearm)
LOAD linker stubs
LOAD D:/STM32CubeIDE_1.16.1/STM32CubeIDE/plugins/com.st.stm32cube.ide.mcu.externaltools.gnu-tools-for-stm32.12.3.rel1.win32_1.1.0.202410251130/tools/bin/../lib/gcc/arm-none-eabi/12.3.1/../../../../arm-none-eabi/lib/thumb/v7e-m+dp/hard\libc.a
LOAD D:/STM32CubeIDE_1.16.1/STM32CubeIDE/plugins/com.st.stm32cube.ide.mcu.externaltools.gnu-tools-for-stm32.12.3.rel1.win32_1.1.0.202410251130/tools/bin/../lib/gcc/arm-none-eabi/12.3.1/../../../../arm-none-eabi/lib/thumb/v7e-m+dp/hard\libm.a
LOAD D:/STM32CubeIDE_1.16.1/STM32CubeIDE/plugins/com.st.stm32cube.ide.mcu.externaltools.gnu-tools-for-stm32.12.3.rel1.win32_1.1.0.202410251130/tools/bin/../lib/gcc/arm-none-eabi/12.3.1/thumb/v7e-m+dp/hard\libgcc.a

.debug_info     0x00000000    0x152fe
 .debug_info    0x00000000     0x1846 ./Core/Src/main.o
 .debug_info    0x00001846      0xc8e ./Core/Src/stm32f7xx_hal_msp.o
 .debug_info    0x000024d4      0xd1d ./Core/Src/stm32f7xx_hal_timebase_tim.o
 .debug_info    0x000031f1      0x715 ./Core/Src/stm32f7xx_it.o
 .debug_info    0x00003906      0x168 ./Core/Src/sysmem.o
 .debug_info    0x00003a6e      0x6ed ./Core/Src/system_stm32f7xx.o
 .debug_info    0x0000415b       0x30 ./Core/Startup/startup_stm32f767zitx.o
 .debug_info    0x0000418b      0xa4c ./Drivers/STM32F7xx_HAL_Driver/Src/stm32f7xx_hal.o
 .debug_info    0x00004bd7      0xfc0 ./Drivers/STM32F7xx_HAL_Driver/Src/stm32f7xx_hal_cortex.o
 .debug_info    0x00005b97      0x6f3 ./Drivers/STM32F7xx_HAL_Driver/Src/stm32f7xx_hal_gpio.o
 .debug_info    0x0000628a      0x937 ./Drivers/STM32F7xx_HAL_Driver/Src/stm32f7xx_hal_rcc.o
 .debug_info    0x00006bc1      0x6e1 ./Drivers/STM32F7xx_HAL_Driver/Src/stm32f7xx_hal_rcc_ex.o
 .debug_info    0x000072a2     0x2ad5 ./Drivers/STM32F7xx_HAL_Driver/Src/stm32f7xx_hal_tim.o
 .debug_info    0x00009d77     0x16bb ./Drivers/STM32F7xx_HAL_Driver/Src/stm32f7xx_hal_tim_ex.o
 .debug_info    0x0000b432     0x3adc ./Drivers/STM32F7xx_HAL_Driver/Src/stm32f7xx_hal_uart.o
 .debug_info    0x0000ef0e      0x2aa ./common/ThirdParty/FreeRTOS/list.o
 .debug_info    0x0000f1b8     0x1b0e ./common/ThirdParty/FreeRTOS/queue.o
 .debug_info    0x00010cc6     0x2a6c ./common/ThirdParty/FreeRTOS/tasks.o
 .debug_info    0x00013732     0x10ba ./common/ThirdParty/FreeRTOS/timers.o
 .debug_info    0x000147ec      0x53b ./common/ThirdParty/FreeRTOS/portable/GCC/ARM_CM7/r0p1/port.o
 .debug_info    0x00014d27      0x5d7 ./common/ThirdParty/FreeRTOS/portable/MemMang/heap_4.o

.debug_abbrev   0x00000000     0x2dee
 .debug_abbrev  0x00000000      0x381 ./Core/Src/main.o
 .debug_abbrev  0x00000381      0x1d6 ./Core/Src/stm32f7xx_hal_msp.o
 .debug_abbrev  0x00000557      0x1f4 ./Core/Src/stm32f7xx_hal_timebase_tim.o
 .debug_abbrev  0x0000074b      0x17d ./Core/Src/stm32f7xx_it.o
 .debug_abbrev  0x000008c8       0xbc ./Core/Src/sysmem.o
 .debug_abbrev  0x00000984      0x13b ./Core/Src/system_stm32f7xx.o
 .debug_abbrev  0x00000abf       0x24 ./Core/Startup/startup_stm32f767zitx.o
 .debug_abbrev  0x00000ae3      0x213 ./Drivers/STM32F7xx_HAL_Driver/Src/stm32f7xx_hal.o
 .debug_abbrev  0x00000cf6      0x31e ./Drivers/STM32F7xx_HAL_Driver/Src/stm32f7xx_hal_cortex.o
 .debug_abbrev  0x00001014      0x1d4 ./Drivers/STM32F7xx_HAL_Driver/Src/stm32f7xx_hal_gpio.o
 .debug_abbrev  0x000011e8      0x2de ./Drivers/STM32F7xx_HAL_Driver/Src/stm32f7xx_hal_rcc.o
 .debug_abbrev  0x000014c6      0x1c9 ./Drivers/STM32F7xx_HAL_Driver/Src/stm32f7xx_hal_rcc_ex.o
 .debug_abbrev  0x0000168f      0x278 ./Drivers/STM32F7xx_HAL_Driver/Src/stm32f7xx_hal_tim.o
 .debug_abbrev  0x00001907      0x283 ./Drivers/STM32F7xx_HAL_Driver/Src/stm32f7xx_hal_tim_ex.o
 .debug_abbrev  0x00001b8a      0x2e6 ./Drivers/STM32F7xx_HAL_Driver/Src/stm32f7xx_hal_uart.o
 .debug_abbrev  0x00001e70       0xee ./common/ThirdParty/FreeRTOS/list.o
 .debug_abbrev  0x00001f5e      0x322 ./common/ThirdParty/FreeRTOS/queue.o
 .debug_abbrev  0x00002280      0x3ac ./common/ThirdParty/FreeRTOS/tasks.o
 .debug_abbrev  0x0000262c      0x2fe ./common/ThirdParty/FreeRTOS/timers.o
 .debug_abbrev  0x0000292a      0x26a ./common/ThirdParty/FreeRTOS/portable/GCC/ARM_CM7/r0p1/port.o
 .debug_abbrev  0x00002b94      0x25a ./common/ThirdParty/FreeRTOS/portable/MemMang/heap_4.o

.debug_aranges  0x00000000     0x1288
 .debug_aranges
                0x00000000       0x70 ./Core/Src/main.o
 .debug_aranges
                0x00000070       0x30 ./Core/Src/stm32f7xx_hal_msp.o
 .debug_aranges
                0x000000a0       0x30 ./Core/Src/stm32f7xx_hal_timebase_tim.o
 .debug_aranges
                0x000000d0       0x50 ./Core/Src/stm32f7xx_it.o
 .debug_aranges
                0x00000120       0x20 ./Core/Src/sysmem.o
 .debug_aranges
                0x00000140       0x28 ./Core/Src/system_stm32f7xx.o
 .debug_aranges
                0x00000168       0x28 ./Core/Startup/startup_stm32f767zitx.o
 .debug_aranges
                0x00000190      0x110 ./Drivers/STM32F7xx_HAL_Driver/Src/stm32f7xx_hal.o
 .debug_aranges
                0x000002a0      0x128 ./Drivers/STM32F7xx_HAL_Driver/Src/stm32f7xx_hal_cortex.o
 .debug_aranges
                0x000003c8       0x58 ./Drivers/STM32F7xx_HAL_Driver/Src/stm32f7xx_hal_gpio.o
 .debug_aranges
                0x00000420       0x88 ./Drivers/STM32F7xx_HAL_Driver/Src/stm32f7xx_hal_rcc.o
 .debug_aranges
                0x000004a8       0x50 ./Drivers/STM32F7xx_HAL_Driver/Src/stm32f7xx_hal_rcc_ex.o
 .debug_aranges
                0x000004f8      0x3e0 ./Drivers/STM32F7xx_HAL_Driver/Src/stm32f7xx_hal_tim.o
 .debug_aranges
                0x000008d8      0x180 ./Drivers/STM32F7xx_HAL_Driver/Src/stm32f7xx_hal_tim_ex.o
 .debug_aranges
                0x00000a58      0x230 ./Drivers/STM32F7xx_HAL_Driver/Src/stm32f7xx_hal_uart.o
 .debug_aranges
                0x00000c88       0x40 ./common/ThirdParty/FreeRTOS/list.o
 .debug_aranges
                0x00000cc8      0x170 ./common/ThirdParty/FreeRTOS/queue.o
 .debug_aranges
                0x00000e38      0x260 ./common/ThirdParty/FreeRTOS/tasks.o
 .debug_aranges
                0x00001098      0x108 ./common/ThirdParty/FreeRTOS/timers.o
 .debug_aranges
                0x000011a0       0x80 ./common/ThirdParty/FreeRTOS/portable/GCC/ARM_CM7/r0p1/port.o
 .debug_aranges
                0x00001220       0x68 ./common/ThirdParty/FreeRTOS/portable/MemMang/heap_4.o

.debug_rnglists
                0x00000000      0xe82
 .debug_rnglists
                0x00000000       0x53 ./Core/Src/main.o
 .debug_rnglists
                0x00000053       0x20 ./Core/Src/stm32f7xx_hal_msp.o
 .debug_rnglists
                0x00000073       0x20 ./Core/Src/stm32f7xx_hal_timebase_tim.o
 .debug_rnglists
                0x00000093       0x37 ./Core/Src/stm32f7xx_it.o
 .debug_rnglists
                0x000000ca       0x13 ./Core/Src/sysmem.o
 .debug_rnglists
                0x000000dd       0x1a ./Core/Src/system_stm32f7xx.o
 .debug_rnglists
                0x000000f7       0x19 ./Core/Startup/startup_stm32f767zitx.o
 .debug_rnglists
                0x00000110       0xc7 ./Drivers/STM32F7xx_HAL_Driver/Src/stm32f7xx_hal.o
 .debug_rnglists
                0x000001d7       0xda ./Drivers/STM32F7xx_HAL_Driver/Src/stm32f7xx_hal_cortex.o
 .debug_rnglists
                0x000002b1       0x3f ./Drivers/STM32F7xx_HAL_Driver/Src/stm32f7xx_hal_gpio.o
 .debug_rnglists
                0x000002f0       0x67 ./Drivers/STM32F7xx_HAL_Driver/Src/stm32f7xx_hal_rcc.o
 .debug_rnglists
                0x00000357       0x3c ./Drivers/STM32F7xx_HAL_Driver/Src/stm32f7xx_hal_rcc_ex.o
 .debug_rnglists
                0x00000393      0x328 ./Drivers/STM32F7xx_HAL_Driver/Src/stm32f7xx_hal_tim.o
 .debug_rnglists
                0x000006bb      0x138 ./Drivers/STM32F7xx_HAL_Driver/Src/stm32f7xx_hal_tim_ex.o
 .debug_rnglists
                0x000007f3      0x1e0 ./Drivers/STM32F7xx_HAL_Driver/Src/stm32f7xx_hal_uart.o
 .debug_rnglists
                0x000009d3       0x2b ./common/ThirdParty/FreeRTOS/list.o
 .debug_rnglists
                0x000009fe      0x11d ./common/ThirdParty/FreeRTOS/queue.o
 .debug_rnglists
                0x00000b1b      0x1f6 ./common/ThirdParty/FreeRTOS/tasks.o
 .debug_rnglists
                0x00000d11       0xc6 ./common/ThirdParty/FreeRTOS/timers.o
 .debug_rnglists
                0x00000dd7       0x5d ./common/ThirdParty/FreeRTOS/portable/GCC/ARM_CM7/r0p1/port.o
 .debug_rnglists
                0x00000e34       0x4e ./common/ThirdParty/FreeRTOS/portable/MemMang/heap_4.o

.debug_macro    0x00000000    0x2b0ba
 .debug_macro   0x00000000      0x3cb ./Core/Src/main.o
 .debug_macro   0x000003cb      0xacc ./Core/Src/main.o
 .debug_macro   0x00000e97      0x293 ./Core/Src/main.o
 .debug_macro   0x0000112a       0x2e ./Core/Src/main.o
 .debug_macro   0x00001158       0x3b ./Core/Src/main.o
 .debug_macro   0x00001193       0x22 ./Core/Src/main.o
 .debug_macro   0x000011b5       0x8e ./Core/Src/main.o
 .debug_macro   0x00001243       0x51 ./Core/Src/main.o
 .debug_macro   0x00001294      0x103 ./Core/Src/main.o
 .debug_macro   0x00001397       0x6a ./Core/Src/main.o
 .debug_macro   0x00001401      0x1df ./Core/Src/main.o
 .debug_macro   0x000015e0       0x1c ./Core/Src/main.o
 .debug_macro   0x000015fc       0x22 ./Core/Src/main.o
 .debug_macro   0x0000161e       0xd9 ./Core/Src/main.o
 .debug_macro   0x000016f7     0x12cd ./Core/Src/main.o
 .debug_macro   0x000029c4      0x11f ./Core/Src/main.o
 .debug_macro   0x00002ae3       0x19 ./Core/Src/main.o
 .debug_macro   0x00002afc    0x1aa23 ./Core/Src/main.o
 .debug_macro   0x0001d51f       0x6d ./Core/Src/main.o
 .debug_macro   0x0001d58c     0x3765 ./Core/Src/main.o
 .debug_macro   0x00020cf1      0x189 ./Core/Src/main.o
 .debug_macro   0x00020e7a       0x63 ./Core/Src/main.o
 .debug_macro   0x00020edd     0x1add ./Core/Src/main.o
 .debug_macro   0x000229ba      0x6c4 ./Core/Src/main.o
 .debug_macro   0x0002307e      0x18b ./Core/Src/main.o
 .debug_macro   0x00023209      0x115 ./Core/Src/main.o
 .debug_macro   0x0002331e      0x26e ./Core/Src/main.o
 .debug_macro   0x0002358c       0xa5 ./Core/Src/main.o
 .debug_macro   0x00023631      0x24f ./Core/Src/main.o
 .debug_macro   0x00023880       0x71 ./Core/Src/main.o
 .debug_macro   0x000238f1       0x58 ./Core/Src/main.o
 .debug_macro   0x00023949      0x236 ./Core/Src/main.o
 .debug_macro   0x00023b7f      0x14e ./Core/Src/main.o
 .debug_macro   0x00023ccd      0x3db ./Core/Src/main.o
 .debug_macro   0x000240a8       0x12 ./Core/Src/main.o
 .debug_macro   0x000240ba      0x22c ./Core/Src/main.o
 .debug_macro   0x000242e6       0x61 ./Core/Src/main.o
 .debug_macro   0x00024347       0xa5 ./Core/Src/main.o
 .debug_macro   0x000243ec      0x12e ./Core/Src/main.o
 .debug_macro   0x0002451a      0x108 ./Core/Src/main.o
 .debug_macro   0x00024622       0x35 ./Core/Src/main.o
 .debug_macro   0x00024657      0xa91 ./Core/Src/main.o
 .debug_macro   0x000250e8       0xa9 ./Core/Src/main.o
 .debug_macro   0x00025191      0x5ba ./Core/Src/main.o
 .debug_macro   0x0002574b       0x44 ./Core/Src/main.o
 .debug_macro   0x0002578f      0x15b ./Core/Src/main.o
 .debug_macro   0x000258ea       0x61 ./Core/Src/main.o
 .debug_macro   0x0002594b       0x29 ./Core/Src/main.o
 .debug_macro   0x00025974       0x43 ./Core/Src/main.o
 .debug_macro   0x000259b7       0x34 ./Core/Src/main.o
 .debug_macro   0x000259eb       0x16 ./Core/Src/main.o
 .debug_macro   0x00025a01       0x35 ./Core/Src/main.o
 .debug_macro   0x00025a36      0x369 ./Core/Src/main.o
 .debug_macro   0x00025d9f       0x10 ./Core/Src/main.o
 .debug_macro   0x00025daf       0x16 ./Core/Src/main.o
 .debug_macro   0x00025dc5       0x43 ./Core/Src/main.o
 .debug_macro   0x00025e08       0x34 ./Core/Src/main.o
 .debug_macro   0x00025e3c       0x10 ./Core/Src/main.o
 .debug_macro   0x00025e4c       0x58 ./Core/Src/main.o
 .debug_macro   0x00025ea4       0x8e ./Core/Src/main.o
 .debug_macro   0x00025f32       0x1c ./Core/Src/main.o
 .debug_macro   0x00025f4e      0x177 ./Core/Src/main.o
 .debug_macro   0x000260c5       0x16 ./Core/Src/main.o
 .debug_macro   0x000260db       0x16 ./Core/Src/main.o
 .debug_macro   0x000260f1      0x146 ./Core/Src/main.o
 .debug_macro   0x00026237       0x16 ./Core/Src/main.o
 .debug_macro   0x0002624d       0x16 ./Core/Src/main.o
 .debug_macro   0x00026263       0x29 ./Core/Src/main.o
 .debug_macro   0x0002628c       0x16 ./Core/Src/main.o
 .debug_macro   0x000262a2       0x20 ./Core/Src/main.o
 .debug_macro   0x000262c2       0x16 ./Core/Src/main.o
 .debug_macro   0x000262d8      0x141 ./Core/Src/main.o
 .debug_macro   0x00026419       0x1c ./Core/Src/main.o
 .debug_macro   0x00026435      0x182 ./Core/Src/main.o
 .debug_macro   0x000265b7       0xe7 ./Core/Src/main.o
 .debug_macro   0x0002669e       0x2e ./Core/Src/main.o
 .debug_macro   0x000266cc       0x1f ./Core/Src/main.o
 .debug_macro   0x000266eb       0x12 ./Core/Src/main.o
 .debug_macro   0x000266fd     0x10b7 ./Core/Src/main.o
 .debug_macro   0x000277b4       0xc3 ./Core/Src/main.o
 .debug_macro   0x00027877      0x14f ./Core/Src/main.o
 .debug_macro   0x000279c6       0x80 ./Core/Src/main.o
 .debug_macro   0x00027a46       0x77 ./Core/Src/main.o
 .debug_macro   0x00027abd      0x142 ./Core/Src/main.o
 .debug_macro   0x00027bff      0x3cb ./Core/Src/stm32f7xx_hal_msp.o
 .debug_macro   0x00027fca      0x1e3 ./Core/Src/stm32f7xx_hal_timebase_tim.o
 .debug_macro   0x000281ad      0x3d5 ./Core/Src/stm32f7xx_it.o
 .debug_macro   0x00028582       0xff ./Core/Src/sysmem.o
 .debug_macro   0x00028681      0x23c ./Core/Src/sysmem.o
 .debug_macro   0x000288bd      0x1e3 ./Core/Src/system_stm32f7xx.o
 .debug_macro   0x00028aa0      0x207 ./Drivers/STM32F7xx_HAL_Driver/Src/stm32f7xx_hal.o
 .debug_macro   0x00028ca7      0x1e3 ./Drivers/STM32F7xx_HAL_Driver/Src/stm32f7xx_hal_cortex.o
 .debug_macro   0x00028e8a      0x1e9 ./Drivers/STM32F7xx_HAL_Driver/Src/stm32f7xx_hal_gpio.o
 .debug_macro   0x00029073      0x207 ./Drivers/STM32F7xx_HAL_Driver/Src/stm32f7xx_hal_rcc.o
 .debug_macro   0x0002927a      0x1e3 ./Drivers/STM32F7xx_HAL_Driver/Src/stm32f7xx_hal_rcc_ex.o
 .debug_macro   0x0002945d      0x1e4 ./Drivers/STM32F7xx_HAL_Driver/Src/stm32f7xx_hal_tim.o
 .debug_macro   0x00029641      0x1e3 ./Drivers/STM32F7xx_HAL_Driver/Src/stm32f7xx_hal_tim_ex.o
 .debug_macro   0x00029824      0x200 ./Drivers/STM32F7xx_HAL_Driver/Src/stm32f7xx_hal_uart.o
 .debug_macro   0x00029a24      0x325 ./common/ThirdParty/FreeRTOS/list.o
 .debug_macro   0x00029d49      0x3bc ./common/ThirdParty/FreeRTOS/queue.o
 .debug_macro   0x0002a105      0x476 ./common/ThirdParty/FreeRTOS/tasks.o
 .debug_macro   0x0002a57b       0x17 ./common/ThirdParty/FreeRTOS/tasks.o
 .debug_macro   0x0002a592       0x1c ./common/ThirdParty/FreeRTOS/tasks.o
 .debug_macro   0x0002a5ae      0x374 ./common/ThirdParty/FreeRTOS/timers.o
 .debug_macro   0x0002a922       0x9e ./common/ThirdParty/FreeRTOS/timers.o
 .debug_macro   0x0002a9c0      0x340 ./common/ThirdParty/FreeRTOS/portable/GCC/ARM_CM7/r0p1/port.o
 .debug_macro   0x0002ad00      0x3ba ./common/ThirdParty/FreeRTOS/portable/MemMang/heap_4.o

.debug_line     0x00000000    0x183fe
 .debug_line    0x00000000      0xd34 ./Core/Src/main.o
 .debug_line    0x00000d34      0xb2f ./Core/Src/stm32f7xx_hal_msp.o
 .debug_line    0x00001863      0x7e1 ./Core/Src/stm32f7xx_hal_timebase_tim.o
 .debug_line    0x00002044      0xb6d ./Core/Src/stm32f7xx_it.o
 .debug_line    0x00002bb1      0x56a ./Core/Src/sysmem.o
 .debug_line    0x0000311b      0x7e8 ./Core/Src/system_stm32f7xx.o
 .debug_line    0x00003903       0x7a ./Core/Startup/startup_stm32f767zitx.o
 .debug_line    0x0000397d      0xab8 ./Drivers/STM32F7xx_HAL_Driver/Src/stm32f7xx_hal.o
 .debug_line    0x00004435      0xd2a ./Drivers/STM32F7xx_HAL_Driver/Src/stm32f7xx_hal_cortex.o
 .debug_line    0x0000515f      0xc0e ./Drivers/STM32F7xx_HAL_Driver/Src/stm32f7xx_hal_gpio.o
 .debug_line    0x00005d6d      0xee8 ./Drivers/STM32F7xx_HAL_Driver/Src/stm32f7xx_hal_rcc.o
 .debug_line    0x00006c55      0xebf ./Drivers/STM32F7xx_HAL_Driver/Src/stm32f7xx_hal_rcc_ex.o
 .debug_line    0x00007b14     0x3d42 ./Drivers/STM32F7xx_HAL_Driver/Src/stm32f7xx_hal_tim.o
 .debug_line    0x0000b856     0x1c4d ./Drivers/STM32F7xx_HAL_Driver/Src/stm32f7xx_hal_tim_ex.o
 .debug_line    0x0000d4a3     0x31f9 ./Drivers/STM32F7xx_HAL_Driver/Src/stm32f7xx_hal_uart.o
 .debug_line    0x0001069c      0xb46 ./common/ThirdParty/FreeRTOS/list.o
 .debug_line    0x000111e2     0x1c97 ./common/ThirdParty/FreeRTOS/queue.o
 .debug_line    0x00012e79     0x27d6 ./common/ThirdParty/FreeRTOS/tasks.o
 .debug_line    0x0001564f     0x11f6 ./common/ThirdParty/FreeRTOS/timers.o
 .debug_line    0x00016845      0xc5c ./common/ThirdParty/FreeRTOS/portable/GCC/ARM_CM7/r0p1/port.o
 .debug_line    0x000174a1      0xf5d ./common/ThirdParty/FreeRTOS/portable/MemMang/heap_4.o

.debug_str      0x00000000   0x10b8a8
 .debug_str     0x00000000   0x103ea6 ./Core/Src/main.o
                             0x104735 (size before relaxing)
 .debug_str     0x00103ea6      0x2f4 ./Core/Src/stm32f7xx_hal_msp.o
                             0x103c8d (size before relaxing)
 .debug_str     0x0010419a      0x107 ./Core/Src/stm32f7xx_hal_timebase_tim.o
                              0xf4ae9 (size before relaxing)
 .debug_str     0x001042a1       0xb9 ./Core/Src/stm32f7xx_it.o
                             0x1038fc (size before relaxing)
 .debug_str     0x0010435a      0x35c ./Core/Src/sysmem.o
                               0x6131 (size before relaxing)
 .debug_str     0x001046b6      0x19f ./Core/Src/system_stm32f7xx.o
                              0xf3f28 (size before relaxing)
 .debug_str     0x00104855       0x44 ./Core/Startup/startup_stm32f767zitx.o
                                 0x9b (size before relaxing)
 .debug_str     0x00104899      0x40d ./Drivers/STM32F7xx_HAL_Driver/Src/stm32f7xx_hal.o
                              0xf4968 (size before relaxing)
 .debug_str     0x00104ca6      0x332 ./Drivers/STM32F7xx_HAL_Driver/Src/stm32f7xx_hal_cortex.o
                              0xf494a (size before relaxing)
 .debug_str     0x00104fd8      0x105 ./Drivers/STM32F7xx_HAL_Driver/Src/stm32f7xx_hal_gpio.o
                              0xf3fe6 (size before relaxing)
 .debug_str     0x001050dd      0x21f ./Drivers/STM32F7xx_HAL_Driver/Src/stm32f7xx_hal_rcc.o
                              0xf42a3 (size before relaxing)
 .debug_str     0x001052fc      0x14f ./Drivers/STM32F7xx_HAL_Driver/Src/stm32f7xx_hal_rcc_ex.o
                              0xf4206 (size before relaxing)
 .debug_str     0x0010544b      0xeb6 ./Drivers/STM32F7xx_HAL_Driver/Src/stm32f7xx_hal_tim.o
                              0xf524b (size before relaxing)
 .debug_str     0x00106301      0x5ff ./Drivers/STM32F7xx_HAL_Driver/Src/stm32f7xx_hal_tim_ex.o
                              0xf4b51 (size before relaxing)
 .debug_str     0x00106900      0x870 ./Drivers/STM32F7xx_HAL_Driver/Src/stm32f7xx_hal_uart.o
                              0xf4bf1 (size before relaxing)
 .debug_str     0x00107170      0x1c1 ./common/ThirdParty/FreeRTOS/list.o
                             0x100694 (size before relaxing)
 .debug_str     0x00107331      0xdc2 ./common/ThirdParty/FreeRTOS/queue.o
                             0x1030d9 (size before relaxing)
 .debug_str     0x001080f3     0x21b6 ./common/ThirdParty/FreeRTOS/tasks.o
                             0x1046a3 (size before relaxing)
 .debug_str     0x0010a2a9      0x631 ./common/ThirdParty/FreeRTOS/timers.o
                             0x10334b (size before relaxing)
 .debug_str     0x0010a8da      0x88d ./common/ThirdParty/FreeRTOS/portable/GCC/ARM_CM7/r0p1/port.o
                              0xff16f (size before relaxing)
 .debug_str     0x0010b167      0x741 ./common/ThirdParty/FreeRTOS/portable/MemMang/heap_4.o
                             0x1021eb (size before relaxing)

.comment        0x00000000       0x43
 .comment       0x00000000       0x43 ./Core/Src/main.o
                                 0x44 (size before relaxing)
 .comment       0x00000043       0x44 ./Core/Src/stm32f7xx_hal_msp.o
 .comment       0x00000043       0x44 ./Core/Src/stm32f7xx_hal_timebase_tim.o
 .comment       0x00000043       0x44 ./Core/Src/stm32f7xx_it.o
 .comment       0x00000043       0x44 ./Core/Src/sysmem.o
 .comment       0x00000043       0x44 ./Core/Src/system_stm32f7xx.o
 .comment       0x00000043       0x44 ./Drivers/STM32F7xx_HAL_Driver/Src/stm32f7xx_hal.o
 .comment       0x00000043       0x44 ./Drivers/STM32F7xx_HAL_Driver/Src/stm32f7xx_hal_cortex.o
 .comment       0x00000043       0x44 ./Drivers/STM32F7xx_HAL_Driver/Src/stm32f7xx_hal_gpio.o
 .comment       0x00000043       0x44 ./Drivers/STM32F7xx_HAL_Driver/Src/stm32f7xx_hal_rcc.o
 .comment       0x00000043       0x44 ./Drivers/STM32F7xx_HAL_Driver/Src/stm32f7xx_hal_rcc_ex.o
 .comment       0x00000043       0x44 ./Drivers/STM32F7xx_HAL_Driver/Src/stm32f7xx_hal_tim.o
 .comment       0x00000043       0x44 ./Drivers/STM32F7xx_HAL_Driver/Src/stm32f7xx_hal_tim_ex.o
 .comment       0x00000043       0x44 ./Drivers/STM32F7xx_HAL_Driver/Src/stm32f7xx_hal_uart.o
 .comment       0x00000043       0x44 ./common/ThirdParty/FreeRTOS/list.o
 .comment       0x00000043       0x44 ./common/ThirdParty/FreeRTOS/queue.o
 .comment       0x00000043       0x44 ./common/ThirdParty/FreeRTOS/tasks.o
 .comment       0x00000043       0x44 ./common/ThirdParty/FreeRTOS/timers.o
 .comment       0x00000043       0x44 ./common/ThirdParty/FreeRTOS/portable/GCC/ARM_CM7/r0p1/port.o
 .comment       0x00000043       0x44 ./common/ThirdParty/FreeRTOS/portable/MemMang/heap_4.o

.debug_frame    0x00000000     0x530c
 .debug_frame   0x00000000      0x180 ./Core/Src/main.o
 .debug_frame   0x00000180       0x84 ./Core/Src/stm32f7xx_hal_msp.o
 .debug_frame   0x00000204       0x74 ./Core/Src/stm32f7xx_hal_timebase_tim.o
 .debug_frame   0x00000278       0xc4 ./Core/Src/stm32f7xx_it.o
 .debug_frame   0x0000033c       0x34 ./Core/Src/sysmem.o
 .debug_frame   0x00000370       0x58 ./Core/Src/system_stm32f7xx.o
 .debug_frame   0x000003c8      0x3f4 ./Drivers/STM32F7xx_HAL_Driver/Src/stm32f7xx_hal.o
 .debug_frame   0x000007bc      0x4e8 ./Drivers/STM32F7xx_HAL_Driver/Src/stm32f7xx_hal_cortex.o
 .debug_frame   0x00000ca4      0x14c ./Drivers/STM32F7xx_HAL_Driver/Src/stm32f7xx_hal_gpio.o
 .debug_frame   0x00000df0      0x1f8 ./Drivers/STM32F7xx_HAL_Driver/Src/stm32f7xx_hal_rcc.o
 .debug_frame   0x00000fe8      0x118 ./Drivers/STM32F7xx_HAL_Driver/Src/stm32f7xx_hal_rcc_ex.o
 .debug_frame   0x00001100     0x121c ./Drivers/STM32F7xx_HAL_Driver/Src/stm32f7xx_hal_tim.o
 .debug_frame   0x0000231c      0x6b0 ./Drivers/STM32F7xx_HAL_Driver/Src/stm32f7xx_hal_tim_ex.o
 .debug_frame   0x000029cc      0xa10 ./Drivers/STM32F7xx_HAL_Driver/Src/stm32f7xx_hal_uart.o
 .debug_frame   0x000033dc       0xd8 ./common/ThirdParty/FreeRTOS/list.o
 .debug_frame   0x000034b4      0x65c ./common/ThirdParty/FreeRTOS/queue.o
 .debug_frame   0x00003b10      0xaa8 ./common/ThirdParty/FreeRTOS/tasks.o
 .debug_frame   0x000045b8      0x454 ./common/ThirdParty/FreeRTOS/timers.o
 .debug_frame   0x00004a0c      0x1a8 ./common/ThirdParty/FreeRTOS/portable/GCC/ARM_CM7/r0p1/port.o
 .debug_frame   0x00004bb4      0x174 ./common/ThirdParty/FreeRTOS/portable/MemMang/heap_4.o
 .debug_frame   0x00004d28      0x144 D:/STM32CubeIDE_1.16.1/STM32CubeIDE/plugins/com.st.stm32cube.ide.mcu.externaltools.gnu-tools-for-stm32.12.3.rel1.win32_1.1.0.202410251130/tools/bin/../lib/gcc/arm-none-eabi/12.3.1/../../../../arm-none-eabi/lib/thumb/v7e-m+dp/hard\libc_nano.a(libc_a-findfp.o)