Archive member included to satisfy reference by file (symbol)

D:/STM32CubeIDE_1.16.1/STM32CubeIDE/plugins/com.st.stm32cube.ide.mcu.externaltools.gnu-tools-for-stm32.12.3.rel1.win32_1.1.0.202410251130/tools/bin/../lib/gcc/arm-none-eabi/12.3.1/../../../../arm-none-eabi/lib/thumb/v7e-m+dp/hard\libc_nano.a(libc_a-exit.o)
                              D:/STM32CubeIDE_1.16.1/STM32CubeIDE/plugins/com.st.stm32cube.ide.mcu.externaltools.gnu-tools-for-stm32.12.3.rel1.win32_1.1.0.202410251130/tools/bin/../lib/gcc/arm-none-eabi/12.3.1/../../../../arm-none-eabi/lib/thumb/v7e-m+dp/hard/crt0.o (exit)
D:/STM32CubeIDE_1.16.1/STM32CubeIDE/plugins/com.st.stm32cube.ide.mcu.externaltools.gnu-tools-for-stm32.12.3.rel1.win32_1.1.0.202410251130/tools/bin/../lib/gcc/arm-none-eabi/12.3.1/../../../../arm-none-eabi/lib/thumb/v7e-m+dp/hard\libc_nano.a(libc_a-findfp.o)
                              D:/STM32CubeIDE_1.16.1/STM32CubeIDE/plugins/com.st.stm32cube.ide.mcu.externaltools.gnu-tools-for-stm32.12.3.rel1.win32_1.1.0.202410251130/tools/bin/../lib/gcc/arm-none-eabi/12.3.1/../../../../arm-none-eabi/lib/thumb/v7e-m+dp/hard\libc_nano.a(libc_a-exit.o) (__stdio_exit_handler)
D:/STM32CubeIDE_1.16.1/STM32CubeIDE/plugins/com.st.stm32cube.ide.mcu.externaltools.gnu-tools-for-stm32.12.3.rel1.win32_1.1.0.202410251130/tools/bin/../lib/gcc/arm-none-eabi/12.3.1/../../../../arm-none-eabi/lib/thumb/v7e-m+dp/hard\libc_nano.a(libc_a-fwalk.o)
                              D:/STM32CubeIDE_1.16.1/STM32CubeIDE/plugins/com.st.stm32cube.ide.mcu.externaltools.gnu-tools-for-stm32.12.3.rel1.win32_1.1.0.202410251130/tools/bin/../lib/gcc/arm-none-eabi/12.3.1/../../../../arm-none-eabi/lib/thumb/v7e-m+dp/hard\libc_nano.a(libc_a-findfp.o) (_fwalk_sglue)
D:/STM32CubeIDE_1.16.1/STM32CubeIDE/plugins/com.st.stm32cube.ide.mcu.externaltools.gnu-tools-for-stm32.12.3.rel1.win32_1.1.0.202410251130/tools/bin/../lib/gcc/arm-none-eabi/12.3.1/../../../../arm-none-eabi/lib/thumb/v7e-m+dp/hard\libc_nano.a(libc_a-snprintf.o)
                              ./common/ThirdParty/FreeRTOS/tasks.o (snprintf)
D:/STM32CubeIDE_1.16.1/STM32CubeIDE/plugins/com.st.stm32cube.ide.mcu.externaltools.gnu-tools-for-stm32.12.3.rel1.win32_1.1.0.202410251130/tools/bin/../lib/gcc/arm-none-eabi/12.3.1/../../../../arm-none-eabi/lib/thumb/v7e-m+dp/hard\libc_nano.a(libc_a-sprintf.o)
                              ./Core/Src/main.o (sprintf)
D:/STM32CubeIDE_1.16.1/STM32CubeIDE/plugins/com.st.stm32cube.ide.mcu.externaltools.gnu-tools-for-stm32.12.3.rel1.win32_1.1.0.202410251130/tools/bin/../lib/gcc/arm-none-eabi/12.3.1/../../../../arm-none-eabi/lib/thumb/v7e-m+dp/hard\libc_nano.a(libc_a-stdio.o)
                              D:/STM32CubeIDE_1.16.1/STM32CubeIDE/plugins/com.st.stm32cube.ide.mcu.externaltools.gnu-tools-for-stm32.12.3.rel1.win32_1.1.0.202410251130/tools/bin/../lib/gcc/arm-none-eabi/12.3.1/../../../../arm-none-eabi/lib/thumb/v7e-m+dp/hard\libc_nano.a(libc_a-findfp.o) (__sread)
D:/STM32CubeIDE_1.16.1/STM32CubeIDE/plugins/com.st.stm32cube.ide.mcu.externaltools.gnu-tools-for-stm32.12.3.rel1.win32_1.1.0.202410251130/tools/bin/../lib/gcc/arm-none-eabi/12.3.1/../../../../arm-none-eabi/lib/thumb/v7e-m+dp/hard\libc_nano.a(libc_a-memset.o)
                              D:/STM32CubeIDE_1.16.1/STM32CubeIDE/plugins/com.st.stm32cube.ide.mcu.externaltools.gnu-tools-for-stm32.12.3.rel1.win32_1.1.0.202410251130/tools/bin/../lib/gcc/arm-none-eabi/12.3.1/../../../../arm-none-eabi/lib/thumb/v7e-m+dp/hard/crt0.o (memset)
D:/STM32CubeIDE_1.16.1/STM32CubeIDE/plugins/com.st.stm32cube.ide.mcu.externaltools.gnu-tools-for-stm32.12.3.rel1.win32_1.1.0.202410251130/tools/bin/../lib/gcc/arm-none-eabi/12.3.1/../../../../arm-none-eabi/lib/thumb/v7e-m+dp/hard\libc_nano.a(libc_a-closer.o)
                              D:/STM32CubeIDE_1.16.1/STM32CubeIDE/plugins/com.st.stm32cube.ide.mcu.externaltools.gnu-tools-for-stm32.12.3.rel1.win32_1.1.0.202410251130/tools/bin/../lib/gcc/arm-none-eabi/12.3.1/../../../../arm-none-eabi/lib/thumb/v7e-m+dp/hard\libc_nano.a(libc_a-stdio.o) (_close_r)
D:/STM32CubeIDE_1.16.1/STM32CubeIDE/plugins/com.st.stm32cube.ide.mcu.externaltools.gnu-tools-for-stm32.12.3.rel1.win32_1.1.0.202410251130/tools/bin/../lib/gcc/arm-none-eabi/12.3.1/../../../../arm-none-eabi/lib/thumb/v7e-m+dp/hard\libc_nano.a(libc_a-reent.o)
                              D:/STM32CubeIDE_1.16.1/STM32CubeIDE/plugins/com.st.stm32cube.ide.mcu.externaltools.gnu-tools-for-stm32.12.3.rel1.win32_1.1.0.202410251130/tools/bin/../lib/gcc/arm-none-eabi/12.3.1/../../../../arm-none-eabi/lib/thumb/v7e-m+dp/hard\libc_nano.a(libc_a-closer.o) (errno)
D:/STM32CubeIDE_1.16.1/STM32CubeIDE/plugins/com.st.stm32cube.ide.mcu.externaltools.gnu-tools-for-stm32.12.3.rel1.win32_1.1.0.202410251130/tools/bin/../lib/gcc/arm-none-eabi/12.3.1/../../../../arm-none-eabi/lib/thumb/v7e-m+dp/hard\libc_nano.a(libc_a-impure.o)
[...]
Memory Configuration

Name             Origin             Length             Attributes
RAM              0x20000000         0x00080000         xrw
FLASH            0x08000000         0x00200000         xr
*default*        0x00000000         0xffffffff

Linker script and memory map

LOAD D:/STM32CubeIDE_1.16.1/STM32CubeIDE/plugins/com.st.stm32cube.ide.mcu.externaltools.gnu-tools-for-stm32.12.3.rel1.win32_1.1.0.202410251130/tools/bin/../lib/gcc/arm-none-eabi/12.3.1/thumb/v7e-m+dp/hard/crti.o
LOAD D:/STM32CubeIDE_1.16.1/STM32CubeIDE/plugins/com.st.stm32cube.ide.mcu.externaltools.gnu-tools-for-stm32.12.3.rel1.win32_1.1.0.202410251130/tools/bin/../lib/gcc/arm-none-eabi/12.3.1/thumb/v7e-m+dp/hard/crtbegin.o
LOAD D:/STM32CubeIDE_1.16.1/STM32CubeIDE/plugins/com.st.stm32cube.ide.mcu.externaltools.gnu-tools-for-stm32.12.3.rel1.win32_1.1.0.202410251130/tools/bin/../lib/gcc/arm-none-eabi/12.3.1/../../../../arm-none-eabi/lib/thumb/v7e-m+dp/hard/crt0.o
LOAD ./Core/Src/main.o
LOAD ./Core/Src/stm32f7xx_hal_msp.o
LOAD ./Core/Src/stm32f7xx_hal_timebase_tim.o
LOAD ./Core/Src/stm32f7xx_it.o
LOAD ./Core/Src/syscalls.o
LOAD ./Core/Src/sysmem.o
LOAD ./Core/Src/system_stm32f7xx.o
LOAD ./Core/Startup/startup_stm32f767zitx.o
LOAD ./Drivers/STM32F7xx_HAL_Driver/Src/stm32f7xx_hal.o
LOAD ./Drivers/STM32F7xx_HAL_Driver/Src/stm32f7xx_hal_cortex.o
LOAD ./Drivers/STM32F7xx_HAL_Driver/Src/stm32f7xx_hal_dma.o
LOAD ./Drivers/STM32F7xx_HAL_Driver/Src/stm32f7xx_hal_dma_ex.o
LOAD ./Drivers/STM32F7xx_HAL_Driver/Src/stm32f7xx_hal_exti.o
LOAD ./Drivers/STM32F7xx_HAL_Driver/Src/stm32f7xx_hal_flash.o
LOAD ./Drivers/STM32F7xx_HAL_Driver/Src/stm32f7xx_hal_flash_ex.o
LOAD ./Drivers/STM32F7xx_HAL_Driver/Src/stm32f7xx_hal_gpio.o
LOAD ./Drivers/STM32F7xx_HAL_Driver/Src/stm32f7xx_hal_i2c.o
LOAD ./Drivers/STM32F7xx_HAL_Driver/Src/stm32f7xx_hal_i2c_ex.o
LOAD ./Drivers/STM32F7xx_HAL_Driver/Src/stm32f7xx_hal_pwr.o
LOAD ./Drivers/STM32F7xx_HAL_Driver/Src/stm32f7xx_hal_pwr_ex.o
LOAD ./Drivers/STM32F7xx_HAL_Driver/Src/stm32f7xx_hal_rcc.o
LOAD ./Drivers/STM32F7xx_HAL_Driver/Src/stm32f7xx_hal_rcc_ex.o
LOAD ./Drivers/STM32F7xx_HAL_Driver/Src/stm32f7xx_hal_tim.o
LOAD ./Drivers/STM32F7xx_HAL_Driver/Src/stm32f7xx_hal_tim_ex.o
LOAD ./Drivers/STM32F7xx_HAL_Driver/Src/stm32f7xx_hal_uart.o
LOAD ./Drivers/STM32F7xx_HAL_Driver/Src/stm32f7xx_hal_uart_ex.o
LOAD ./common/ThirdParty/FreeRTOS/croutine.o
LOAD ./common/ThirdParty/FreeRTOS/event_groups.o
LOAD ./common/ThirdParty/FreeRTOS/list.o
LOAD ./common/ThirdParty/FreeRTOS/queue.o
LOAD ./common/ThirdParty/FreeRTOS/stream_buffer.o
LOAD ./common/ThirdParty/FreeRTOS/tasks.o
LOAD ./common/ThirdParty/FreeRTOS/timers.o
LOAD ./common/ThirdParty/FreeRTOS/portable/GCC/ARM_CM7/r0p1/port.o
LOAD ./common/ThirdParty/FreeRTOS/portable/MemMang/heap_4.o
START GROUP
LOAD D:/STM32CubeIDE_1.16.1/STM32CubeIDE/plugins/com.st.stm32cube.ide.mcu.externaltools.gnu-tools-for-stm32.12.3.rel1.win32_1.1.0.202410251130/tools/bin/../lib/gcc/arm-none-eabi/12.3.1/../../../../arm-none-eabi/lib/thumb/v7e-m+dp/hard\libc_nano.a
LOAD D:/STM32CubeIDE_1.16.1/STM32CubeIDE/plugins/com.st.stm32cube.ide.mcu.externaltools.gnu-tools-for-stm32.12.3.rel1.win32_1.1.0.202410251130/tools/bin/../lib/gcc/arm-none-eabi/12.3.1/../../../../arm-none-eabi/lib/thumb/v7e-m+dp/hard\libm.a
END GROUP
START GROUP
LOAD D:/STM32CubeIDE_1.16.1/STM32CubeIDE/plugins/com.st.stm32cube.ide.mcu.externaltools.gnu-tools-for-stm32.12.3.rel1.win32_1.1.0.202410251130/tools/bin/../lib/gcc/arm-none-eabi/12.3.1/thumb/v7e-m+dp/hard\libgcc.a
LOAD D:/STM32CubeIDE_1.16.1/STM32CubeIDE/plugins/com.st.stm32cube.ide.mcu.externaltools.gnu-tools-for-stm32.12.3.rel1.win32_1.1.0.202410251130/tools/bin/../lib/gcc/arm-none-eabi/12.3.1/../../../../arm-none-eabi/lib/thumb/v7e-m+dp/hard\libc_nano.a
END GROUP
START GROUP
LOAD D:/STM32CubeIDE_1.16.1/STM32CubeIDE/plugins/com.st.stm32cube.ide.mcu.externaltools.gnu-tools-for-stm32.12.3.rel1.win32_1.1.0.202410251130/tools/bin/../lib/gcc/arm-none-eabi/12.3.1/thumb/v7e-m+dp/hard\libgcc.a
LOAD D:/STM32CubeIDE_1.16.1/STM32CubeIDE/plugins/com.st.stm32cube.ide.mcu.externaltools.gnu-tools-for-stm32.12.3.rel1.win32_1.1.0.202410251130/tools/bin/../lib/gcc/arm-none-eabi/12.3.1/../../../../arm-none-eabi/lib/thumb/v7e-m+dp/hard\libc_nano.a
LOAD D:/STM32CubeIDE_1.16.1/STM32CubeIDE/plugins/com.st.stm32cube.ide.mcu.externaltools.gnu-tools-for-stm32.12.3.rel1.win32_1.1.0.202410251130/tools/bin/../lib/gcc/arm-none-eabi/12.3.1/../../../../arm-none-eabi/lib/thumb/v7e-m+dp/hard\libnosys.a
END GROUP
START GROUP
LOAD D:/STM32CubeIDE_1.16.1/STM32CubeIDE/plugins/com.st.stm32cube.ide.mcu.externaltools.gnu-tools-for-stm32.12.3.rel1.win32_1.1.0.202410251130/tools/bin/../lib/gcc/arm-none-eabi/12.3.1/thumb/v7e-m+dp/hard\libgcc.a
LOAD D:/STM32CubeIDE_1.16.1/STM32CubeIDE/plugins/com.st.stm32cube.ide.mcu.externaltools.gnu-tools-for-stm32.12.3.rel1.win32_1.1.0.202410251130/tools/bin/../lib/gcc/arm-none-eabi/12.3.1/../../../../arm-none-eabi/lib/thumb/v7e-m+dp/hard\libc_nano.a
LOAD D:/STM32CubeIDE_1.16.1/STM32CubeIDE/plugins/com.st.stm32cube.ide.mcu.externaltools.gnu-tools-for-stm32.12.3.rel1.win32_1.1.0.202410251130/tools/bin/../lib/gcc/arm-none-eabi/12.3.1/../../../../arm-none-eabi/lib/thumb/v7e-m+dp/hard\libnosys.a
END GROUP
LOAD D:/STM32CubeIDE_1.16.1/STM32CubeIDE/plugins/com.st.stm32cube.ide.mcu.externaltools.gnu-tools-for-stm32.12.3.rel1.win32_1.1.0.202410251130/tools/bin/../lib/gcc/arm-none-eabi/12.3.1/thumb/v7e-m+dp/hard/crtend.o
LOAD D:/STM32CubeIDE_1.16.1/STM32CubeIDE/plugins/com.st.stm32cube.ide.mcu.externaltools.gnu-tools-for-stm32.12.3.rel1.win32_1.1.0.202410251130/tools/bin/../lib/gcc/arm-none-eabi/12.3.1/thumb/v7e-m+dp/hard/crtn.o
                0x20080000                        _estack = (ORIGIN (RAM) + LENGTH (RAM))
                0x00000200                        _Min_Heap_Size = 0x200
                0x00000400                        _Min_Stack_Size = 0x400

.isr_vector     0x08000000      0x1f8
                0x08000000                        . = ALIGN (0x4)
 *(.isr_vector)
 .isr_vector    0x08000000      0x1f8 ./Core/Startup/startup_stm32f767zitx.o
                0x08000000                g_pfnVectors
                0x080001f8                        . = ALIGN (0x4)

.text           0x08000200     0x69e0
                0x08000200                        . = ALIGN (0x4)
 *(.text)
 .text          0x08000200       0x40 D:/STM32CubeIDE_1.16.1/STM32CubeIDE/plugins/com.st.stm32cube.ide.mcu.externaltools.gnu-tools-for-stm32.12.3.rel1.win32_1.1.0.202410251130/tools/bin/../lib/gcc/arm-none-eabi/12.3.1/thumb/v7e-m+dp/hard/crtbegin.o
 .text          0x08000240       0x10 D:/STM32CubeIDE_1.16.1/STM32CubeIDE/plugins/com.st.stm32cube.ide.mcu.externaltools.gnu-tools-for-stm32.12.3.rel1.win32_1.1.0.202410251130/tools/bin/../lib/gcc/arm-none-eabi/12.3.1/../../../../arm-none-eabi/lib/thumb/v7e-m+dp/hard\libc_nano.a(libc_a-strlen.o)
                0x08000240                strlen
 .text          0x08000250       0xa0 D:/STM32CubeIDE_1.16.1/STM32CubeIDE/plugins/com.st.stm32cube.ide.mcu.externaltools.gnu-tools-for-stm32.12.3.rel1.win32_1.1.0.202410251130/tools/bin/../lib/gcc/arm-none-eabi/12.3.1/../../../../arm-none-eabi/lib/thumb/v7e-m+dp/hard\libc_nano.a(libc_a-memchr.o)
                0x08000250                memchr
 .text          0x080002f0       0x30 D:/STM32CubeIDE_1.16.1/STM32CubeIDE/plugins/com.st.stm32cube.ide.mcu.externaltools.gnu-tools-for-stm32.12.3.rel1.win32_1.1.0.202410251130/tools/bin/../lib/gcc/arm-none-eabi/12.3.1/thumb/v7e-m+dp/hard\libgcc.a(_aeabi_uldivmod.o)
                0x080002f0                __aeabi_uldivmod
 .text          0x08000320      0x2bc D:/STM32CubeIDE_1.16.1/STM32CubeIDE/plugins/com.st.stm32cube.ide.mcu.externaltools.gnu-tools-for-stm32.12.3.rel1.win32_1.1.0.202410251130/tools/bin/../lib/gcc/arm-none-eabi/12.3.1/thumb/v7e-m+dp/hard\libgcc.a(_udivmoddi4.o)
                0x08000320                __udivmoddi4
 .text          0x080005dc        0x4 D:/STM32CubeIDE_1.16.1/STM32CubeIDE/plugins/com.st.stm32cube.ide.mcu.externaltools.gnu-tools-for-stm32.12.3.rel1.win32_1.1.0.202410251130/tools/bin/../lib/gcc/arm-none-eabi/12.3.1/thumb/v7e-m+dp/hard\libgcc.a(_dvmd_tls.o)
                0x080005dc                __aeabi_idiv0
                0x080005dc                __aeabi_ldiv0
 *(.text*)
 .text.main     0x080005e0       0xc8 ./Core/Src/main.o
                0x080005e0                main
 .text.SystemClock_Config
                0x080006a8       0xb8 ./Core/Src/main.o
                0x080006a8                SystemClock_Config
 .text.MX_USART3_UART_Init
                0x08000760       0x60 ./Core/Src/main.o
 .text.MX_GPIO_Init
                0x080007c0      0x208 ./Core/Src/main.o
 .text.printmsg
                0x080009c8       0x2c ./Core/Src/main.o
                0x080009c8                printmsg
 .text.vTask1   0x080009f4       0x34 ./Core/Src/main.o
                0x080009f4                vTask1
 .text.vTask2   0x08000a28       0x34 ./Core/Src/main.o
                0x08000a28                vTask2
 .text.HAL_TIM_PeriodElapsedCallback
                0x08000a5c       0x24 ./Core/Src/main.o
                0x08000a5c                HAL_TIM_PeriodElapsedCallback
 .text.Error_Handler
                0x08000a80        0xc ./Core/Src/main.o
                0x08000a80                Error_Handler
 .text.HAL_MspInit
                0x08000a8c       0x48 ./Core/Src/stm32f7xx_hal_msp.o
                0x08000a8c                HAL_MspInit
 .text.HAL_UART_MspInit
                0x08000ad4       0xc0 ./Core/Src/stm32f7xx_hal_msp.o
                0x08000ad4                HAL_UART_MspInit
 .text.HAL_InitTick
                0x08000b94       0xf4 ./Core/Src/stm32f7xx_hal_timebase_tim.o
                0x08000b94                HAL_InitTick
 .text.NMI_Handler
                0x08000c88        0x8 ./Core/Src/stm32f7xx_it.o
                0x08000c88                NMI_Handler
 .text.HardFault_Handler
                0x08000c90        0x8 ./Core/Src/stm32f7xx_it.o
                0x08000c90                HardFault_Handler
 .text.MemManage_Handler
                0x08000c98        0x8 ./Core/Src/stm32f7xx_it.o
                0x08000c98                MemManage_Handler
 .text.BusFault_Handler
                0x08000ca0        0x8 ./Core/Src/stm32f7xx_it.o
                0x08000ca0                BusFault_Handler
 .text.UsageFault_Handler
                0x08000ca8        0x8 ./Core/Src/stm32f7xx_it.o
                0x08000ca8                UsageFault_Handler
 .text.DebugMon_Handler
                0x08000cb0        0xe ./Core/Src/stm32f7xx_it.o
                0x08000cb0                DebugMon_Handler
 *fill*         0x08000cbe        0x2 
 .text.TIM6_DAC_IRQHandler
                0x08000cc0       0x14 ./Core/Src/stm32f7xx_it.o
                0x08000cc0                TIM6_DAC_IRQHandler
 .text._sbrk    0x08000cd4       0x6c ./Core/Src/sysmem.o
                0x08000cd4                _sbrk
 .text.SystemInit
                0x08000d40       0x24 ./Core/Src/system_stm32f7xx.o
                0x08000d40                SystemInit
 .text.Reset_Handler
                0x08000d64       0x50 ./Core/Startup/startup_stm32f767zitx.o
                0x08000d64                Reset_Handler
 .text.Default_Handler
                0x08000db4        0x2 ./Core/Startup/startup_stm32f767zitx.o
                0x08000db4                RTC_Alarm_IRQHandler
                0x08000db4                EXTI2_IRQHandler
                0x08000db4                TIM8_CC_IRQHandler
                0x08000db4                UART8_IRQHandler
                0x08000db4                SPI4_IRQHandler
                0x08000db4                TIM1_CC_IRQHandler
                0x08000db4                DMA2_Stream5_IRQHandler
                0x08000db4                JPEG_IRQHandler
                0x08000db4                DMA1_Stream5_IRQHandler
                0x08000db4                CAN3_RX1_IRQHandler
                0x08000db4                PVD_IRQHandler
                0x08000db4                TAMP_STAMP_IRQHandler
                0x08000db4                CAN2_RX1_IRQHandler
                0x08000db4                EXTI3_IRQHandler
                0x08000db4                TIM8_TRG_COM_TIM14_IRQHandler
                0x08000db4                DFSDM1_FLT1_IRQHandler
                0x08000db4                TIM1_UP_TIM10_IRQHandler
                0x08000db4                TIM8_UP_TIM13_IRQHandler
                0x08000db4                I2C3_ER_IRQHandler
                0x08000db4                DFSDM1_FLT2_IRQHandler
                0x08000db4                EXTI0_IRQHandler
                0x08000db4                I2C2_EV_IRQHandler
                0x08000db4                DMA1_Stream2_IRQHandler
                0x08000db4                CAN1_RX0_IRQHandler
                0x08000db4                FPU_IRQHandler
                0x08000db4                OTG_HS_WKUP_IRQHandler
                0x08000db4                CAN3_SCE_IRQHandler
                0x08000db4                LTDC_ER_IRQHandler
                0x08000db4                CAN2_SCE_IRQHandler
                0x08000db4                DMA2_Stream2_IRQHandler
                0x08000db4                SPI1_IRQHandler
                0x08000db4                TIM1_BRK_TIM9_IRQHandler
                0x08000db4                DCMI_IRQHandler
                0x08000db4                CAN2_RX0_IRQHandler
                0x08000db4                DMA2_Stream3_IRQHandler
                0x08000db4                SAI2_IRQHandler
                0x08000db4                DFSDM1_FLT3_IRQHandler
                0x08000db4                USART6_IRQHandler
                0x08000db4                CAN3_RX0_IRQHandler
                0x08000db4                USART3_IRQHandler
                0x08000db4                CAN1_RX1_IRQHandler
                0x08000db4                UART5_IRQHandler
                0x08000db4                DMA2_Stream0_IRQHandler
                0x08000db4                TIM4_IRQHandler
                0x08000db4                QUADSPI_IRQHandler
                0x08000db4                I2C1_EV_IRQHandler
                0x08000db4                DMA1_Stream6_IRQHandler
                0x08000db4                DMA1_Stream1_IRQHandler
                0x08000db4                UART4_IRQHandler
                0x08000db4                TIM3_IRQHandler
                0x08000db4                RCC_IRQHandler
                0x08000db4                TIM8_BRK_TIM12_IRQHandler
                0x08000db4                Default_Handler
                0x08000db4                CEC_IRQHandler
                0x08000db4                EXTI15_10_IRQHandler
                0x08000db4                ADC_IRQHandler
                0x08000db4                DMA1_Stream7_IRQHandler
                0x08000db4                SPI5_IRQHandler
                0x08000db4                TIM7_IRQHandler
                0x08000db4                SDMMC1_IRQHandler
                0x08000db4                CAN2_TX_IRQHandler
                0x08000db4                TIM5_IRQHandler
                0x08000db4                DMA2_Stream7_IRQHandler
                0x08000db4                I2C3_EV_IRQHandler
                0x08000db4                EXTI9_5_IRQHandler
                0x08000db4                RTC_WKUP_IRQHandler
                0x08000db4                LTDC_IRQHandler
                0x08000db4                ETH_WKUP_IRQHandler
                0x08000db4                SPDIF_RX_IRQHandler
                0x08000db4                SPI2_IRQHandler
                0x08000db4                OTG_HS_EP1_IN_IRQHandler
                0x08000db4                DMA1_Stream0_IRQHandler
                0x08000db4                CAN1_TX_IRQHandler
                0x08000db4                EXTI4_IRQHandler
                0x08000db4                RNG_IRQHandler
                0x08000db4                ETH_IRQHandler
                0x08000db4                OTG_HS_EP1_OUT_IRQHandler
                0x08000db4                WWDG_IRQHandler
                0x08000db4                SPI6_IRQHandler
                0x08000db4                MDIOS_IRQHandler
                0x08000db4                I2C4_EV_IRQHandler
                0x08000db4                CAN3_TX_IRQHandler
                0x08000db4                TIM2_IRQHandler
                0x08000db4                OTG_FS_WKUP_IRQHandler
                0x08000db4                TIM1_TRG_COM_TIM11_IRQHandler
                0x08000db4                OTG_HS_IRQHandler
                0x08000db4                DMA2D_IRQHandler
                0x08000db4                EXTI1_IRQHandler
                0x08000db4                SDMMC2_IRQHandler
                0x08000db4                UART7_IRQHandler
                0x08000db4                USART2_IRQHandler
                0x08000db4                DFSDM1_FLT0_IRQHandler
                0x08000db4                I2C2_ER_IRQHandler
                0x08000db4                DMA2_Stream1_IRQHandler
                0x08000db4                CAN1_SCE_IRQHandler
                0x08000db4                FLASH_IRQHandler
                0x08000db4                DMA2_Stream4_IRQHandler
                0x08000db4                USART1_IRQHandler
                0x08000db4                OTG_FS_IRQHandler
                0x08000db4                SPI3_IRQHandler
                0x08000db4                DMA1_Stream4_IRQHandler
                0x08000db4                I2C1_ER_IRQHandler
                0x08000db4                FMC_IRQHandler
                0x08000db4                LPTIM1_IRQHandler
                0x08000db4                I2C4_ER_IRQHandler
                0x08000db4                DMA2_Stream6_IRQHandler
                0x08000db4                SAI1_IRQHandler
                0x08000db4                DMA1_Stream3_IRQHandler
 .text.HAL_Init
                0x08000db6       0x1a ./Drivers/STM32F7xx_HAL_Driver/Src/stm32f7xx_hal.o
                0x08000db6                HAL_Init
 .text.HAL_IncTick
                0x08000dd0       0x28 ./Drivers/STM32F7xx_HAL_Driver/Src/stm32f7xx_hal.o
                0x08000dd0                HAL_IncTick
 .text.HAL_GetTick
                0x08000df8       0x18 ./Drivers/STM32F7xx_HAL_Driver/Src/stm32f7xx_hal.o
                0x08000df8                HAL_GetTick
 .text.__NVIC_SetPriorityGrouping
                0x08000e10       0x48 ./Drivers/STM32F7xx_HAL_Driver/Src/stm32f7xx_hal_cortex.o
 .text.__NVIC_GetPriorityGrouping
                0x08000e58       0x1c ./Drivers/STM32F7xx_HAL_Driver/Src/stm32f7xx_hal_cortex.o
 .text.__NVIC_EnableIRQ
                0x08000e74       0x3c ./Drivers/STM32F7xx_HAL_Driver/Src/stm32f7xx_hal_cortex.o
 .text.__NVIC_SetPriority
                0x08000eb0       0x54 ./Drivers/STM32F7xx_HAL_Driver/Src/stm32f7xx_hal_cortex.o
 .text.NVIC_EncodePriority
                0x08000f04       0x66 ./Drivers/STM32F7xx_HAL_Driver/Src/stm32f7xx_hal_cortex.o
 .text.HAL_NVIC_SetPriorityGrouping
                0x08000f6a       0x16 ./Drivers/STM32F7xx_HAL_Driver/Src/stm32f7xx_hal_cortex.o
                0x08000f6a                HAL_NVIC_SetPriorityGrouping
 .text.HAL_NVIC_SetPriority
                0x08000f80       0x38 ./Drivers/STM32F7xx_HAL_Driver/Src/stm32f7xx_hal_cortex.o
                0x08000f80                HAL_NVIC_SetPriority
 .text.HAL_NVIC_EnableIRQ
                0x08000fb8       0x1c ./Drivers/STM32F7xx_HAL_Driver/Src/stm32f7xx_hal_cortex.o
                0x08000fb8                HAL_NVIC_EnableIRQ
 .text.HAL_GPIO_Init
                0x08000fd4      0x358 ./Drivers/STM32F7xx_HAL_Driver/Src/stm32f7xx_hal_gpio.o
                0x08000fd4                HAL_GPIO_Init
 .text.HAL_GPIO_WritePin
                0x0800132c       0x32 ./Drivers/STM32F7xx_HAL_Driver/Src/stm32f7xx_hal_gpio.o
                0x0800132c                HAL_GPIO_WritePin
 *fill*         0x0800135e        0x2 
 .text.HAL_RCC_OscConfig
                0x08001360      0x55c ./Drivers/STM32F7xx_HAL_Driver/Src/stm32f7xx_hal_rcc.o
                0x08001360                HAL_RCC_OscConfig
 .text.HAL_RCC_ClockConfig
                0x080018bc      0x1d8 ./Drivers/STM32F7xx_HAL_Driver/Src/stm32f7xx_hal_rcc.o
                0x080018bc                HAL_RCC_ClockConfig
 .text.HAL_RCC_GetSysClockFreq
                0x08001a94      0x208 ./Drivers/STM32F7xx_HAL_Driver/Src/stm32f7xx_hal_rcc.o
                0x08001a94                HAL_RCC_GetSysClockFreq
 .text.HAL_RCC_GetHCLKFreq
                0x08001c9c       0x18 ./Drivers/STM32F7xx_HAL_Driver/Src/stm32f7xx_hal_rcc.o
                0x08001c9c                HAL_RCC_GetHCLKFreq
 .text.HAL_RCC_GetPCLK1Freq
                0x08001cb4       0x28 ./Drivers/STM32F7xx_HAL_Driver/Src/stm32f7xx_hal_rcc.o
                0x08001cb4                HAL_RCC_GetPCLK1Freq
 .text.HAL_RCC_GetPCLK2Freq
                0x08001cdc       0x28 ./Drivers/STM32F7xx_HAL_Driver/Src/stm32f7xx_hal_rcc.o
                0x08001cdc                HAL_RCC_GetPCLK2Freq
 .text.HAL_RCC_GetClockConfig
                0x08001d04       0x64 ./Drivers/STM32F7xx_HAL_Driver/Src/stm32f7xx_hal_rcc.o
                0x08001d04                HAL_RCC_GetClockConfig
 .text.HAL_RCCEx_PeriphCLKConfig
                0x08001d68      0x850 ./Drivers/STM32F7xx_HAL_Driver/Src/stm32f7xx_hal_rcc_ex.o
                0x08001d68                HAL_RCCEx_PeriphCLKConfig
 .text.HAL_TIM_Base_Init
                0x080025b8       0xae ./Drivers/STM32F7xx_HAL_Driver/Src/stm32f7xx_hal_tim.o
                0x080025b8                HAL_TIM_Base_Init
 .text.HAL_TIM_Base_MspInit
                0x08002666       0x14 ./Drivers/STM32F7xx_HAL_Driver/Src/stm32f7xx_hal_tim.o
                0x08002666                HAL_TIM_Base_MspInit
 *fill*         0x0800267a        0x2 
 .text.HAL_TIM_Base_Start_IT
                0x0800267c       0xf0 ./Drivers/STM32F7xx_HAL_Driver/Src/stm32f7xx_hal_tim.o
                0x0800267c                HAL_TIM_Base_Start_IT
 .text.HAL_TIM_IRQHandler
                0x0800276c      0x20e ./Drivers/STM32F7xx_HAL_Driver/Src/stm32f7xx_hal_tim.o
                0x0800276c                HAL_TIM_IRQHandler
 .text.HAL_TIM_OC_DelayElapsedCallback
                0x0800297a       0x14 ./Drivers/STM32F7xx_HAL_Driver/Src/stm32f7xx_hal_tim.o
                0x0800297a                HAL_TIM_OC_DelayElapsedCallback
 .text.HAL_TIM_IC_CaptureCallback
                0x0800298e       0x14 ./Drivers/STM32F7xx_HAL_Driver/Src/stm32f7xx_hal_tim.o
                0x0800298e                HAL_TIM_IC_CaptureCallback
 .text.HAL_TIM_PWM_PulseFinishedCallback
                0x080029a2       0x14 ./Drivers/STM32F7xx_HAL_Driver/Src/stm32f7xx_hal_tim.o
                0x080029a2                HAL_TIM_PWM_PulseFinishedCallback
 .text.HAL_TIM_TriggerCallback
                0x080029b6       0x14 ./Drivers/STM32F7xx_HAL_Driver/Src/stm32f7xx_hal_tim.o
                0x080029b6                HAL_TIM_TriggerCallback
 *fill*         0x080029ca        0x2 
 .text.TIM_Base_SetConfig
                0x080029cc      0x158 ./Drivers/STM32F7xx_HAL_Driver/Src/stm32f7xx_hal_tim.o
                0x080029cc                TIM_Base_SetConfig
 .text.HAL_TIMEx_CommutCallback
                0x08002b24       0x14 ./Drivers/STM32F7xx_HAL_Driver/Src/stm32f7xx_hal_tim_ex.o
                0x08002b24                HAL_TIMEx_CommutCallback
 .text.HAL_TIMEx_BreakCallback
                0x08002b38       0x14 ./Drivers/STM32F7xx_HAL_Driver/Src/stm32f7xx_hal_tim_ex.o
                0x08002b38                HAL_TIMEx_BreakCallback
 .text.HAL_TIMEx_Break2Callback
                0x08002b4c       0x14 ./Drivers/STM32F7xx_HAL_Driver/Src/stm32f7xx_hal_tim_ex.o
                0x08002b4c                HAL_TIMEx_Break2Callback
 .text.HAL_UART_Init
                0x08002b60       0x9c ./Drivers/STM32F7xx_HAL_Driver/Src/stm32f7xx_hal_uart.o
                0x08002b60                HAL_UART_Init
 .text.HAL_UART_Transmit
                0x08002bfc      0x112 ./Drivers/STM32F7xx_HAL_Driver/Src/stm32f7xx_hal_uart.o
                0x08002bfc                HAL_UART_Transmit
 *fill*         0x08002d0e        0x2 
 .text.UART_SetConfig
                0x08002d10      0x4c8 ./Drivers/STM32F7xx_HAL_Driver/Src/stm32f7xx_hal_uart.o
                0x08002d10                UART_SetConfig
 .text.UART_AdvFeatureConfig
                0x080031d8      0x144 ./Drivers/STM32F7xx_HAL_Driver/Src/stm32f7xx_hal_uart.o
                0x080031d8                UART_AdvFeatureConfig
 .text.UART_CheckIdleState
                0x0800331c      0x150 ./Drivers/STM32F7xx_HAL_Driver/Src/stm32f7xx_hal_uart.o
                0x0800331c                UART_CheckIdleState
 .text.UART_WaitOnFlagUntilTimeout
                0x0800346c       0xda ./Drivers/STM32F7xx_HAL_Driver/Src/stm32f7xx_hal_uart.o
                0x0800346c                UART_WaitOnFlagUntilTimeout
 .text.UART_EndRxTransfer
                0x08003546       0xc8 ./Drivers/STM32F7xx_HAL_Driver/Src/stm32f7xx_hal_uart.o
 .text.vListInitialise
                0x0800360e       0x40 ./common/ThirdParty/FreeRTOS/list.o
                0x0800360e                vListInitialise
 .text.vListInitialiseItem
                0x0800364e       0x1a ./common/ThirdParty/FreeRTOS/list.o
                0x0800364e                vListInitialiseItem
 .text.vListInsert
                0x08003668       0x72 ./common/ThirdParty/FreeRTOS/list.o
                0x08003668                vListInsert
 .text.uxListRemove
                0x080036da       0x54 ./common/ThirdParty/FreeRTOS/list.o
                0x080036da                uxListRemove
 *fill*         0x0800372e        0x2 
 .text.xQueueGenericReset
                0x08003730      0x12c ./common/ThirdParty/FreeRTOS/queue.o
                0x08003730                xQueueGenericReset
 .text.xQueueGenericCreate
                0x0800385c       0xa2 ./common/ThirdParty/FreeRTOS/queue.o
                0x0800385c                xQueueGenericCreate
 .text.prvInitialiseNewQueue
                0x080038fe       0x4c ./common/ThirdParty/FreeRTOS/queue.o
 *fill*         0x0800394a        0x2 
 .text.xQueueGenericSend
                0x0800394c      0x24c ./common/ThirdParty/FreeRTOS/queue.o
                0x0800394c                xQueueGenericSend
 .text.xQueueReceive
                0x08003b98      0x1d0 ./common/ThirdParty/FreeRTOS/queue.o
                0x08003b98                xQueueReceive
 .text.prvCopyDataToQueue
                0x08003d68       0xd4 ./common/ThirdParty/FreeRTOS/queue.o
 .text.prvCopyDataFromQueue
                0x08003e3c       0x4c ./common/ThirdParty/FreeRTOS/queue.o
 .text.prvUnlockQueue
                0x08003e88       0xbe ./common/ThirdParty/FreeRTOS/queue.o
 .text.prvIsQueueEmpty
                0x08003f46       0x2c ./common/ThirdParty/FreeRTOS/queue.o
 .text.prvIsQueueFull
                0x08003f72       0x30 ./common/ThirdParty/FreeRTOS/queue.o
 *fill*         0x08003fa2        0x2 
 .text.vQueueAddToRegistry
                0x08003fa4       0xa4 ./common/ThirdParty/FreeRTOS/queue.o
                0x08003fa4                vQueueAddToRegistry
 .text.vQueueWaitForMessageRestricted
                0x08004048       0x68 ./common/ThirdParty/FreeRTOS/queue.o
                0x08004048                vQueueWaitForMessageRestricted
 .text.prvNotifyQueueSetContainer
                0x080040b0       0xf2 ./common/ThirdParty/FreeRTOS/queue.o
 .text.prvCreateTask
                0x080041a2       0x78 ./common/ThirdParty/FreeRTOS/tasks.o
 .text.xTaskCreate
                0x0800421a       0x46 ./common/ThirdParty/FreeRTOS/tasks.o
                0x0800421a                xTaskCreate
 .text.prvInitialiseNewTask
                0x08004260      0x128 ./common/ThirdParty/FreeRTOS/tasks.o
 .text.prvAddNewTaskToReadyList
                0x08004388      0x130 ./common/ThirdParty/FreeRTOS/tasks.o
 .text.vTaskDelay
                0x080044b8       0x70 ./common/ThirdParty/FreeRTOS/tasks.o
                0x080044b8                vTaskDelay
 .text.prvCreateIdleTasks
                0x08004528       0x94 ./common/ThirdParty/FreeRTOS/tasks.o
 .text.vTaskStartScheduler
                0x080045bc       0x90 ./common/ThirdParty/FreeRTOS/tasks.o
                0x080045bc                vTaskStartScheduler
 .text.vTaskSuspendAll
                0x0800464c       0x1c ./common/ThirdParty/FreeRTOS/tasks.o
                0x0800464c                vTaskSuspendAll
 .text.xTaskResumeAll
                0x08004668      0x214 ./common/ThirdParty/FreeRTOS/tasks.o
                0x08004668                xTaskResumeAll
 .text.xTaskGetTickCount
                0x0800487c       0x20 ./common/ThirdParty/FreeRTOS/tasks.o
                0x0800487c                xTaskGetTickCount
 .text.uxTaskGetNumberOfTasks
                0x0800489c       0x18 ./common/ThirdParty/FreeRTOS/tasks.o
                0x0800489c                uxTaskGetNumberOfTasks
 .text.xTaskIncrementTick
                0x080048b4      0x238 ./common/ThirdParty/FreeRTOS/tasks.o
                0x080048b4                xTaskIncrementTick
 .text.vTaskSwitchContext
                0x08004aec       0xc0 ./common/ThirdParty/FreeRTOS/tasks.o
                0x08004aec                vTaskSwitchContext
 .text.vTaskPlaceOnEventList
                0x08004bac       0x50 ./common/ThirdParty/FreeRTOS/tasks.o
                0x08004bac                vTaskPlaceOnEventList
 .text.vTaskPlaceOnEventListRestricted
                0x08004bfc       0x90 ./common/ThirdParty/FreeRTOS/tasks.o
                0x08004bfc                vTaskPlaceOnEventListRestricted
 .text.xTaskRemoveFromEventList
                0x08004c8c      0x1b8 ./common/ThirdParty/FreeRTOS/tasks.o
                0x08004c8c                xTaskRemoveFromEventList
 .text.vTaskInternalSetTimeOutState
                0x08004e44       0x2c ./common/ThirdParty/FreeRTOS/tasks.o
                0x08004e44                vTaskInternalSetTimeOutState
 .text.xTaskCheckForTimeOut
                0x08004e70       0xd8 ./common/ThirdParty/FreeRTOS/tasks.o
                0x08004e70                xTaskCheckForTimeOut
 .text.vTaskMissedYield
                0x08004f48       0x18 ./common/ThirdParty/FreeRTOS/tasks.o
                0x08004f48                vTaskMissedYield
 .text.prvIdleTask
                0x08004f60       0x30 ./common/ThirdParty/FreeRTOS/tasks.o
 .text.prvInitialiseTaskLists
                0x08004f90       0x80 ./common/ThirdParty/FreeRTOS/tasks.o
 .text.prvCheckTasksWaitingTermination
                0x08005010       0x5c ./common/ThirdParty/FreeRTOS/tasks.o
 .text.prvDeleteTCB
                0x0800506c       0x20 ./common/ThirdParty/FreeRTOS/tasks.o
 .text.prvResetNextTaskUnblockTime
                0x0800508c       0x38 ./common/ThirdParty/FreeRTOS/tasks.o
 .text.xTaskGetSchedulerState
                0x080050c4       0x3c ./common/ThirdParty/FreeRTOS/tasks.o
                0x080050c4                xTaskGetSchedulerState
 .text.xTaskPriorityDisinherit
                0x08005100      0x158 ./common/ThirdParty/FreeRTOS/tasks.o
                0x08005100                xTaskPriorityDisinherit
 .text.prvAddCurrentTaskToDelayedList
                0x08005258      0x104 ./common/ThirdParty/FreeRTOS/tasks.o
 .text.xTimerCreateTimerTask
                0x0800535c       0x6c ./common/ThirdParty/FreeRTOS/timers.o
                0x0800535c                xTimerCreateTimerTask
 .text.prvReloadTimer
                0x080053c8       0x42 ./common/ThirdParty/FreeRTOS/timers.o
 *fill*         0x0800540a        0x2 
 .text.prvProcessExpiredTimer
                0x0800540c       0x60 ./common/ThirdParty/FreeRTOS/timers.o
 .text.prvTimerTask
                0x0800546c       0x26 ./common/ThirdParty/FreeRTOS/timers.o
 *fill*         0x08005492        0x2 
 .text.prvProcessTimerOrBlockTask
                0x08005494       0x9c ./common/ThirdParty/FreeRTOS/timers.o
 .text.prvGetNextExpireTime
                0x08005530       0x48 ./common/ThirdParty/FreeRTOS/timers.o
 .text.prvSampleTimeNow
                0x08005578       0x40 ./common/ThirdParty/FreeRTOS/timers.o
 .text.prvInsertTimerInActiveList
                0x080055b8       0x84 ./common/ThirdParty/FreeRTOS/timers.o
 .text.prvProcessReceivedCommands
                0x0800563c      0x1d0 ./common/ThirdParty/FreeRTOS/timers.o
 .text.prvSwitchTimerLists
                0x0800580c       0x4c ./common/ThirdParty/FreeRTOS/timers.o
 .text.prvCheckForValidListAndQueue
                0x08005858       0x6c ./common/ThirdParty/FreeRTOS/timers.o
 .text.pxPortInitialiseStack
                0x080058c4       0x68 ./common/ThirdParty/FreeRTOS/portable/GCC/ARM_CM7/r0p1/port.o
                0x080058c4                pxPortInitialiseStack
 .text.prvTaskExitError
                0x0800592c       0x64 ./common/ThirdParty/FreeRTOS/portable/GCC/ARM_CM7/r0p1/port.o
 .text.SVC_Handler
                0x08005990       0x28 ./common/ThirdParty/FreeRTOS/portable/GCC/ARM_CM7/r0p1/port.o
                0x08005990                SVC_Handler
 .text.prvPortStartFirstTask
                0x080059b8       0x2c ./common/ThirdParty/FreeRTOS/portable/GCC/ARM_CM7/r0p1/port.o
 .text.xPortStartScheduler
                0x080059e4      0x1a0 ./common/ThirdParty/FreeRTOS/portable/GCC/ARM_CM7/r0p1/port.o
                0x080059e4                xPortStartScheduler
 .text.vPortEnterCritical
                0x08005b84       0x6c ./common/ThirdParty/FreeRTOS/portable/GCC/ARM_CM7/r0p1/port.o
                0x08005b84                vPortEnterCritical
 .text.vPortExitCritical
                0x08005bf0       0x58 ./common/ThirdParty/FreeRTOS/portable/GCC/ARM_CM7/r0p1/port.o
                0x08005bf0                vPortExitCritical
 *fill*         0x08005c48        0x8 
 .text.PendSV_Handler
                0x08005c50       0x68 ./common/ThirdParty/FreeRTOS/portable/GCC/ARM_CM7/r0p1/port.o
                0x08005c50                PendSV_Handler
 .text.SysTick_Handler
                0x08005cb8       0x48 ./common/ThirdParty/FreeRTOS/portable/GCC/ARM_CM7/r0p1/port.o
                0x08005cb8                SysTick_Handler
 .text.vPortSetupTimerInterrupt
                0x08005d00       0x48 ./common/ThirdParty/FreeRTOS/portable/GCC/ARM_CM7/r0p1/port.o
                0x08005d00                vPortSetupTimerInterrupt
 .text.vPortEnableVFP
                0x08005d48       0x18 ./common/ThirdParty/FreeRTOS/portable/GCC/ARM_CM7/r0p1/port.o
 .text.pvPortMalloc
                0x08005d60      0x27c ./common/ThirdParty/FreeRTOS/portable/MemMang/heap_4.o
                0x08005d60                pvPortMalloc
 .text.vPortFree
                0x08005fdc      0x100 ./common/ThirdParty/FreeRTOS/portable/MemMang/heap_4.o
                0x08005fdc                vPortFree
 .text.prvHeapInit
                0x080060dc       0xb4 ./common/ThirdParty/FreeRTOS/portable/MemMang/heap_4.o
 .text.prvInsertBlockIntoFreeList
                0x08006190       0xf8 ./common/ThirdParty/FreeRTOS/portable/MemMang/heap_4.o
 .text.sprintf  0x08006288       0x40 D:/STM32CubeIDE_1.16.1/STM32CubeIDE/plugins/com.st.stm32cube.ide.mcu.externaltools.gnu-tools-for-stm32.12.3.rel1.win32_1.1.0.202410251130/tools/bin/../lib/gcc/arm-none-eabi/12.3.1/../../../../arm-none-eabi/lib/thumb/v7e-m+dp/hard\libc_nano.a(libc_a-sprintf.o)
                0x08006288                siprintf
                0x08006288                sprintf
 .text.memset   0x080062c8       0x10 D:/STM32CubeIDE_1.16.1/STM32CubeIDE/plugins/com.st.stm32cube.ide.mcu.externaltools.gnu-tools-for-stm32.12.3.rel1.win32_1.1.0.202410251130/tools/bin/../lib/gcc/arm-none-eabi/12.3.1/../../../../arm-none-eabi/lib/thumb/v7e-m+dp/hard\libc_nano.a(libc_a-memset.o)
                0x080062c8                memset
 .text.__errno  0x080062d8        0xc D:/STM32CubeIDE_1.16.1/STM32CubeIDE/plugins/com.st.stm32cube.ide.mcu.externaltools.gnu-tools-for-stm32.12.3.rel1.win32_1.1.0.202410251130/tools/bin/../lib/gcc/arm-none-eabi/12.3.1/../../../../arm-none-eabi/lib/thumb/v7e-m+dp/hard\libc_nano.a(libc_a-errno.o)
                0x080062d8                __errno
 .text.__libc_init_array
                0x080062e4       0x48 D:/STM32CubeIDE_1.16.1/STM32CubeIDE/plugins/com.st.stm32cube.ide.mcu.externaltools.gnu-tools-for-stm32.12.3.rel1.win32_1.1.0.202410251130/tools/bin/../lib/gcc/arm-none-eabi/12.3.1/../../../../arm-none-eabi/lib/thumb/v7e-m+dp/hard\libc_nano.a(libc_a-init.o)
                0x080062e4                __libc_init_array
 .text.__retarget_lock_acquire_recursive
                0x0800632c        0x2 D:/STM32CubeIDE_1.16.1/STM32CubeIDE/plugins/com.st.stm32cube.ide.mcu.externaltools.gnu-tools-for-stm32.12.3.rel1.win32_1.1.0.202410251130/tools/bin/../lib/gcc/arm-none-eabi/12.3.1/../../../../arm-none-eabi/lib/thumb/v7e-m+dp/hard\libc_nano.a(libc_a-lock.o)
                0x0800632c                __retarget_lock_acquire_recursive
 .text.__retarget_lock_release_recursive
                0x0800632e        0x2 D:/STM32CubeIDE_1.16.1/STM32CubeIDE/plugins/com.st.stm32cube.ide.mcu.externaltools.gnu-tools-for-stm32.12.3.rel1.win32_1.1.0.202410251130/tools/bin/../lib/gcc/arm-none-eabi/12.3.1/../../../../arm-none-eabi/lib/thumb/v7e-m+dp/hard\libc_nano.a(libc_a-lock.o)
                0x0800632e                __retarget_lock_release_recursive
 .text.memcpy   0x08006330       0x1c D:/STM32CubeIDE_1.16.1/STM32CubeIDE/plugins/com.st.stm32cube.ide.mcu.externaltools.gnu-tools-for-stm32.12.3.rel1.win32_1.1.0.202410251130/tools/bin/../lib/gcc/arm-none-eabi/12.3.1/../../../../arm-none-eabi/lib/thumb/v7e-m+dp/hard\libc_nano.a(libc_a-memcpy-stub.o)
                0x08006330                memcpy
 .text._free_r  0x0800634c       0x94 D:/STM32CubeIDE_1.16.1/STM32CubeIDE/plugins/com.st.stm32cube.ide.mcu.externaltools.gnu-tools-for-stm32.12.3.rel1.win32_1.1.0.202410251130/tools/bin/../lib/gcc/arm-none-eabi/12.3.1/../../../../arm-none-eabi/lib/thumb/v7e-m+dp/hard\libc_nano.a(libc_a-freer.o)
                0x0800634c                _free_r
 .text.sbrk_aligned
                0x080063e0       0x44 D:/STM32CubeIDE_1.16.1/STM32CubeIDE/plugins/com.st.stm32cube.ide.mcu.externaltools.gnu-tools-for-stm32.12.3.rel1.win32_1.1.0.202410251130/tools/bin/../lib/gcc/arm-none-eabi/12.3.1/../../../../arm-none-eabi/lib/thumb/v7e-m+dp/hard\libc_nano.a(libc_a-mallocr.o)
 .text._malloc_r
                0x08006424      0x100 D:/STM32CubeIDE_1.16.1/STM32CubeIDE/plugins/com.st.stm32cube.ide.mcu.externaltools.gnu-tools-for-stm32.12.3.rel1.win32_1.1.0.202410251130/tools/bin/../lib/gcc/arm-none-eabi/12.3.1/../../../../arm-none-eabi/lib/thumb/v7e-m+dp/hard\libc_nano.a(libc_a-mallocr.o)
                0x08006424                _malloc_r
 .text.__malloc_lock
                0x08006524        0xc D:/STM32CubeIDE_1.16.1/STM32CubeIDE/plugins/com.st.stm32cube.ide.mcu.externaltools.gnu-tools-for-stm32.12.3.rel1.win32_1.1.0.202410251130/tools/bin/../lib/gcc/arm-none-eabi/12.3.1/../../../../arm-none-eabi/lib/thumb/v7e-m+dp/hard\libc_nano.a(libc_a-mlock.o)
                0x08006524                __malloc_lock
 .text.__malloc_unlock
                0x08006530        0xc D:/STM32CubeIDE_1.16.1/STM32CubeIDE/plugins/com.st.stm32cube.ide.mcu.externaltools.gnu-tools-for-stm32.12.3.rel1.win32_1.1.0.202410251130/tools/bin/../lib/gcc/arm-none-eabi/12.3.1/../../../../arm-none-eabi/lib/thumb/v7e-m+dp/hard\libc_nano.a(libc_a-mlock.o)
                0x08006530                __malloc_unlock
 .text.__ssputs_r
                0x0800653c       0xb6 D:/STM32CubeIDE_1.16.1/STM32CubeIDE/plugins/com.st.stm32cube.ide.mcu.externaltools.gnu-tools-for-stm32.12.3.rel1.win32_1.1.0.202410251130/tools/bin/../lib/gcc/arm-none-eabi/12.3.1/../../../../arm-none-eabi/lib/thumb/v7e-m+dp/hard\libc_nano.a(libc_a-nano-svfprintf.o)
                0x0800653c                __ssputs_r
 *fill*         0x080065f2        0x2 
 .text._svfprintf_r
                0x080065f4      0x1f8 D:/STM32CubeIDE_1.16.1/STM32CubeIDE/plugins/com.st.stm32cube.ide.mcu.externaltools.gnu-tools-for-stm32.12.3.rel1.win32_1.1.0.202410251130/tools/bin/../lib/gcc/arm-none-eabi/12.3.1/../../../../arm-none-eabi/lib/thumb/v7e-m+dp/hard\libc_nano.a(libc_a-nano-svfprintf.o)
                0x080065f4                _svfiprintf_r
                0x080065f4                _svfprintf_r
 .text._printf_common
                0x080067ec       0xda D:/STM32CubeIDE_1.16.1/STM32CubeIDE/plugins/com.st.stm32cube.ide.mcu.externaltools.gnu-tools-for-stm32.12.3.rel1.win32_1.1.0.202410251130/tools/bin/../lib/gcc/arm-none-eabi/12.3.1/../../../../arm-none-eabi/lib/thumb/v7e-m+dp/hard\libc_nano.a(libc_a-nano-vfprintf_i.o)
                0x080067ec                _printf_common
 *fill*         0x080068c6        0x2 
 .text._printf_i
                0x080068c8      0x240 D:/STM32CubeIDE_1.16.1/STM32CubeIDE/plugins/com.st.stm32cube.ide.mcu.externaltools.gnu-tools-for-stm32.12.3.rel1.win32_1.1.0.202410251130/tools/bin/../lib/gcc/arm-none-eabi/12.3.1/../../../../arm-none-eabi/lib/thumb/v7e-m+dp/hard\libc_nano.a(libc_a-nano-vfprintf_i.o)
                0x080068c8                _printf_i
 .text.memmove  0x08006b08       0x34 D:/STM32CubeIDE_1.16.1/STM32CubeIDE/plugins/com.st.stm32cube.ide.mcu.externaltools.gnu-tools-for-stm32.12.3.rel1.win32_1.1.0.202410251130/tools/bin/../lib/gcc/arm-none-eabi/12.3.1/../../../../arm-none-eabi/lib/thumb/v7e-m+dp/hard\libc_nano.a(libc_a-memmove.o)
                0x08006b08                memmove
 .text._sbrk_r  0x08006b3c       0x20 D:/STM32CubeIDE_1.16.1/STM32CubeIDE/plugins/com.st.stm32cube.ide.mcu.externaltools.gnu-tools-for-stm32.12.3.rel1.win32_1.1.0.202410251130/tools/bin/../lib/gcc/arm-none-eabi/12.3.1/../../../../arm-none-eabi/lib/thumb/v7e-m+dp/hard\libc_nano.a(libc_a-sbrkr.o)
                0x08006b3c                _sbrk_r
 .text._realloc_r
                0x08006b5c       0x5c D:/STM32CubeIDE_1.16.1/STM32CubeIDE/plugins/com.st.stm32cube.ide.mcu.externaltools.gnu-tools-for-stm32.12.3.rel1.win32_1.1.0.202410251130/tools/bin/../lib/gcc/arm-none-eabi/12.3.1/../../../../arm-none-eabi/lib/thumb/v7e-m+dp/hard\libc_nano.a(libc_a-reallocr.o)
                0x08006b5c                _realloc_r
 .text._malloc_usable_size_r
                0x08006bb8       0x10 D:/STM32CubeIDE_1.16.1/STM32CubeIDE/plugins/com.st.stm32cube.ide.mcu.externaltools.gnu-tools-for-stm32.12.3.rel1.win32_1.1.0.202410251130/tools/bin/../lib/gcc/arm-none-eabi/12.3.1/../../../../arm-none-eabi/lib/thumb/v7e-m+dp/hard\libc_nano.a(libc_a-msizer.o)
                0x08006bb8                _malloc_usable_size_r
 *(.glue_7)
 .glue_7        0x08006bc8        0x0 linker stubs
 *(.glue_7t)
 .glue_7t       0x08006bc8        0x0 linker stubs
 *(.eh_frame)
 .eh_frame      0x08006bc8        0x0 D:/STM32CubeIDE_1.16.1/STM32CubeIDE/plugins/com.st.stm32cube.ide.mcu.externaltools.gnu-tools-for-stm32.12.3.rel1.win32_1.1.0.202410251130/tools/bin/../lib/gcc/arm-none-eabi/12.3.1/thumb/v7e-m+dp/hard/crtbegin.o
 *(.init)
 .init          0x08006bc8        0x4 D:/STM32CubeIDE_1.16.1/STM32CubeIDE/plugins/com.st.stm32cube.ide.mcu.externaltools.gnu-tools-for-stm32.12.3.rel1.win32_1.1.0.202410251130/tools/bin/../lib/gcc/arm-none-eabi/12.3.1/thumb/v7e-m+dp/hard/crti.o
                0x08006bc8                _init
 .init          0x08006bcc        0x8 D:/STM32CubeIDE_1.16.1/STM32CubeIDE/plugins/com.st.stm32cube.ide.mcu.externaltools.gnu-tools-for-stm32.12.3.rel1.win32_1.1.0.202410251130/tools/bin/../lib/gcc/arm-none-eabi/12.3.1/thumb/v7e-m+dp/hard/crtn.o
 *(.fini)
 .fini          0x08006bd4        0x4 D:/STM32CubeIDE_1.16.1/STM32CubeIDE/plugins/com.st.stm32cube.ide.mcu.externaltools.gnu-tools-for-stm32.12.3.rel1.win32_1.1.0.202410251130/tools/bin/../lib/gcc/arm-none-eabi/12.3.1/thumb/v7e-m+dp/hard/crti.o
                0x08006bd4                _fini
 .fini          0x08006bd8        0x8 D:/STM32CubeIDE_1.16.1/STM32CubeIDE/plugins/com.st.stm32cube.ide.mcu.externaltools.gnu-tools-for-stm32.12.3.rel1.win32_1.1.0.202410251130/tools/bin/../lib/gcc/arm-none-eabi/12.3.1/thumb/v7e-m+dp/hard/crtn.o
                0x08006be0                        . = ALIGN (0x4)
                0x08006be0                        _etext = .

.vfp11_veneer   0x08006be0        0x0
 .vfp11_veneer  0x08006be0        0x0 linker stubs

.v4_bx          0x08006be0        0x0
 .v4_bx         0x08006be0        0x0 linker stubs

.iplt           0x08006be0        0x0
 .iplt          0x08006be0        0x0 D:/STM32CubeIDE_1.16.1/STM32CubeIDE/plugins/com.st.stm32cube.ide.mcu.externaltools.gnu-tools-for-stm32.12.3.rel1.win32_1.1.0.202410251130/tools/bin/../lib/gcc/arm-none-eabi/12.3.1/thumb/v7e-m+dp/hard/crtbegin.o

.rodata         0x08006be0      0x108
                0x08006be0                        . = ALIGN (0x4)
 *(.rodata)
 .rodata        0x08006be0       0x94 ./Core/Src/main.o
 .rodata        0x08006c74       0x17 ./common/ThirdParty/FreeRTOS/tasks.o
 *fill*         0x08006c8b        0x1 
 .rodata        0x08006c8c        0xd ./common/ThirdParty/FreeRTOS/timers.o
 *(.rodata*)
 *fill*         0x08006c99        0x3 
 .rodata.AHBPrescTable
                0x08006c9c       0x10 ./Core/Src/system_stm32f7xx.o
                0x08006c9c                AHBPrescTable
 .rodata.APBPrescTable
                0x08006cac        0x8 ./Core/Src/system_stm32f7xx.o
                0x08006cac                APBPrescTable
 .rodata._svfprintf_r.str1.1
                0x08006cb4       0x11 D:/STM32CubeIDE_1.16.1/STM32CubeIDE/plugins/com.st.stm32cube.ide.mcu.externaltools.gnu-tools-for-stm32.12.3.rel1.win32_1.1.0.202410251130/tools/bin/../lib/gcc/arm-none-eabi/12.3.1/../../../../arm-none-eabi/lib/thumb/v7e-m+dp/hard\libc_nano.a(libc_a-nano-svfprintf.o)
 .rodata._printf_i.str1.1
                0x08006cc5       0x22 D:/STM32CubeIDE_1.16.1/STM32CubeIDE/plugins/com.st.stm32cube.ide.mcu.externaltools.gnu-tools-for-stm32.12.3.rel1.win32_1.1.0.202410251130/tools/bin/../lib/gcc/arm-none-eabi/12.3.1/../../../../arm-none-eabi/lib/thumb/v7e-m+dp/hard\libc_nano.a(libc_a-nano-vfprintf_i.o)
                0x08006ce8                        . = ALIGN (0x4)
 *fill*         0x08006ce7        0x1 

.ARM.extab      0x08006ce8        0x0
                0x08006ce8                        . = ALIGN (0x4)
 *(.ARM.extab* .gnu.linkonce.armextab.*)
                0x08006ce8                        . = ALIGN (0x4)

.ARM            0x08006ce8        0x8
                0x08006ce8                        . = ALIGN (0x4)
                0x08006ce8                        __exidx_start = .
 *(.ARM.exidx*)
 .ARM.exidx     0x08006ce8        0x8 D:/STM32CubeIDE_1.16.1/STM32CubeIDE/plugins/com.st.stm32cube.ide.mcu.externaltools.gnu-tools-for-stm32.12.3.rel1.win32_1.1.0.202410251130/tools/bin/../lib/gcc/arm-none-eabi/12.3.1/../../../../arm-none-eabi/lib/thumb/v7e-m+dp/hard\libc_nano.a(libc_a-strlen.o)
 .ARM.exidx     0x08006cf0        0x0 D:/STM32CubeIDE_1.16.1/STM32CubeIDE/plugins/com.st.stm32cube.ide.mcu.externaltools.gnu-tools-for-stm32.12.3.rel1.win32_1.1.0.202410251130/tools/bin/../lib/gcc/arm-none-eabi/12.3.1/../../../../arm-none-eabi/lib/thumb/v7e-m+dp/hard\libc_nano.a(libc_a-memchr.o)
                                  0x8 (size before relaxing)
 .ARM.exidx     0x08006cf0        0x0 D:/STM32CubeIDE_1.16.1/STM32CubeIDE/plugins/com.st.stm32cube.ide.mcu.externaltools.gnu-tools-for-stm32.12.3.rel1.win32_1.1.0.202410251130/tools/bin/../lib/gcc/arm-none-eabi/12.3.1/thumb/v7e-m+dp/hard\libgcc.a(_udivmoddi4.o)
                                  0x8 (size before relaxing)
                0x08006cf0                        __exidx_end = .
                0x08006cf0                        . = ALIGN (0x4)

.preinit_array  0x08006cf0        0x0
                0x08006cf0                        . = ALIGN (0x4)
                0x08006cf0                        PROVIDE (__preinit_array_start = .)
 *(.preinit_array*)
                0x08006cf0                        PROVIDE (__preinit_array_end = .)
                0x08006cf0                        . = ALIGN (0x4)

.init_array     0x08006cf0        0x4
                0x08006cf0                        . = ALIGN (0x4)
                0x08006cf0                        PROVIDE (__init_array_start = .)
 *(SORT_BY_NAME(.init_array.*))
 *(.init_array*)
 .init_array    0x08006cf0        0x4 D:/STM32CubeIDE_1.16.1/STM32CubeIDE/plugins/com.st.stm32cube.ide.mcu.externaltools.gnu-tools-for-stm32.12.3.rel1.win32_1.1.0.202410251130/tools/bin/../lib/gcc/arm-none-eabi/12.3.1/thumb/v7e-m+dp/hard/crtbegin.o
                0x08006cf4                        PROVIDE (__init_array_end = .)
                0x08006cf4                        . = ALIGN (0x4)

.fini_array     0x08006cf4        0x4
                0x08006cf4                        . = ALIGN (0x4)
                [!provide]                        PROVIDE (__fini_array_start = .)
 *(SORT_BY_NAME(.fini_array.*))
 *(.fini_array*)
 .fini_array    0x08006cf4        0x4 D:/STM32CubeIDE_1.16.1/STM32CubeIDE/plugins/com.st.stm32cube.ide.mcu.externaltools.gnu-tools-for-stm32.12.3.rel1.win32_1.1.0.202410251130/tools/bin/../lib/gcc/arm-none-eabi/12.3.1/thumb/v7e-m+dp/hard/crtbegin.o
                [!provide]                        PROVIDE (__fini_array_end = .)
                0x08006cf8                        . = ALIGN (0x4)
                0x08006cf8                        _sidata = LOADADDR (.data)

.rel.dyn        0x08006cf8        0x0
 .rel.iplt      0x08006cf8        0x0 D:/STM32CubeIDE_1.16.1/STM32CubeIDE/plugins/com.st.stm32cube.ide.mcu.externaltools.gnu-tools-for-stm32.12.3.rel1.win32_1.1.0.202410251130/tools/bin/../lib/gcc/arm-none-eabi/12.3.1/thumb/v7e-m+dp/hard/crtbegin.o

.data           0x20000000       0x64 load address 0x08006cf8
                0x20000000                        . = ALIGN (0x4)
                0x20000000                        _sdata = .
 *(.data)
 *(.data*)
 .data.SystemCoreClock
                0x20000000        0x4 ./Core/Src/system_stm32f7xx.o
                0x20000000                SystemCoreClock
 .data.uwTickPrio
                0x20000004        0x4 ./Drivers/STM32F7xx_HAL_Driver/Src/stm32f7xx_hal.o
                0x20000004                uwTickPrio
 .data.uwTickFreq
                0x20000008        0x1 ./Drivers/STM32F7xx_HAL_Driver/Src/stm32f7xx_hal.o
                0x20000008                uwTickFreq
 *fill*         0x20000009        0x3 
 .data.uxTopUsedPriority
                0x2000000c        0x4 ./common/ThirdParty/FreeRTOS/tasks.o
 .data.uxCriticalNesting
                0x20000010        0x4 ./common/ThirdParty/FreeRTOS/portable/GCC/ARM_CM7/r0p1/port.o
 .data._impure_ptr
                0x20000014        0x4 D:/STM32CubeIDE_1.16.1/STM32CubeIDE/plugins/com.st.stm32cube.ide.mcu.externaltools.gnu-tools-for-stm32.12.3.rel1.win32_1.1.0.202410251130/tools/bin/../lib/gcc/arm-none-eabi/12.3.1/../../../../arm-none-eabi/lib/thumb/v7e-m+dp/hard\libc_nano.a(libc_a-impure.o)
                0x20000014                _impure_ptr
 .data._impure_data
                0x20000018       0x4c D:/STM32CubeIDE_1.16.1/STM32CubeIDE/plugins/com.st.stm32cube.ide.mcu.externaltools.gnu-tools-for-stm32.12.3.rel1.win32_1.1.0.202410251130/tools/bin/../lib/gcc/arm-none-eabi/12.3.1/../../../../arm-none-eabi/lib/thumb/v7e-m+dp/hard\libc_nano.a(libc_a-impure.o)
                0x20000018                _impure_data
 *(.RamFunc)
 *(.RamFunc*)
                0x20000064                        . = ALIGN (0x4)
                0x20000064                        _edata = .

.igot.plt       0x20000064        0x0 load address 0x08006d5c
 .igot.plt      0x20000064        0x0 D:/STM32CubeIDE_1.16.1/STM32CubeIDE/plugins/com.st.stm32cube.ide.mcu.externaltools.gnu-tools-for-stm32.12.3.rel1.win32_1.1.0.202410251130/tools/bin/../lib/gcc/arm-none-eabi/12.3.1/thumb/v7e-m+dp/hard/crtbegin.o
                0x20000064                        . = ALIGN (0x4)

.bss            0x20000064     0xbce4 load address 0x08006d5c
                0x20000064                        _sbss = .
                0x20000064                        __bss_start__ = _sbss
 *(.bss)
 .bss           0x20000064       0x1c D:/STM32CubeIDE_1.16.1/STM32CubeIDE/plugins/com.st.stm32cube.ide.mcu.externaltools.gnu-tools-for-stm32.12.3.rel1.win32_1.1.0.202410251130/tools/bin/../lib/gcc/arm-none-eabi/12.3.1/thumb/v7e-m+dp/hard/crtbegin.o
 *(.bss*)
 .bss.huart3    0x20000080       0x88 ./Core/Src/main.o
                0x20000080                huart3
 .bss.usr_msg   0x20000108       0xfa ./Core/Src/main.o
                0x20000108                usr_msg
 *fill*         0x20000202        0x2 
 .bss.xBinarySemaphore
                0x20000204        0x4 ./Core/Src/main.o
                0x20000204                xBinarySemaphore
 .bss.htim6     0x20000208       0x4c ./Core/Src/stm32f7xx_hal_timebase_tim.o
                0x20000208                htim6
 .bss.__sbrk_heap_end
                0x20000254        0x4 ./Core/Src/sysmem.o
 .bss.uwTick    0x20000258        0x4 ./Drivers/STM32F7xx_HAL_Driver/Src/stm32f7xx_hal.o
                0x20000258                uwTick
 .bss.xQueueRegistry
                0x2000025c       0x40 ./common/ThirdParty/FreeRTOS/queue.o
                0x2000025c                xQueueRegistry
 .bss.pxCurrentTCB
                0x2000029c        0x4 ./common/ThirdParty/FreeRTOS/tasks.o
                0x2000029c                pxCurrentTCB
 .bss.pxReadyTasksLists
                0x200002a0       0x64 ./common/ThirdParty/FreeRTOS/tasks.o
 .bss.xDelayedTaskList1
                0x20000304       0x14 ./common/ThirdParty/FreeRTOS/tasks.o
 .bss.xDelayedTaskList2
                0x20000318       0x14 ./common/ThirdParty/FreeRTOS/tasks.o
 .bss.pxDelayedTaskList
                0x2000032c        0x4 ./common/ThirdParty/FreeRTOS/tasks.o
 .bss.pxOverflowDelayedTaskList
                0x20000330        0x4 ./common/ThirdParty/FreeRTOS/tasks.o
 .bss.xPendingReadyList
                0x20000334       0x14 ./common/ThirdParty/FreeRTOS/tasks.o
 .bss.xTasksWaitingTermination
                0x20000348       0x14 ./common/ThirdParty/FreeRTOS/tasks.o
 .bss.uxDeletedTasksWaitingCleanUp
                0x2000035c        0x4 ./common/ThirdParty/FreeRTOS/tasks.o
 .bss.xSuspendedTaskList
                0x20000360       0x14 ./common/ThirdParty/FreeRTOS/tasks.o
 .bss.uxCurrentNumberOfTasks
                0x20000374        0x4 ./common/ThirdParty/FreeRTOS/tasks.o
 .bss.xTickCount
                0x20000378        0x4 ./common/ThirdParty/FreeRTOS/tasks.o
 .bss.uxTopReadyPriority
                0x2000037c        0x4 ./common/ThirdParty/FreeRTOS/tasks.o
 .bss.xSchedulerRunning
                0x20000380        0x4 ./common/ThirdParty/FreeRTOS/tasks.o
 .bss.xPendedTicks
                0x20000384        0x4 ./common/ThirdParty/FreeRTOS/tasks.o
 .bss.xYieldPendings
                0x20000388        0x4 ./common/ThirdParty/FreeRTOS/tasks.o
 .bss.xNumOfOverflows
                0x2000038c        0x4 ./common/ThirdParty/FreeRTOS/tasks.o
 .bss.uxTaskNumber
                0x20000390        0x4 ./common/ThirdParty/FreeRTOS/tasks.o
 .bss.xNextTaskUnblockTime
                0x20000394        0x4 ./common/ThirdParty/FreeRTOS/tasks.o
 .bss.xIdleTaskHandles
                0x20000398        0x4 ./common/ThirdParty/FreeRTOS/tasks.o
 .bss.uxSchedulerSuspended
                0x2000039c        0x4 ./common/ThirdParty/FreeRTOS/tasks.o
 .bss.xActiveTimerList1
                0x200003a0       0x14 ./common/ThirdParty/FreeRTOS/timers.o
 .bss.xActiveTimerList2
                0x200003b4       0x14 ./common/ThirdParty/FreeRTOS/timers.o
 .bss.pxCurrentTimerList
                0x200003c8        0x4 ./common/ThirdParty/FreeRTOS/timers.o
 .bss.pxOverflowTimerList
                0x200003cc        0x4 ./common/ThirdParty/FreeRTOS/timers.o
 .bss.xTimerQueue
                0x200003d0        0x4 ./common/ThirdParty/FreeRTOS/timers.o
 .bss.xTimerTaskHandle
                0x200003d4        0x4 ./common/ThirdParty/FreeRTOS/timers.o
 .bss.xLastTime.0
                0x200003d8        0x4 ./common/ThirdParty/FreeRTOS/timers.o
 .bss.ucMaxSysCallPriority
                0x200003dc        0x1 ./common/ThirdParty/FreeRTOS/portable/GCC/ARM_CM7/r0p1/port.o
 *fill*         0x200003dd        0x3 
 .bss.ulMaxPRIGROUPValue
                0x200003e0        0x4 ./common/ThirdParty/FreeRTOS/portable/GCC/ARM_CM7/r0p1/port.o
 .bss.ucHeap    0x200003e4     0xb800 ./common/ThirdParty/FreeRTOS/portable/MemMang/heap_4.o
 .bss.xStart    0x2000bbe4        0x8 ./common/ThirdParty/FreeRTOS/portable/MemMang/heap_4.o
 .bss.pxEnd     0x2000bbec        0x4 ./common/ThirdParty/FreeRTOS/portable/MemMang/heap_4.o
 .bss.xFreeBytesRemaining
                0x2000bbf0        0x4 ./common/ThirdParty/FreeRTOS/portable/MemMang/heap_4.o
 .bss.xMinimumEverFreeBytesRemaining
                0x2000bbf4        0x4 ./common/ThirdParty/FreeRTOS/portable/MemMang/heap_4.o
 .bss.xNumberOfSuccessfulAllocations
                0x2000bbf8        0x4 ./common/ThirdParty/FreeRTOS/portable/MemMang/heap_4.o
 .bss.xNumberOfSuccessfulFrees
                0x2000bbfc        0x4 ./common/ThirdParty/FreeRTOS/portable/MemMang/heap_4.o
 .bss.__sf      0x2000bc00      0x138 D:/STM32CubeIDE_1.16.1/STM32CubeIDE/plugins/com.st.stm32cube.ide.mcu.externaltools.gnu-tools-for-stm32.12.3.rel1.win32_1.1.0.202410251130/tools/bin/../lib/gcc/arm-none-eabi/12.3.1/../../../../arm-none-eabi/lib/thumb/v7e-m+dp/hard\libc_nano.a(libc_a-findfp.o)
                0x2000bc00                __sf
 .bss.errno     0x2000bd38        0x4 D:/STM32CubeIDE_1.16.1/STM32CubeIDE/plugins/com.st.stm32cube.ide.mcu.externaltools.gnu-tools-for-stm32.12.3.rel1.win32_1.1.0.202410251130/tools/bin/../lib/gcc/arm-none-eabi/12.3.1/../../../../arm-none-eabi/lib/thumb/v7e-m+dp/hard\libc_nano.a(libc_a-reent.o)
                0x2000bd38                errno
 .bss.__lock___malloc_recursive_mutex
                0x2000bd3c        0x1 D:/STM32CubeIDE_1.16.1/STM32CubeIDE/plugins/com.st.stm32cube.ide.mcu.externaltools.gnu-tools-for-stm32.12.3.rel1.win32_1.1.0.202410251130/tools/bin/../lib/gcc/arm-none-eabi/12.3.1/../../../../arm-none-eabi/lib/thumb/v7e-m+dp/hard\libc_nano.a(libc_a-lock.o)
                0x2000bd3c                __lock___malloc_recursive_mutex
 *fill*         0x2000bd3d        0x3 
 .bss.__malloc_sbrk_start
                0x2000bd40        0x4 D:/STM32CubeIDE_1.16.1/STM32CubeIDE/plugins/com.st.stm32cube.ide.mcu.externaltools.gnu-tools-for-stm32.12.3.rel1.win32_1.1.0.202410251130/tools/bin/../lib/gcc/arm-none-eabi/12.3.1/../../../../arm-none-eabi/lib/thumb/v7e-m+dp/hard\libc_nano.a(libc_a-mallocr.o)
                0x2000bd40                __malloc_sbrk_start
 .bss.__malloc_free_list
                0x2000bd44        0x4 D:/STM32CubeIDE_1.16.1/STM32CubeIDE/plugins/com.st.stm32cube.ide.mcu.externaltools.gnu-tools-for-stm32.12.3.rel1.win32_1.1.0.202410251130/tools/bin/../lib/gcc/arm-none-eabi/12.3.1/../../../../arm-none-eabi/lib/thumb/v7e-m+dp/hard\libc_nano.a(libc_a-mallocr.o)
                0x2000bd44                __malloc_free_list
 *(COMMON)
                0x2000bd48                        . = ALIGN (0x4)
                0x2000bd48                        _ebss = .
                0x2000bd48                        __bss_end__ = _ebss

._user_heap_stack
                0x2000bd48      0x600 load address 0x08006d5c
                0x2000bd48                        . = ALIGN (0x8)
                [!provide]                        PROVIDE (end = .)
                0x2000bd48                        PROVIDE (_end = .)
                0x2000bf48                        . = (. + _Min_Heap_Size)
 *fill*         0x2000bd48      0x200 
                0x2000c348                        . = (. + _Min_Stack_Size)
 *fill*         0x2000bf48      0x400 
                0x2000c348                        . = ALIGN (0x8)

/DISCARD/
 libc.a(*)
 libm.a(*)
 libgcc.a(*)

.ARM.attributes
                0x00000000       0x2e
 *(.ARM.attributes)
 .ARM.attributes
                0x00000000       0x20 D:/STM32CubeIDE_1.16.1/STM32CubeIDE/plugins/com.st.stm32cube.ide.mcu.externaltools.gnu-tools-for-stm32.12.3.rel1.win32_1.1.0.202410251130/tools/bin/../lib/gcc/arm-none-eabi/12.3.1/thumb/v7e-m+dp/hard/crti.o
 .ARM.attributes
                0x00000020       0x32 D:/STM32CubeIDE_1.16.1/STM32CubeIDE/plugins/com.st.stm32cube.ide.mcu.externaltools.gnu-tools-for-stm32.12.3.rel1.win32_1.1.0.202410251130/tools/bin/../lib/gcc/arm-none-eabi/12.3.1/thumb/v7e-m+dp/hard/crtbegin.o
 .ARM.attributes
                0x00000052       0x32 ./Core/Src/main.o
 .ARM.attributes
                0x00000084       0x32 ./Core/Src/stm32f7xx_hal_msp.o
 .ARM.attributes
                0x000000b6       0x32 ./Core/Src/stm32f7xx_hal_timebase_tim.o
 .ARM.attributes
                0x000000e8       0x32 ./Core/Src/stm32f7xx_it.o
 .ARM.attributes
                0x0000011a       0x32 ./Core/Src/sysmem.o
 .ARM.attributes
                0x0000014c       0x32 ./Core/Src/system_stm32f7xx.o
 .ARM.attributes
                0x0000017e       0x21 ./Core/Startup/startup_stm32f767zitx.o
 .ARM.attributes
                0x0000019f       0x32 ./Drivers/STM32F7xx_HAL_Driver/Src/stm32f7xx_hal.o
 .ARM.attributes
                0x000001d1       0x32 ./Drivers/STM32F7xx_HAL_Driver/Src/stm32f7xx_hal_cortex.o
 .ARM.attributes
                0x00000203       0x32 ./Drivers/STM32F7xx_HAL_Driver/Src/stm32f7xx_hal_gpio.o
 .ARM.attributes
                0x00000235       0x32 ./Drivers/STM32F7xx_HAL_Driver/Src/stm32f7xx_hal_rcc.o
 .ARM.attributes
                0x00000267       0x32 ./Drivers/STM32F7xx_HAL_Driver/Src/stm32f7xx_hal_rcc_ex.o
 .ARM.attributes
                0x00000299       0x32 ./Drivers/STM32F7xx_HAL_Driver/Src/stm32f7xx_hal_tim.o
 .ARM.attributes
                0x000002cb       0x32 ./Drivers/STM32F7xx_HAL_Driver/Src/stm32f7xx_hal_tim_ex.o
 .ARM.attributes
                0x000002fd       0x32 ./Drivers/STM32F7xx_HAL_Driver/Src/stm32f7xx_hal_uart.o
 .ARM.attributes
                0x0000032f       0x32 ./common/ThirdParty/FreeRTOS/list.o
 .ARM.attributes
                0x00000361       0x32 ./common/ThirdParty/FreeRTOS/queue.o
 .ARM.attributes
                0x00000393       0x32 ./common/ThirdParty/FreeRTOS/tasks.o
 .ARM.attributes
                0x000003c5       0x32 ./common/ThirdParty/FreeRTOS/timers.o
 .ARM.attributes
                0x000003f7       0x32 ./common/ThirdParty/FreeRTOS/portable/GCC/ARM_CM7/r0p1/port.o
 .ARM.attributes
                0x00000429       0x32 ./common/ThirdParty/FreeRTOS/portable/MemMang/heap_4.o
 .ARM.attributes
                0x0000045b       0x32 D:/STM32CubeIDE_1.16.1/STM32CubeIDE/plugins/com.st.stm32cube.ide.mcu.externaltools.gnu-tools-for-stm32.12.3.rel1.win32_1.1.0.202410251130/tools/bin/../lib/gcc/arm-none-eabi/12.3.1/../../../../arm-none-eabi/lib/thumb/v7e-m+dp/hard\libc_nano.a(libc_a-findfp.o)
 .ARM.attributes
                0x0000048d       0x32 D:/STM32CubeIDE_1.16.1/STM32CubeIDE/plugins/com.st.stm32cube.ide.mcu.externaltools.gnu-tools-for-stm32.12.3.rel1.win32_1.1.0.202410251130/tools/bin/../lib/gcc/arm-none-eabi/12.3.1/../../../../arm-none-eabi/lib/thumb/v7e-m+dp/hard\libc_nano.a(libc_a-sprintf.o)
 .ARM.attributes
                0x000004bf       0x32 D:/STM32CubeIDE_1.16.1/STM32CubeIDE/plugins/com.st.stm32cube.ide.mcu.externaltools.gnu-tools-for-stm32.12.3.rel1.win32_1.1.0.202410251130/tools/bin/../lib/gcc/arm-none-eabi/12.3.1/../../../../arm-none-eabi/lib/thumb/v7e-m+dp/hard\libc_nano.a(libc_a-memset.o)
 .ARM.attributes
                0x000004f1       0x32 D:/STM32CubeIDE_1.16.1/STM32CubeIDE/plugins/com.st.stm32cube.ide.mcu.externaltools.gnu-tools-for-stm32.12.3.rel1.win32_1.1.0.202410251130/tools/bin/../lib/gcc/arm-none-eabi/12.3.1/../../../../arm-none-eabi/lib/thumb/v7e-m+dp/hard\libc_nano.a(libc_a-reent.o)
 .ARM.attributes
                0x00000523       0x32 D:/STM32CubeIDE_1.16.1/STM32CubeIDE/plugins/com.st.stm32cube.ide.mcu.externaltools.gnu-tools-for-stm32.12.3.rel1.win32_1.1.0.202410251130/tools/bin/../lib/gcc/arm-none-eabi/12.3.1/../../../../arm-none-eabi/lib/thumb/v7e-m+dp/hard\libc_nano.a(libc_a-impure.o)
 .ARM.attributes
                0x00000555       0x32 D:/STM32CubeIDE_1.16.1/STM32CubeIDE/plugins/com.st.stm32cube.ide.mcu.externaltools.gnu-tools-for-stm32.12.3.rel1.win32_1.1.0.202410251130/tools/bin/../lib/gcc/arm-none-eabi/12.3.1/../../../../arm-none-eabi/lib/thumb/v7e-m+dp/hard\libc_nano.a(libc_a-errno.o)
 .ARM.attributes
                0x00000587       0x32 D:/STM32CubeIDE_1.16.1/STM32CubeIDE/plugins/com.st.stm32cube.ide.mcu.externaltools.gnu-tools-for-stm32.12.3.rel1.win32_1.1.0.202410251130/tools/bin/../lib/gcc/arm-none-eabi/12.3.1/../../../../arm-none-eabi/lib/thumb/v7e-m+dp/hard\libc_nano.a(libc_a-init.o)
 .ARM.attributes
                0x000005b9       0x32 D:/STM32CubeIDE_1.16.1/STM32CubeIDE/plugins/com.st.stm32cube.ide.mcu.externaltools.gnu-tools-for-stm32.12.3.rel1.win32_1.1.0.202410251130/tools/bin/../lib/gcc/arm-none-eabi/12.3.1/../../../../arm-none-eabi/lib/thumb/v7e-m+dp/hard\libc_nano.a(libc_a-lock.o)
 .ARM.attributes
                0x000005eb       0x32 D:/STM32CubeIDE_1.16.1/STM32CubeIDE/plugins/com.st.stm32cube.ide.mcu.externaltools.gnu-tools-for-stm32.12.3.rel1.win32_1.1.0.202410251130/tools/bin/../lib/gcc/arm-none-eabi/12.3.1/../../../../arm-none-eabi/lib/thumb/v7e-m+dp/hard\libc_nano.a(libc_a-memcpy-stub.o)
 .ARM.attributes
                0x0000061d       0x17 D:/STM32CubeIDE_1.16.1/STM32CubeIDE/plugins/com.st.stm32cube.ide.mcu.externaltools.gnu-tools-for-stm32.12.3.rel1.win32_1.1.0.202410251130/tools/bin/../lib/gcc/arm-none-eabi/12.3.1/../../../../arm-none-eabi/lib/thumb/v7e-m+dp/hard\libc_nano.a(libc_a-strlen.o)
 .ARM.attributes
                0x00000634       0x32 D:/STM32CubeIDE_1.16.1/STM32CubeIDE/plugins/com.st.stm32cube.ide.mcu.externaltools.gnu-tools-for-stm32.12.3.rel1.win32_1.1.0.202410251130/tools/bin/../lib/gcc/arm-none-eabi/12.3.1/../../../../arm-none-eabi/lib/thumb/v7e-m+dp/hard\libc_nano.a(libc_a-freer.o)
 .ARM.attributes
                0x00000666       0x32 D:/STM32CubeIDE_1.16.1/STM32CubeIDE/plugins/com.st.stm32cube.ide.mcu.externaltools.gnu-tools-for-stm32.12.3.rel1.win32_1.1.0.202410251130/tools/bin/../lib/gcc/arm-none-eabi/12.3.1/../../../../arm-none-eabi/lib/thumb/v7e-m+dp/hard\libc_nano.a(libc_a-mallocr.o)
 .ARM.attributes
                0x00000698       0x32 D:/STM32CubeIDE_1.16.1/STM32CubeIDE/plugins/com.st.stm32cube.ide.mcu.externaltools.gnu-tools-for-stm32.12.3.rel1.win32_1.1.0.202410251130/tools/bin/../lib/gcc/arm-none-eabi/12.3.1/../../../../arm-none-eabi/lib/thumb/v7e-m+dp/hard\libc_nano.a(libc_a-mlock.o)
 .ARM.attributes
                0x000006ca       0x32 D:/STM32CubeIDE_1.16.1/STM32CubeIDE/plugins/com.st.stm32cube.ide.mcu.externaltools.gnu-tools-for-stm32.12.3.rel1.win32_1.1.0.202410251130/tools/bin/../lib/gcc/arm-none-eabi/12.3.1/../../../../arm-none-eabi/lib/thumb/v7e-m+dp/hard\libc_nano.a(libc_a-nano-svfprintf.o)
 .ARM.attributes
                0x000006fc       0x32 D:/STM32CubeIDE_1.16.1/STM32CubeIDE/plugins/com.st.stm32cube.ide.mcu.externaltools.gnu-tools-for-stm32.12.3.rel1.win32_1.1.0.202410251130/tools/bin/../lib/gcc/arm-none-eabi/12.3.1/../../../../arm-none-eabi/lib/thumb/v7e-m+dp/hard\libc_nano.a(libc_a-nano-vfprintf_i.o)
 .ARM.attributes
                0x0000072e       0x32 D:/STM32CubeIDE_1.16.1/STM32CubeIDE/plugins/com.st.stm32cube.ide.mcu.externaltools.gnu-tools-for-stm32.12.3.rel1.win32_1.1.0.202410251130/tools/bin/../lib/gcc/arm-none-eabi/12.3.1/../../../../arm-none-eabi/lib/thumb/v7e-m+dp/hard\libc_nano.a(libc_a-memmove.o)
 .ARM.attributes
                0x00000760       0x32 D:/STM32CubeIDE_1.16.1/STM32CubeIDE/plugins/com.st.stm32cube.ide.mcu.externaltools.gnu-tools-for-stm32.12.3.rel1.win32_1.1.0.202410251130/tools/bin/../lib/gcc/arm-none-eabi/12.3.1/../../../../arm-none-eabi/lib/thumb/v7e-m+dp/hard\libc_nano.a(libc_a-sbrkr.o)
 .ARM.attributes
                0x00000792       0x1c D:/STM32CubeIDE_1.16.1/STM32CubeIDE/plugins/com.st.stm32cube.ide.mcu.externaltools.gnu-tools-for-stm32.12.3.rel1.win32_1.1.0.202410251130/tools/bin/../lib/gcc/arm-none-eabi/12.3.1/../../../../arm-none-eabi/lib/thumb/v7e-m+dp/hard\libc_nano.a(libc_a-memchr.o)
 .ARM.attributes
                0x000007ae       0x32 D:/STM32CubeIDE_1.16.1/STM32CubeIDE/plugins/com.st.stm32cube.ide.mcu.externaltools.gnu-tools-for-stm32.12.3.rel1.win32_1.1.0.202410251130/tools/bin/../lib/gcc/arm-none-eabi/12.3.1/../../../../arm-none-eabi/lib/thumb/v7e-m+dp/hard\libc_nano.a(libc_a-reallocr.o)
 .ARM.attributes
                0x000007e0       0x32 D:/STM32CubeIDE_1.16.1/STM32CubeIDE/plugins/com.st.stm32cube.ide.mcu.externaltools.gnu-tools-for-stm32.12.3.rel1.win32_1.1.0.202410251130/tools/bin/../lib/gcc/arm-none-eabi/12.3.1/../../../../arm-none-eabi/lib/thumb/v7e-m+dp/hard\libc_nano.a(libc_a-msizer.o)
 .ARM.attributes
                0x00000812       0x20 D:/STM32CubeIDE_1.16.1/STM32CubeIDE/plugins/com.st.stm32cube.ide.mcu.externaltools.gnu-tools-for-stm32.12.3.rel1.win32_1.1.0.202410251130/tools/bin/../lib/gcc/arm-none-eabi/12.3.1/thumb/v7e-m+dp/hard\libgcc.a(_aeabi_uldivmod.o)
 .ARM.attributes
                0x00000832       0x32 D:/STM32CubeIDE_1.16.1/STM32CubeIDE/plugins/com.st.stm32cube.ide.mcu.externaltools.gnu-tools-for-stm32.12.3.rel1.win32_1.1.0.202410251130/tools/bin/../lib/gcc/arm-none-eabi/12.3.1/thumb/v7e-m+dp/hard\libgcc.a(_udivmoddi4.o)
 .ARM.attributes
                0x00000864       0x20 D:/STM32CubeIDE_1.16.1/STM32CubeIDE/plugins/com.st.stm32cube.ide.mcu.externaltools.gnu-tools-for-stm32.12.3.rel1.win32_1.1.0.202410251130/tools/bin/../lib/gcc/arm-none-eabi/12.3.1/thumb/v7e-m+dp/hard\libgcc.a(_dvmd_tls.o)
 .ARM.attributes
                0x00000884       0x20 D:/STM32CubeIDE_1.16.1/STM32CubeIDE/plugins/com.st.stm32cube.ide.mcu.externaltools.gnu-tools-for-stm32.12.3.rel1.win32_1.1.0.202410251130/tools/bin/../lib/gcc/arm-none-eabi/12.3.1/thumb/v7e-m+dp/hard/crtn.o
OUTPUT(013_Mutex_using_BinarySema.elf elf32-littlearm)
LOAD linker stubs
LOAD D:/STM32CubeIDE_1.16.1/STM32CubeIDE/plugins/com.st.stm32cube.ide.mcu.externaltools.gnu-tools-for-stm32.12.3.rel1.win32_1.1.0.202410251130/tools/bin/../lib/gcc/arm-none-eabi/12.3.1/../../../../arm-none-eabi/lib/thumb/v7e-m+dp/hard\libc.a
LOAD D:/STM32CubeIDE_1.16.1/STM32CubeIDE/plugins/com.st.stm32cube.ide.mcu.externaltools.gnu-tools-for-stm32.12.3.rel1.win32_1.1.0.202410251130/tools/bin/../lib/gcc/arm-none-eabi/12.3.1/../../../../arm-none-eabi/lib/thumb/v7e-m+dp/hard\libm.a
LOAD D:/STM32CubeIDE_1.16.1/STM32CubeIDE/plugins/com.st.stm32cube.ide.mcu.externaltools.gnu-tools-for-stm32.12.3.rel1.win32_1.1.0.202410251130/tools/bin/../lib/gcc/arm-none-eabi/12.3.1/thumb/v7e-m+dp/hard\libgcc.a

.debug_info     0x00000000    0x14e75
 .debug_info    0x00000000     0x13bd ./Core/Src/main.o
 .debug_info    0x000013bd      0xc8e ./Core/Src/stm32f7xx_hal_msp.o
 .debug_info    0x0000204b      0xd1d ./Core/Src/stm32f7xx_hal_timebase_tim.o
 .debug_info    0x00002d68      0x715 ./Core/Src/stm32f7xx_it.o
 .debug_info    0x0000347d      0x168 ./Core/Src/sysmem.o
 .debug_info    0x000035e5      0x6ed ./Core/Src/system_stm32f7xx.o
 .debug_info    0x00003cd2       0x30 ./Core/Startup/startup_stm32f767zitx.o
 .debug_info    0x00003d02      0xa4c ./Drivers/STM32F7xx_HAL_Driver/Src/stm32f7xx_hal.o
 .debug_info    0x0000474e      0xfc0 ./Drivers/STM32F7xx_HAL_Driver/Src/stm32f7xx_hal_cortex.o
 .debug_info    0x0000570e      0x6f3 ./Drivers/STM32F7xx_HAL_Driver/Src/stm32f7xx_hal_gpio.o
 .debug_info    0x00005e01      0x937 ./Drivers/STM32F7xx_HAL_Driver/Src/stm32f7xx_hal_rcc.o
 .debug_info    0x00006738      0x6e1 ./Drivers/STM32F7xx_HAL_Driver/Src/stm32f7xx_hal_rcc_ex.o
 .debug_info    0x00006e19     0x2ad5 ./Drivers/STM32F7xx_HAL_Driver/Src/stm32f7xx_hal_tim.o
 .debug_info    0x000098ee     0x16bb ./Drivers/STM32F7xx_HAL_Driver/Src/stm32f7xx_hal_tim_ex.o
 .debug_info    0x0000afa9     0x3adc ./Drivers/STM32F7xx_HAL_Driver/Src/stm32f7xx_hal_uart.o
 .debug_info    0x0000ea85      0x2aa ./common/ThirdParty/FreeRTOS/list.o
 .debug_info    0x0000ed2f     0x1b0e ./common/ThirdParty/FreeRTOS/queue.o
 .debug_info    0x0001083d     0x2a6c ./common/ThirdParty/FreeRTOS/tasks.o
 .debug_info    0x000132a9     0x10ba ./common/ThirdParty/FreeRTOS/timers.o
 .debug_info    0x00014363      0x53b ./common/ThirdParty/FreeRTOS/portable/GCC/ARM_CM7/r0p1/port.o
 .debug_info    0x0001489e      0x5d7 ./common/ThirdParty/FreeRTOS/portable/MemMang/heap_4.o

.debug_abbrev   0x00000000     0x2d7e
 .debug_abbrev  0x00000000      0x311 ./Core/Src/main.o
 .debug_abbrev  0x00000311      0x1d6 ./Core/Src/stm32f7xx_hal_msp.o
 .debug_abbrev  0x000004e7      0x1f4 ./Core/Src/stm32f7xx_hal_timebase_tim.o
 .debug_abbrev  0x000006db      0x17d ./Core/Src/stm32f7xx_it.o
 .debug_abbrev  0x00000858       0xbc ./Core/Src/sysmem.o
 .debug_abbrev  0x00000914      0x13b ./Core/Src/system_stm32f7xx.o
 .debug_abbrev  0x00000a4f       0x24 ./Core/Startup/startup_stm32f767zitx.o
 .debug_abbrev  0x00000a73      0x213 ./Drivers/STM32F7xx_HAL_Driver/Src/stm32f7xx_hal.o
 .debug_abbrev  0x00000c86      0x31e ./Drivers/STM32F7xx_HAL_Driver/Src/stm32f7xx_hal_cortex.o
 .debug_abbrev  0x00000fa4      0x1d4 ./Drivers/STM32F7xx_HAL_Driver/Src/stm32f7xx_hal_gpio.o
 .debug_abbrev  0x00001178      0x2de ./Drivers/STM32F7xx_HAL_Driver/Src/stm32f7xx_hal_rcc.o
 .debug_abbrev  0x00001456      0x1c9 ./Drivers/STM32F7xx_HAL_Driver/Src/stm32f7xx_hal_rcc_ex.o
 .debug_abbrev  0x0000161f      0x278 ./Drivers/STM32F7xx_HAL_Driver/Src/stm32f7xx_hal_tim.o
 .debug_abbrev  0x00001897      0x283 ./Drivers/STM32F7xx_HAL_Driver/Src/stm32f7xx_hal_tim_ex.o
 .debug_abbrev  0x00001b1a      0x2e6 ./Drivers/STM32F7xx_HAL_Driver/Src/stm32f7xx_hal_uart.o
 .debug_abbrev  0x00001e00       0xee ./common/ThirdParty/FreeRTOS/list.o
 .debug_abbrev  0x00001eee      0x322 ./common/ThirdParty/FreeRTOS/queue.o
 .debug_abbrev  0x00002210      0x3ac ./common/ThirdParty/FreeRTOS/tasks.o
 .debug_abbrev  0x000025bc      0x2fe ./common/ThirdParty/FreeRTOS/timers.o
 .debug_abbrev  0x000028ba      0x26a ./common/ThirdParty/FreeRTOS/portable/GCC/ARM_CM7/r0p1/port.o
 .debug_abbrev  0x00002b24      0x25a ./common/ThirdParty/FreeRTOS/portable/MemMang/heap_4.o

.debug_aranges  0x00000000     0x1278
 .debug_aranges
                0x00000000       0x60 ./Core/Src/main.o
 .debug_aranges
                0x00000060       0x30 ./Core/Src/stm32f7xx_hal_msp.o
 .debug_aranges
                0x00000090       0x30 ./Core/Src/stm32f7xx_hal_timebase_tim.o
 .debug_aranges
                0x000000c0       0x50 ./Core/Src/stm32f7xx_it.o
 .debug_aranges
                0x00000110       0x20 ./Core/Src/sysmem.o
 .debug_aranges
                0x00000130       0x28 ./Core/Src/system_stm32f7xx.o
 .debug_aranges
                0x00000158       0x28 ./Core/Startup/startup_stm32f767zitx.o
 .debug_aranges
                0x00000180      0x110 ./Drivers/STM32F7xx_HAL_Driver/Src/stm32f7xx_hal.o
 .debug_aranges
                0x00000290      0x128 ./Drivers/STM32F7xx_HAL_Driver/Src/stm32f7xx_hal_cortex.o
 .debug_aranges
                0x000003b8       0x58 ./Drivers/STM32F7xx_HAL_Driver/Src/stm32f7xx_hal_gpio.o
 .debug_aranges
                0x00000410       0x88 ./Drivers/STM32F7xx_HAL_Driver/Src/stm32f7xx_hal_rcc.o
 .debug_aranges
                0x00000498       0x50 ./Drivers/STM32F7xx_HAL_Driver/Src/stm32f7xx_hal_rcc_ex.o
 .debug_aranges
                0x000004e8      0x3e0 ./Drivers/STM32F7xx_HAL_Driver/Src/stm32f7xx_hal_tim.o
 .debug_aranges
                0x000008c8      0x180 ./Drivers/STM32F7xx_HAL_Driver/Src/stm32f7xx_hal_tim_ex.o
 .debug_aranges
                0x00000a48      0x230 ./Drivers/STM32F7xx_HAL_Driver/Src/stm32f7xx_hal_uart.o
 .debug_aranges
                0x00000c78       0x40 ./common/ThirdParty/FreeRTOS/list.o
 .debug_aranges
                0x00000cb8      0x170 ./common/ThirdParty/FreeRTOS/queue.o
 .debug_aranges
                0x00000e28      0x260 ./common/ThirdParty/FreeRTOS/tasks.o
 .debug_aranges
                0x00001088      0x108 ./common/ThirdParty/FreeRTOS/timers.o
 .debug_aranges
                0x00001190       0x80 ./common/ThirdParty/FreeRTOS/portable/GCC/ARM_CM7/r0p1/port.o
 .debug_aranges
                0x00001210       0x68 ./common/ThirdParty/FreeRTOS/portable/MemMang/heap_4.o

.debug_rnglists
                0x00000000      0xe75
 .debug_rnglists
                0x00000000       0x46 ./Core/Src/main.o
 .debug_rnglists
                0x00000046       0x20 ./Core/Src/stm32f7xx_hal_msp.o
 .debug_rnglists
                0x00000066       0x20 ./Core/Src/stm32f7xx_hal_timebase_tim.o
 .debug_rnglists
                0x00000086       0x37 ./Core/Src/stm32f7xx_it.o
 .debug_rnglists
                0x000000bd       0x13 ./Core/Src/sysmem.o
 .debug_rnglists
                0x000000d0       0x1a ./Core/Src/system_stm32f7xx.o
 .debug_rnglists
                0x000000ea       0x19 ./Core/Startup/startup_stm32f767zitx.o
 .debug_rnglists
                0x00000103       0xc7 ./Drivers/STM32F7xx_HAL_Driver/Src/stm32f7xx_hal.o
 .debug_rnglists
                0x000001ca       0xda ./Drivers/STM32F7xx_HAL_Driver/Src/stm32f7xx_hal_cortex.o
 .debug_rnglists
                0x000002a4       0x3f ./Drivers/STM32F7xx_HAL_Driver/Src/stm32f7xx_hal_gpio.o
 .debug_rnglists
                0x000002e3       0x67 ./Drivers/STM32F7xx_HAL_Driver/Src/stm32f7xx_hal_rcc.o
 .debug_rnglists
                0x0000034a       0x3c ./Drivers/STM32F7xx_HAL_Driver/Src/stm32f7xx_hal_rcc_ex.o
 .debug_rnglists
                0x00000386      0x328 ./Drivers/STM32F7xx_HAL_Driver/Src/stm32f7xx_hal_tim.o
 .debug_rnglists
                0x000006ae      0x138 ./Drivers/STM32F7xx_HAL_Driver/Src/stm32f7xx_hal_tim_ex.o
 .debug_rnglists
                0x000007e6      0x1e0 ./Drivers/STM32F7xx_HAL_Driver/Src/stm32f7xx_hal_uart.o
 .debug_rnglists
                0x000009c6       0x2b ./common/ThirdParty/FreeRTOS/list.o
 .debug_rnglists
                0x000009f1      0x11d ./common/ThirdParty/FreeRTOS/queue.o
 .debug_rnglists
                0x00000b0e      0x1f6 ./common/ThirdParty/FreeRTOS/tasks.o
 .debug_rnglists
                0x00000d04       0xc6 ./common/ThirdParty/FreeRTOS/timers.o
 .debug_rnglists
                0x00000dca       0x5d ./common/ThirdParty/FreeRTOS/portable/GCC/ARM_CM7/r0p1/port.o
 .debug_rnglists
                0x00000e27       0x4e ./common/ThirdParty/FreeRTOS/portable/MemMang/heap_4.o

.debug_macro    0x00000000    0x2b0a8
 .debug_macro   0x00000000      0x3c7 ./Core/Src/main.o
 .debug_macro   0x000003c7      0xacc ./Core/Src/main.o
 .debug_macro   0x00000e93      0x293 ./Core/Src/main.o
 .debug_macro   0x00001126       0x2e ./Core/Src/main.o
 .debug_macro   0x00001154       0x3b ./Core/Src/main.o
 .debug_macro   0x0000118f       0x22 ./Core/Src/main.o
 .debug_macro   0x000011b1       0x8e ./Core/Src/main.o
 .debug_macro   0x0000123f       0x51 ./Core/Src/main.o
 .debug_macro   0x00001290      0x103 ./Core/Src/main.o
 .debug_macro   0x00001393       0x6a ./Core/Src/main.o
 .debug_macro   0x000013fd      0x1df ./Core/Src/main.o
 .debug_macro   0x000015dc       0x1c ./Core/Src/main.o
 .debug_macro   0x000015f8       0x22 ./Core/Src/main.o
 .debug_macro   0x0000161a       0xd9 ./Core/Src/main.o
 .debug_macro   0x000016f3     0x12cd ./Core/Src/main.o
 .debug_macro   0x000029c0      0x11f ./Core/Src/main.o
 .debug_macro   0x00002adf       0x19 ./Core/Src/main.o
 .debug_macro   0x00002af8    0x1aa23 ./Core/Src/main.o
 .debug_macro   0x0001d51b       0x6d ./Core/Src/main.o
 .debug_macro   0x0001d588     0x3765 ./Core/Src/main.o
 .debug_macro   0x00020ced      0x189 ./Core/Src/main.o
 .debug_macro   0x00020e76       0x63 ./Core/Src/main.o
 .debug_macro   0x00020ed9     0x1add ./Core/Src/main.o
 .debug_macro   0x000229b6      0x6c4 ./Core/Src/main.o
 .debug_macro   0x0002307a      0x18b ./Core/Src/main.o
 .debug_macro   0x00023205      0x115 ./Core/Src/main.o
 .debug_macro   0x0002331a      0x26e ./Core/Src/main.o
 .debug_macro   0x00023588       0xa5 ./Core/Src/main.o
 .debug_macro   0x0002362d      0x24f ./Core/Src/main.o
 .debug_macro   0x0002387c       0x71 ./Core/Src/main.o
 .debug_macro   0x000238ed       0x58 ./Core/Src/main.o
 .debug_macro   0x00023945      0x236 ./Core/Src/main.o
 .debug_macro   0x00023b7b      0x14e ./Core/Src/main.o
 .debug_macro   0x00023cc9      0x3db ./Core/Src/main.o
 .debug_macro   0x000240a4       0x12 ./Core/Src/main.o
 .debug_macro   0x000240b6      0x22c ./Core/Src/main.o
 .debug_macro   0x000242e2       0x61 ./Core/Src/main.o
 .debug_macro   0x00024343       0xa5 ./Core/Src/main.o
 .debug_macro   0x000243e8      0x12e ./Core/Src/main.o
 .debug_macro   0x00024516      0x108 ./Core/Src/main.o
 .debug_macro   0x0002461e       0x35 ./Core/Src/main.o
 .debug_macro   0x00024653      0xa91 ./Core/Src/main.o
 .debug_macro   0x000250e4       0xa9 ./Core/Src/main.o
 .debug_macro   0x0002518d      0x5ba ./Core/Src/main.o
 .debug_macro   0x00025747       0x44 ./Core/Src/main.o
 .debug_macro   0x0002578b      0x15b ./Core/Src/main.o
 .debug_macro   0x000258e6       0x61 ./Core/Src/main.o
 .debug_macro   0x00025947       0x29 ./Core/Src/main.o
 .debug_macro   0x00025970       0x43 ./Core/Src/main.o
 .debug_macro   0x000259b3       0x34 ./Core/Src/main.o
 .debug_macro   0x000259e7       0x16 ./Core/Src/main.o
 .debug_macro   0x000259fd       0x35 ./Core/Src/main.o
 .debug_macro   0x00025a32      0x369 ./Core/Src/main.o
 .debug_macro   0x00025d9b       0x10 ./Core/Src/main.o
 .debug_macro   0x00025dab       0x16 ./Core/Src/main.o
 .debug_macro   0x00025dc1       0x43 ./Core/Src/main.o
 .debug_macro   0x00025e04       0x34 ./Core/Src/main.o
 .debug_macro   0x00025e38       0x10 ./Core/Src/main.o
 .debug_macro   0x00025e48       0x58 ./Core/Src/main.o
 .debug_macro   0x00025ea0       0x8e ./Core/Src/main.o
 .debug_macro   0x00025f2e       0x1c ./Core/Src/main.o
 .debug_macro   0x00025f4a      0x177 ./Core/Src/main.o
 .debug_macro   0x000260c1       0x16 ./Core/Src/main.o
 .debug_macro   0x000260d7       0x16 ./Core/Src/main.o
 .debug_macro   0x000260ed      0x146 ./Core/Src/main.o
 .debug_macro   0x00026233       0x16 ./Core/Src/main.o
 .debug_macro   0x00026249       0x16 ./Core/Src/main.o
 .debug_macro   0x0002625f       0x29 ./Core/Src/main.o
 .debug_macro   0x00026288       0x16 ./Core/Src/main.o
 .debug_macro   0x0002629e       0x20 ./Core/Src/main.o
 .debug_macro   0x000262be       0x16 ./Core/Src/main.o
 .debug_macro   0x000262d4      0x141 ./Core/Src/main.o
 .debug_macro   0x00026415       0x1c ./Core/Src/main.o
 .debug_macro   0x00026431      0x182 ./Core/Src/main.o
 .debug_macro   0x000265b3       0xe7 ./Core/Src/main.o
 .debug_macro   0x0002669a       0x2e ./Core/Src/main.o
 .debug_macro   0x000266c8       0x1f ./Core/Src/main.o
 .debug_macro   0x000266e7       0x12 ./Core/Src/main.o
 .debug_macro   0x000266f9     0x10b7 ./Core/Src/main.o
 .debug_macro   0x000277b0       0xc3 ./Core/Src/main.o
 .debug_macro   0x00027873      0x14f ./Core/Src/main.o
 .debug_macro   0x000279c2       0x80 ./Core/Src/main.o
 .debug_macro   0x00027a42       0x77 ./Core/Src/main.o
 .debug_macro   0x00027ab9      0x13c ./Core/Src/main.o
 .debug_macro   0x00027bf5      0x3c7 ./Core/Src/stm32f7xx_hal_msp.o
 .debug_macro   0x00027fbc      0x1e3 ./Core/Src/stm32f7xx_hal_timebase_tim.o
 .debug_macro   0x0002819f      0x3d1 ./Core/Src/stm32f7xx_it.o
 .debug_macro   0x00028570       0xff ./Core/Src/sysmem.o
 .debug_macro   0x0002866f      0x23c ./Core/Src/sysmem.o
 .debug_macro   0x000288ab      0x1e3 ./Core/Src/system_stm32f7xx.o
 .debug_macro   0x00028a8e      0x207 ./Drivers/STM32F7xx_HAL_Driver/Src/stm32f7xx_hal.o
 .debug_macro   0x00028c95      0x1e3 ./Drivers/STM32F7xx_HAL_Driver/Src/stm32f7xx_hal_cortex.o
 .debug_macro   0x00028e78      0x1e9 ./Drivers/STM32F7xx_HAL_Driver/Src/stm32f7xx_hal_gpio.o
 .debug_macro   0x00029061      0x207 ./Drivers/STM32F7xx_HAL_Driver/Src/stm32f7xx_hal_rcc.o
 .debug_macro   0x00029268      0x1e3 ./Drivers/STM32F7xx_HAL_Driver/Src/stm32f7xx_hal_rcc_ex.o
 .debug_macro   0x0002944b      0x1e4 ./Drivers/STM32F7xx_HAL_Driver/Src/stm32f7xx_hal_tim.o
 .debug_macro   0x0002962f      0x1e3 ./Drivers/STM32F7xx_HAL_Driver/Src/stm32f7xx_hal_tim_ex.o
 .debug_macro   0x00029812      0x200 ./Drivers/STM32F7xx_HAL_Driver/Src/stm32f7xx_hal_uart.o
 .debug_macro   0x00029a12      0x325 ./common/ThirdParty/FreeRTOS/list.o
 .debug_macro   0x00029d37      0x3bc ./common/ThirdParty/FreeRTOS/queue.o
 .debug_macro   0x0002a0f3      0x476 ./common/ThirdParty/FreeRTOS/tasks.o
 .debug_macro   0x0002a569       0x17 ./common/ThirdParty/FreeRTOS/tasks.o
 .debug_macro   0x0002a580       0x1c ./common/ThirdParty/FreeRTOS/tasks.o
 .debug_macro   0x0002a59c      0x374 ./common/ThirdParty/FreeRTOS/timers.o
 .debug_macro   0x0002a910       0x9e ./common/ThirdParty/FreeRTOS/timers.o
 .debug_macro   0x0002a9ae      0x340 ./common/ThirdParty/FreeRTOS/portable/GCC/ARM_CM7/r0p1/port.o
 .debug_macro   0x0002acee      0x3ba ./common/ThirdParty/FreeRTOS/portable/MemMang/heap_4.o

.debug_line     0x00000000    0x1839c
 .debug_line    0x00000000      0xcd2 ./Core/Src/main.o
 .debug_line    0x00000cd2      0xb2f ./Core/Src/stm32f7xx_hal_msp.o
 .debug_line    0x00001801      0x7e1 ./Core/Src/stm32f7xx_hal_timebase_tim.o
 .debug_line    0x00001fe2      0xb6d ./Core/Src/stm32f7xx_it.o
 .debug_line    0x00002b4f      0x56a ./Core/Src/sysmem.o
 .debug_line    0x000030b9      0x7e8 ./Core/Src/system_stm32f7xx.o
 .debug_line    0x000038a1       0x7a ./Core/Startup/startup_stm32f767zitx.o
 .debug_line    0x0000391b      0xab8 ./Drivers/STM32F7xx_HAL_Driver/Src/stm32f7xx_hal.o
 .debug_line    0x000043d3      0xd2a ./Drivers/STM32F7xx_HAL_Driver/Src/stm32f7xx_hal_cortex.o
 .debug_line    0x000050fd      0xc0e ./Drivers/STM32F7xx_HAL_Driver/Src/stm32f7xx_hal_gpio.o
 .debug_line    0x00005d0b      0xee8 ./Drivers/STM32F7xx_HAL_Driver/Src/stm32f7xx_hal_rcc.o
 .debug_line    0x00006bf3      0xebf ./Drivers/STM32F7xx_HAL_Driver/Src/stm32f7xx_hal_rcc_ex.o
 .debug_line    0x00007ab2     0x3d42 ./Drivers/STM32F7xx_HAL_Driver/Src/stm32f7xx_hal_tim.o
 .debug_line    0x0000b7f4     0x1c4d ./Drivers/STM32F7xx_HAL_Driver/Src/stm32f7xx_hal_tim_ex.o
 .debug_line    0x0000d441     0x31f9 ./Drivers/STM32F7xx_HAL_Driver/Src/stm32f7xx_hal_uart.o
 .debug_line    0x0001063a      0xb46 ./common/ThirdParty/FreeRTOS/list.o
 .debug_line    0x00011180     0x1c97 ./common/ThirdParty/FreeRTOS/queue.o
 .debug_line    0x00012e17     0x27d6 ./common/ThirdParty/FreeRTOS/tasks.o
 .debug_line    0x000155ed     0x11f6 ./common/ThirdParty/FreeRTOS/timers.o
 .debug_line    0x000167e3      0xc5c ./common/ThirdParty/FreeRTOS/portable/GCC/ARM_CM7/r0p1/port.o
 .debug_line    0x0001743f      0xf5d ./common/ThirdParty/FreeRTOS/portable/MemMang/heap_4.o

.debug_str      0x00000000   0x10b875
 .debug_str     0x00000000   0x1037c9 ./Core/Src/main.o
                             0x103ff9 (size before relaxing)
 .debug_str     0x001037c9      0x2f4 ./Core/Src/stm32f7xx_hal_msp.o
                             0x103c6f (size before relaxing)
 .debug_str     0x00103abd      0x763 ./Core/Src/stm32f7xx_hal_timebase_tim.o
                              0xf4aed (size before relaxing)
 .debug_str     0x00104220       0xb9 ./Core/Src/stm32f7xx_it.o
                             0x1038de (size before relaxing)
 .debug_str     0x001042d9      0x35c ./Core/Src/sysmem.o
                               0x6135 (size before relaxing)
 .debug_str     0x00104635      0x1a4 ./Core/Src/system_stm32f7xx.o
                              0xf3f2c (size before relaxing)
 .debug_str     0x001047d9       0x44 ./Core/Startup/startup_stm32f767zitx.o
                                 0x9f (size before relaxing)
 .debug_str     0x0010481d      0x40d ./Drivers/STM32F7xx_HAL_Driver/Src/stm32f7xx_hal.o
                              0xf496c (size before relaxing)
 .debug_str     0x00104c2a      0x368 ./Drivers/STM32F7xx_HAL_Driver/Src/stm32f7xx_hal_cortex.o
                              0xf494e (size before relaxing)
 .debug_str     0x00104f92      0x105 ./Drivers/STM32F7xx_HAL_Driver/Src/stm32f7xx_hal_gpio.o
                              0xf3fea (size before relaxing)
 .debug_str     0x00105097      0x21f ./Drivers/STM32F7xx_HAL_Driver/Src/stm32f7xx_hal_rcc.o
                              0xf42a7 (size before relaxing)
 .debug_str     0x001052b6      0x14f ./Drivers/STM32F7xx_HAL_Driver/Src/stm32f7xx_hal_rcc_ex.o
                              0xf420a (size before relaxing)
 .debug_str     0x00105405      0xeb6 ./Drivers/STM32F7xx_HAL_Driver/Src/stm32f7xx_hal_tim.o
                              0xf524f (size before relaxing)
 .debug_str     0x001062bb      0x5ff ./Drivers/STM32F7xx_HAL_Driver/Src/stm32f7xx_hal_tim_ex.o
                              0xf4b55 (size before relaxing)
 .debug_str     0x001068ba      0x870 ./Drivers/STM32F7xx_HAL_Driver/Src/stm32f7xx_hal_uart.o
                              0xf4bf5 (size before relaxing)
 .debug_str     0x0010712a      0x1c1 ./common/ThirdParty/FreeRTOS/list.o
                             0x100698 (size before relaxing)
 .debug_str     0x001072eb      0xde0 ./common/ThirdParty/FreeRTOS/queue.o
                             0x1030dd (size before relaxing)
 .debug_str     0x001080cb     0x21ab ./common/ThirdParty/FreeRTOS/tasks.o
                             0x1046a7 (size before relaxing)
 .debug_str     0x0010a276      0x631 ./common/ThirdParty/FreeRTOS/timers.o
                             0x10334f (size before relaxing)
 .debug_str     0x0010a8a7      0x88d ./common/ThirdParty/FreeRTOS/portable/GCC/ARM_CM7/r0p1/port.o
                              0xff173 (size before relaxing)
 .debug_str     0x0010b134      0x741 ./common/ThirdParty/FreeRTOS/portable/MemMang/heap_4.o
                             0x1021ef (size before relaxing)

.comment        0x00000000       0x43
 .comment       0x00000000       0x43 ./Core/Src/main.o
                                 0x44 (size before relaxing)
 .comment       0x00000043       0x44 ./Core/Src/stm32f7xx_hal_msp.o
 .comment       0x00000043       0x44 ./Core/Src/stm32f7xx_hal_timebase_tim.o
 .comment       0x00000043       0x44 ./Core/Src/stm32f7xx_it.o
 .comment       0x00000043       0x44 ./Core/Src/sysmem.o
 .comment       0x00000043       0x44 ./Core/Src/system_stm32f7xx.o
 .comment       0x00000043       0x44 ./Drivers/STM32F7xx_HAL_Driver/Src/stm32f7xx_hal.o
 .comment       0x00000043       0x44 ./Drivers/STM32F7xx_HAL_Driver/Src/stm32f7xx_hal_cortex.o
 .comment       0x00000043       0x44 ./Drivers/STM32F7xx_HAL_Driver/Src/stm32f7xx_hal_gpio.o
 .comment       0x00000043       0x44 ./Drivers/STM32F7xx_HAL_Driver/Src/stm32f7xx_hal_rcc.o
 .comment       0x00000043       0x44 ./Drivers/STM32F7xx_HAL_Driver/Src/stm32f7xx_hal_rcc_ex.o
 .comment       0x00000043       0x44 ./Drivers/STM32F7xx_HAL_Driver/Src/stm32f7xx_hal_tim.o
 .comment       0x00000043       0x44 ./Drivers/STM32F7xx_HAL_Driver/Src/stm32f7xx_hal_tim_ex.o
 .comment       0x00000043       0x44 ./Drivers/STM32F7xx_HAL_Driver/Src/stm32f7xx_hal_uart.o
 .comment       0x00000043       0x44 ./common/ThirdParty/FreeRTOS/list.o
 .comment       0x00000043       0x44 ./common/ThirdParty/FreeRTOS/queue.o
 .comment       0x00000043       0x44 ./common/ThirdParty/FreeRTOS/tasks.o
 .comment       0x00000043       0x44 ./common/ThirdParty/FreeRTOS/timers.o
 .comment       0x00000043       0x44 ./common/ThirdParty/FreeRTOS/portable/GCC/ARM_CM7/r0p1/port.o
 .comment       0x00000043       0x44 ./common/ThirdParty/FreeRTOS/portable/MemMang/heap_4.o

.debug_frame    0x00000000     0x52c0
 .debug_frame   0x00000000      0x134 ./Core/Src/main.o
 .debug_frame   0x00000134       0x84 ./Core/Src/stm32f7xx_hal_msp.o
 .debug_frame   0x000001b8       0x74 ./Core/Src/stm32f7xx_hal_timebase_tim.o
 .debug_frame   0x0000022c       0xc4 ./Core/Src/stm32f7xx_it.o
 .debug_frame   0x000002f0       0x34 ./Core/Src/sysmem.o
 .debug_frame   0x00000324       0x58 ./Core/Src/system_stm32f7xx.o
 .debug_frame   0x0000037c      0x3f4 ./Drivers/STM32F7xx_HAL_Driver/Src/stm32f7xx_hal.o
 .debug_frame   0x00000770      0x4e8 ./Drivers/STM32F7xx_HAL_Driver/Src/stm32f7xx_hal_cortex.o
 .debug_frame   0x00000c58      0x14c ./Drivers/STM32F7xx_HAL_Driver/Src/stm32f7xx_hal_gpio.o
 .debug_frame   0x00000da4      0x1f8 ./Drivers/STM32F7xx_HAL_Driver/Src/stm32f7xx_hal_rcc.o
 .debug_frame   0x00000f9c      0x118 ./Drivers/STM32F7xx_HAL_Driver/Src/stm32f7xx_hal_rcc_ex.o
 .debug_frame   0x000010b4     0x121c ./Drivers/STM32F7xx_HAL_Driver/Src/stm32f7xx_hal_tim.o
 .debug_frame   0x000022d0      0x6b0 ./Drivers/STM32F7xx_HAL_Driver/Src/stm32f7xx_hal_tim_ex.o
 .debug_frame   0x00002980      0xa10 ./Drivers/STM32F7xx_HAL_Driver/Src/stm32f7xx_hal_uart.o
 .debug_frame   0x00003390       0xd8 ./common/ThirdParty/FreeRTOS/list.o
 .debug_frame   0x00003468      0x65c ./common/ThirdParty/FreeRTOS/queue.o
 .debug_frame   0x00003ac4      0xaa8 ./common/ThirdParty/FreeRTOS/tasks.o
 .debug_frame   0x0000456c      0x454 ./common/ThirdParty/FreeRTOS/timers.o
 .debug_frame   0x000049c0      0x1a8 ./common/ThirdParty/FreeRTOS/portable/GCC/ARM_CM7/r0p1/port.o
 .debug_frame   0x00004b68      0x174 ./common/ThirdParty/FreeRTOS/portable/MemMang/heap_4.o
 .debug_frame   0x00004cdc      0x144 D:/STM32CubeIDE_1.16.1/STM32CubeIDE/plugins/com.st.stm32cube.ide.mcu.externaltools.gnu-tools-for-stm32.12.3.rel1.win32_1.1.0.202410251130/tools/bin/../lib/gcc/arm-none-eabi/12.3.1/../../../../arm-none-eabi/lib/thumb/v7e-m+dp/hard\libc_nano.a(libc_a-findfp.o)
 .debug_frame   0x00004e20       0x6c D:/STM32CubeIDE_1.16.1/STM32CubeIDE/plugins/com.st.stm32cube.ide.mcu.externaltools.gnu-tools-for-stm32.12.3.rel1.win32_1.1.0.202410251130/tools/bin/../lib/gcc/arm-none-eabi/12.3.1/../../../../arm-none-eabi/lib/thumb/v7e-m+dp/hard\libc_nano.a(libc_a-sprintf.o)
 .debug_frame   0x00004e8c       0x20 D:/STM32CubeIDE_1.16.1/STM32CubeIDE/plugins/com.st.stm32cube.ide.mcu.externaltools.gnu-tools-for-stm32.12.3.rel1.win32_1.1.0.202410251130/tools/bin/../lib/gcc/arm-none-eabi/12.3.1/../../../../arm-none-eabi/lib/thumb/v7e-m+dp/hard\libc_nano.a(libc_a-memset.o)
 .debug_frame   0x00004eac       0x38 D:/STM32CubeIDE_1.16.1/STM32CubeIDE/plugins/com.st.stm32cube.ide.mcu.externaltools.gnu-tools-for-stm32.12.3.rel1.win32_1.1.0.202410251130/tools/bin/../lib/gcc/arm-none-eabi/12.3.1/../../../../arm-none-eabi/lib/thumb/v7e-m+dp/hard\libc_nano.a(libc_a-reent.o)
 .debug_frame   0x00004ee4       0x20 D:/STM32CubeIDE_1.16.1/STM32CubeIDE/plugins/com.st.stm32cube.ide.mcu.externaltools.gnu-tools-for-stm32.12.3.rel1.win32_1.1.0.202410251130/tools/bin/../lib/gcc/arm-none-eabi/12.3.1/../../../../arm-none-eabi/lib/thumb/v7e-m+dp/hard\libc_nano.a(libc_a-errno.o)