../Drivers/CMSIS/Include/core_cm7.h:1970:22:__NVIC_SetPendingIRQ	16	static
../Core/Src/main.c:81:5:main	16	static
../Core/Src/main.c:153:6:SystemClock_Config	88	static
../Core/Src/main.c:195:13:MX_USART3_UART_Init	8	static
../Core/Src/main.c:230:13:MX_GPIO_Init	56	static
../Core/Src/main.c:331:13:vHandlerTask	16	static
../Core/Src/main.c:350:13:vPeriodicTask	16	static
../Core/Src/main.c:374:6:printmsg	16	static
../Core/Src/main.c:379:6:EXTI15_10_IRQHandler	16	static,ignoring_inline_asm
../Core/Src/main.c:424:6:HAL_TIM_PeriodElapsedCallback	16	static
../Core/Src/main.c:441:6:Error_Handler	4	static,ignoring_inline_asm
