07:47:29 **** Incremental Build of configuration Debug for project 003_LED_Block_Tasks ****
make -j8 all 
arm-none-eabi-gcc "../Core/Src/main.c" -mcpu=cortex-m7 -std=gnu11 -g3 -DDEBUG -DUSE_HAL_DRIVER -DSTM32F767xx -c -I../Core/Inc -I../Drivers/STM32F7xx_HAL_Driver/Inc -I../Drivers/STM32F7xx_HAL_Driver/Inc/Legacy -I../Drivers/CMSIS/Device/ST/STM32F7xx/Include -I../Drivers/CMSIS/Include -I"D:/Solomon/SelfLearning/Udemy/EmbeddedRTOS/RTOS_Workspace/common/ThirdParty/FreeRTOS/include" -I"D:/Solomon/SelfLearning/Udemy/EmbeddedRTOS/RTOS_Workspace/common/ThirdParty/Segger/Config" -I"D:/Solomon/SelfLearning/Udemy/EmbeddedRTOS/RTOS_Workspace/common/ThirdParty/Segger/OS" -I"D:/Solomon/SelfLearning/Udemy/EmbeddedRTOS/RTOS_Workspace/common/ThirdParty/Segger/Segger" -I"D:/Solomon/SelfLearning/Udemy/EmbeddedRTOS/RTOS_Workspace/common/ThirdParty/FreeRTOS" -I"D:/Solomon/SelfLearning/Udemy/EmbeddedRTOS/RTOS_Workspace/common/ThirdParty/FreeRTOS/portable/GCC/ARM_CM7/r0p1" -O0 -ffunction-sections -fdata-sections -Wall -fstack-usage -fcyclomatic-complexity -MMD -MP -MF"Core/Src/main.d" -MT"Core/Src/main.o" --specs=nano.specs -mfpu=fpv5-d16 -mfloat-abi=hard -mthumb -o "Core/Src/main.o"
arm-none-eabi-gcc -o "003_LED_Block_Tasks.elf" @"objects.list"   -mcpu=cortex-m7 -T"D:\Solomon\SelfLearning\Udemy\EmbeddedRTOS\RTOS_Workspace\003_LED_Block_Tasks\STM32F767ZITX_FLASH.ld" --specs=nosys.specs -Wl,-Map="003_LED_Block_Tasks.map" -Wl,--gc-sections -static --specs=nano.specs -mfpu=fpv5-d16 -mfloat-abi=hard -mthumb -Wl,--start-group -lc -lm -Wl,--end-group
Finished building target: 003_LED_Block_Tasks.elf
 
arm-none-eabi-size  003_LED_Block_Tasks.elf 
arm-none-eabi-objdump -h -S 003_LED_Block_Tasks.elf  > "003_LED_Block_Tasks.list"
   text	   data	    bss	    dec	    hex	filename
  30824	     28	  51860	  82712	  14318	003_LED_Block_Tasks.elf
Finished building: default.size.stdout
 
Finished building: 003_LED_Block_Tasks.list
 

07:47:31 Build Finished. 0 errors, 0 warnings. (took 1s.967ms)

