10:12:13 **** Incremental Build of configuration Debug for project 007_LED_Btn_ISR ****
make -j8 all 
arm-none-eabi-gcc "D:/Solomon/SelfLearning/Udemy/EmbeddedRTOS/RTOS_Workspace/common/ThirdParty/Segger/OS/SEGGER_SYSVIEW_FreeRTOS.c" -mcpu=cortex-m7 -std=gnu11 -g3 -DDEBUG -DUSE_HAL_DRIVER -DSTM32F767xx -c -I../Core/Inc -I../Drivers/STM32F7xx_HAL_Driver/Inc -I../Drivers/STM32F7xx_HAL_Driver/Inc/Legacy -I../Drivers/CMSIS/Device/ST/STM32F7xx/Include -I../Drivers/CMSIS/Include -I"D:/Solomon/SelfLearning/Udemy/EmbeddedRTOS/RTOS_Workspace/common/ThirdParty/FreeRTOS/include" -I"D:/Solomon/SelfLearning/Udemy/EmbeddedRTOS/RTOS_Workspace/common/ThirdParty/Segger/Config" -I"D:/Solomon/SelfLearning/Udemy/EmbeddedRTOS/RTOS_Workspace/common/ThirdParty/Segger/OS" -I"D:/Solomon/SelfLearning/Udemy/EmbeddedRTOS/RTOS_Workspace/common/ThirdParty/Segger/Segger" -I"D:/Solomon/SelfLearning/Udemy/EmbeddedRTOS/RTOS_Workspace/common/ThirdParty/FreeRTOS" -I"D:/Solomon/SelfLearning/Udemy/EmbeddedRTOS/RTOS_Workspace/common/ThirdParty/FreeRTOS/portable/GCC/ARM_CM7/r0p1" -O0 -ffunction-sections -fdata-sections -Wall -fstack-usage -fcyclomatic-complexity -MMD -MP -MF"common/ThirdParty/Segger/OS/SEGGER_SYSVIEW_FreeRTOS.d" -MT"common/ThirdParty/Segger/OS/SEGGER_SYSVIEW_FreeRTOS.o" --specs=nano.specs -mfpu=fpv5-d16 -mfloat-abi=hard -mthumb -o "common/ThirdParty/Segger/OS/SEGGER_SYSVIEW_FreeRTOS.o"
arm-none-eabi-gcc "D:/Solomon/SelfLearning/Udemy/EmbeddedRTOS/RTOS_Workspace/common/ThirdParty/Segger/Config/SEGGER_SYSVIEW_Config_FreeRTOS.c" -mcpu=cortex-m7 -std=gnu11 -g3 -DDEBUG -DUSE_HAL_DRIVER -DSTM32F767xx -c -I../Core/Inc -I../Drivers/STM32F7xx_HAL_Driver/Inc -I../Drivers/STM32F7xx_HAL_Driver/Inc/Legacy -I../Drivers/CMSIS/Device/ST/STM32F7xx/Include -I../Drivers/CMSIS/Include -I"D:/Solomon/SelfLearning/Udemy/EmbeddedRTOS/RTOS_Workspace/common/ThirdParty/FreeRTOS/include" -I"D:/Solomon/SelfLearning/Udemy/EmbeddedRTOS/RTOS_Workspace/common/ThirdParty/Segger/Config" -I"D:/Solomon/SelfLearning/Udemy/EmbeddedRTOS/RTOS_Workspace/common/ThirdParty/Segger/OS" -I"D:/Solomon/SelfLearning/Udemy/EmbeddedRTOS/RTOS_Workspace/common/ThirdParty/Segger/Segger" -I"D:/Solomon/SelfLearning/Udemy/EmbeddedRTOS/RTOS_Workspace/common/ThirdParty/FreeRTOS" -I"D:/Solomon/SelfLearning/Udemy/EmbeddedRTOS/RTOS_Workspace/common/ThirdParty/FreeRTOS/portable/GCC/ARM_CM7/r0p1" -O0 -ffunction-sections -fdata-sections -Wall -fstack-usage -fcyclomatic-complexity -MMD -MP -MF"common/ThirdParty/Segger/Config/SEGGER_SYSVIEW_Config_FreeRTOS.d" -MT"common/ThirdParty/Segger/Config/SEGGER_SYSVIEW_Config_FreeRTOS.o" --specs=nano.specs -mfpu=fpv5-d16 -mfloat-abi=hard -mthumb -o "common/ThirdParty/Segger/Config/SEGGER_SYSVIEW_Config_FreeRTOS.o"
arm-none-eabi-gcc "D:/Solomon/SelfLearning/Udemy/EmbeddedRTOS/RTOS_Workspace/common/ThirdParty/FreeRTOS/portable/MemMang/heap_4.c" -mcpu=cortex-m7 -std=gnu11 -g3 -DDEBUG -DUSE_HAL_DRIVER -DSTM32F767xx -c -I../Core/Inc -I../Drivers/STM32F7xx_HAL_Driver/Inc -I../Drivers/STM32F7xx_HAL_Driver/Inc/Legacy -I../Drivers/CMSIS/Device/ST/STM32F7xx/Include -I../Drivers/CMSIS/Include -I"D:/Solomon/SelfLearning/Udemy/EmbeddedRTOS/RTOS_Workspace/common/ThirdParty/FreeRTOS/include" -I"D:/Solomon/SelfLearning/Udemy/EmbeddedRTOS/RTOS_Workspace/common/ThirdParty/Segger/Config" -I"D:/Solomon/SelfLearning/Udemy/EmbeddedRTOS/RTOS_Workspace/common/ThirdParty/Segger/OS" -I"D:/Solomon/SelfLearning/Udemy/EmbeddedRTOS/RTOS_Workspace/common/ThirdParty/Segger/Segger" -I"D:/Solomon/SelfLearning/Udemy/EmbeddedRTOS/RTOS_Workspace/common/ThirdParty/FreeRTOS" -I"D:/Solomon/SelfLearning/Udemy/EmbeddedRTOS/RTOS_Workspace/common/ThirdParty/FreeRTOS/portable/GCC/ARM_CM7/r0p1" -O0 -ffunction-sections -fdata-sections -Wall -fstack-usage -fcyclomatic-complexity -MMD -MP -MF"common/ThirdParty/FreeRTOS/portable/MemMang/heap_4.d" -MT"common/ThirdParty/FreeRTOS/portable/MemMang/heap_4.o" --specs=nano.specs -mfpu=fpv5-d16 -mfloat-abi=hard -mthumb -o "common/ThirdParty/FreeRTOS/portable/MemMang/heap_4.o"
arm-none-eabi-gcc "D:/Solomon/SelfLearning/Udemy/EmbeddedRTOS/RTOS_Workspace/common/ThirdParty/FreeRTOS/portable/GCC/ARM_CM7/r0p1/port.c" -mcpu=cortex-m7 -std=gnu11 -g3 -DDEBUG -DUSE_HAL_DRIVER -DSTM32F767xx -c -I../Core/Inc -I../Drivers/STM32F7xx_HAL_Driver/Inc -I../Drivers/STM32F7xx_HAL_Driver/Inc/Legacy -I../Drivers/CMSIS/Device/ST/STM32F7xx/Include -I../Drivers/CMSIS/Include -I"D:/Solomon/SelfLearning/Udemy/EmbeddedRTOS/RTOS_Workspace/common/ThirdParty/FreeRTOS/include" -I"D:/Solomon/SelfLearning/Udemy/EmbeddedRTOS/RTOS_Workspace/common/ThirdParty/Segger/Config" -I"D:/Solomon/SelfLearning/Udemy/EmbeddedRTOS/RTOS_Workspace/common/ThirdParty/Segger/OS" -I"D:/Solomon/SelfLearning/Udemy/EmbeddedRTOS/RTOS_Workspace/common/ThirdParty/Segger/Segger" -I"D:/Solomon/SelfLearning/Udemy/EmbeddedRTOS/RTOS_Workspace/common/ThirdParty/FreeRTOS" -I"D:/Solomon/SelfLearning/Udemy/EmbeddedRTOS/RTOS_Workspace/common/ThirdParty/FreeRTOS/portable/GCC/ARM_CM7/r0p1" -O0 -ffunction-sections -fdata-sections -Wall -fstack-usage -fcyclomatic-complexity -MMD -MP -MF"common/ThirdParty/FreeRTOS/portable/GCC/ARM_CM7/r0p1/port.d" -MT"common/ThirdParty/FreeRTOS/portable/GCC/ARM_CM7/r0p1/port.o" --specs=nano.specs -mfpu=fpv5-d16 -mfloat-abi=hard -mthumb -o "common/ThirdParty/FreeRTOS/portable/GCC/ARM_CM7/r0p1/port.o"
arm-none-eabi-gcc "D:/Solomon/SelfLearning/Udemy/EmbeddedRTOS/RTOS_Workspace/common/ThirdParty/FreeRTOS/croutine.c" -mcpu=cortex-m7 -std=gnu11 -g3 -DDEBUG -DUSE_HAL_DRIVER -DSTM32F767xx -c -I../Core/Inc -I../Drivers/STM32F7xx_HAL_Driver/Inc -I../Drivers/STM32F7xx_HAL_Driver/Inc/Legacy -I../Drivers/CMSIS/Device/ST/STM32F7xx/Include -I../Drivers/CMSIS/Include -I"D:/Solomon/SelfLearning/Udemy/EmbeddedRTOS/RTOS_Workspace/common/ThirdParty/FreeRTOS/include" -I"D:/Solomon/SelfLearning/Udemy/EmbeddedRTOS/RTOS_Workspace/common/ThirdParty/Segger/Config" -I"D:/Solomon/SelfLearning/Udemy/EmbeddedRTOS/RTOS_Workspace/common/ThirdParty/Segger/OS" -I"D:/Solomon/SelfLearning/Udemy/EmbeddedRTOS/RTOS_Workspace/common/ThirdParty/Segger/Segger" -I"D:/Solomon/SelfLearning/Udemy/EmbeddedRTOS/RTOS_Workspace/common/ThirdParty/FreeRTOS" -I"D:/Solomon/SelfLearning/Udemy/EmbeddedRTOS/RTOS_Workspace/common/ThirdParty/FreeRTOS/portable/GCC/ARM_CM7/r0p1" -O0 -ffunction-sections -fdata-sections -Wall -fstack-usage -fcyclomatic-complexity -MMD -MP -MF"common/ThirdParty/FreeRTOS/croutine.d" -MT"common/ThirdParty/FreeRTOS/croutine.o" --specs=nano.specs -mfpu=fpv5-d16 -mfloat-abi=hard -mthumb -o "common/ThirdParty/FreeRTOS/croutine.o"
arm-none-eabi-gcc "D:/Solomon/SelfLearning/Udemy/EmbeddedRTOS/RTOS_Workspace/common/ThirdParty/FreeRTOS/event_groups.c" -mcpu=cortex-m7 -std=gnu11 -g3 -DDEBUG -DUSE_HAL_DRIVER -DSTM32F767xx -c -I../Core/Inc -I../Drivers/STM32F7xx_HAL_Driver/Inc -I../Drivers/STM32F7xx_HAL_Driver/Inc/Legacy -I../Drivers/CMSIS/Device/ST/STM32F7xx/Include -I../Drivers/CMSIS/Include -I"D:/Solomon/SelfLearning/Udemy/EmbeddedRTOS/RTOS_Workspace/common/ThirdParty/FreeRTOS/include" -I"D:/Solomon/SelfLearning/Udemy/EmbeddedRTOS/RTOS_Workspace/common/ThirdParty/Segger/Config" -I"D:/Solomon/SelfLearning/Udemy/EmbeddedRTOS/RTOS_Workspace/common/ThirdParty/Segger/OS" -I"D:/Solomon/SelfLearning/Udemy/EmbeddedRTOS/RTOS_Workspace/common/ThirdParty/Segger/Segger" -I"D:/Solomon/SelfLearning/Udemy/EmbeddedRTOS/RTOS_Workspace/common/ThirdParty/FreeRTOS" -I"D:/Solomon/SelfLearning/Udemy/EmbeddedRTOS/RTOS_Workspace/common/ThirdParty/FreeRTOS/portable/GCC/ARM_CM7/r0p1" -O0 -ffunction-sections -fdata-sections -Wall -fstack-usage -fcyclomatic-complexity -MMD -MP -MF"common/ThirdParty/FreeRTOS/event_groups.d" -MT"common/ThirdParty/FreeRTOS/event_groups.o" --specs=nano.specs -mfpu=fpv5-d16 -mfloat-abi=hard -mthumb -o "common/ThirdParty/FreeRTOS/event_groups.o"
arm-none-eabi-gcc "D:/Solomon/SelfLearning/Udemy/EmbeddedRTOS/RTOS_Workspace/common/ThirdParty/FreeRTOS/list.c" -mcpu=cortex-m7 -std=gnu11 -g3 -DDEBUG -DUSE_HAL_DRIVER -DSTM32F767xx -c -I../Core/Inc -I../Drivers/STM32F7xx_HAL_Driver/Inc -I../Drivers/STM32F7xx_HAL_Driver/Inc/Legacy -I../Drivers/CMSIS/Device/ST/STM32F7xx/Include -I../Drivers/CMSIS/Include -I"D:/Solomon/SelfLearning/Udemy/EmbeddedRTOS/RTOS_Workspace/common/ThirdParty/FreeRTOS/include" -I"D:/Solomon/SelfLearning/Udemy/EmbeddedRTOS/RTOS_Workspace/common/ThirdParty/Segger/Config" -I"D:/Solomon/SelfLearning/Udemy/EmbeddedRTOS/RTOS_Workspace/common/ThirdParty/Segger/OS" -I"D:/Solomon/SelfLearning/Udemy/EmbeddedRTOS/RTOS_Workspace/common/ThirdParty/Segger/Segger" -I"D:/Solomon/SelfLearning/Udemy/EmbeddedRTOS/RTOS_Workspace/common/ThirdParty/FreeRTOS" -I"D:/Solomon/SelfLearning/Udemy/EmbeddedRTOS/RTOS_Workspace/common/ThirdParty/FreeRTOS/portable/GCC/ARM_CM7/r0p1" -O0 -ffunction-sections -fdata-sections -Wall -fstack-usage -fcyclomatic-complexity -MMD -MP -MF"common/ThirdParty/FreeRTOS/list.d" -MT"common/ThirdParty/FreeRTOS/list.o" --specs=nano.specs -mfpu=fpv5-d16 -mfloat-abi=hard -mthumb -o "common/ThirdParty/FreeRTOS/list.o"
arm-none-eabi-gcc "D:/Solomon/SelfLearning/Udemy/EmbeddedRTOS/RTOS_Workspace/common/ThirdParty/FreeRTOS/queue.c" -mcpu=cortex-m7 -std=gnu11 -g3 -DDEBUG -DUSE_HAL_DRIVER -DSTM32F767xx -c -I../Core/Inc -I../Drivers/STM32F7xx_HAL_Driver/Inc -I../Drivers/STM32F7xx_HAL_Driver/Inc/Legacy -I../Drivers/CMSIS/Device/ST/STM32F7xx/Include -I../Drivers/CMSIS/Include -I"D:/Solomon/SelfLearning/Udemy/EmbeddedRTOS/RTOS_Workspace/common/ThirdParty/FreeRTOS/include" -I"D:/Solomon/SelfLearning/Udemy/EmbeddedRTOS/RTOS_Workspace/common/ThirdParty/Segger/Config" -I"D:/Solomon/SelfLearning/Udemy/EmbeddedRTOS/RTOS_Workspace/common/ThirdParty/Segger/OS" -I"D:/Solomon/SelfLearning/Udemy/EmbeddedRTOS/RTOS_Workspace/common/ThirdParty/Segger/Segger" -I"D:/Solomon/SelfLearning/Udemy/EmbeddedRTOS/RTOS_Workspace/common/ThirdParty/FreeRTOS" -I"D:/Solomon/SelfLearning/Udemy/EmbeddedRTOS/RTOS_Workspace/common/ThirdParty/FreeRTOS/portable/GCC/ARM_CM7/r0p1" -O0 -ffunction-sections -fdata-sections -Wall -fstack-usage -fcyclomatic-complexity -MMD -MP -MF"common/ThirdParty/FreeRTOS/queue.d" -MT"common/ThirdParty/FreeRTOS/queue.o" --specs=nano.specs -mfpu=fpv5-d16 -mfloat-abi=hard -mthumb -o "common/ThirdParty/FreeRTOS/queue.o"
arm-none-eabi-gcc "D:/Solomon/SelfLearning/Udemy/EmbeddedRTOS/RTOS_Workspace/common/ThirdParty/FreeRTOS/stream_buffer.c" -mcpu=cortex-m7 -std=gnu11 -g3 -DDEBUG -DUSE_HAL_DRIVER -DSTM32F767xx -c -I../Core/Inc -I../Drivers/STM32F7xx_HAL_Driver/Inc -I../Drivers/STM32F7xx_HAL_Driver/Inc/Legacy -I../Drivers/CMSIS/Device/ST/STM32F7xx/Include -I../Drivers/CMSIS/Include -I"D:/Solomon/SelfLearning/Udemy/EmbeddedRTOS/RTOS_Workspace/common/ThirdParty/FreeRTOS/include" -I"D:/Solomon/SelfLearning/Udemy/EmbeddedRTOS/RTOS_Workspace/common/ThirdParty/Segger/Config" -I"D:/Solomon/SelfLearning/Udemy/EmbeddedRTOS/RTOS_Workspace/common/ThirdParty/Segger/OS" -I"D:/Solomon/SelfLearning/Udemy/EmbeddedRTOS/RTOS_Workspace/common/ThirdParty/Segger/Segger" -I"D:/Solomon/SelfLearning/Udemy/EmbeddedRTOS/RTOS_Workspace/common/ThirdParty/FreeRTOS" -I"D:/Solomon/SelfLearning/Udemy/EmbeddedRTOS/RTOS_Workspace/common/ThirdParty/FreeRTOS/portable/GCC/ARM_CM7/r0p1" -O0 -ffunction-sections -fdata-sections -Wall -fstack-usage -fcyclomatic-complexity -MMD -MP -MF"common/ThirdParty/FreeRTOS/stream_buffer.d" -MT"common/ThirdParty/FreeRTOS/stream_buffer.o" --specs=nano.specs -mfpu=fpv5-d16 -mfloat-abi=hard -mthumb -o "common/ThirdParty/FreeRTOS/stream_buffer.o"
arm-none-eabi-gcc "D:/Solomon/SelfLearning/Udemy/EmbeddedRTOS/RTOS_Workspace/common/ThirdParty/FreeRTOS/tasks.c" -mcpu=cortex-m7 -std=gnu11 -g3 -DDEBUG -DUSE_HAL_DRIVER -DSTM32F767xx -c -I../Core/Inc -I../Drivers/STM32F7xx_HAL_Driver/Inc -I../Drivers/STM32F7xx_HAL_Driver/Inc/Legacy -I../Drivers/CMSIS/Device/ST/STM32F7xx/Include -I../Drivers/CMSIS/Include -I"D:/Solomon/SelfLearning/Udemy/EmbeddedRTOS/RTOS_Workspace/common/ThirdParty/FreeRTOS/include" -I"D:/Solomon/SelfLearning/Udemy/EmbeddedRTOS/RTOS_Workspace/common/ThirdParty/Segger/Config" -I"D:/Solomon/SelfLearning/Udemy/EmbeddedRTOS/RTOS_Workspace/common/ThirdParty/Segger/OS" -I"D:/Solomon/SelfLearning/Udemy/EmbeddedRTOS/RTOS_Workspace/common/ThirdParty/Segger/Segger" -I"D:/Solomon/SelfLearning/Udemy/EmbeddedRTOS/RTOS_Workspace/common/ThirdParty/FreeRTOS" -I"D:/Solomon/SelfLearning/Udemy/EmbeddedRTOS/RTOS_Workspace/common/ThirdParty/FreeRTOS/portable/GCC/ARM_CM7/r0p1" -O0 -ffunction-sections -fdata-sections -Wall -fstack-usage -fcyclomatic-complexity -MMD -MP -MF"common/ThirdParty/FreeRTOS/tasks.d" -MT"common/ThirdParty/FreeRTOS/tasks.o" --specs=nano.specs -mfpu=fpv5-d16 -mfloat-abi=hard -mthumb -o "common/ThirdParty/FreeRTOS/tasks.o"
arm-none-eabi-gcc "D:/Solomon/SelfLearning/Udemy/EmbeddedRTOS/RTOS_Workspace/common/ThirdParty/FreeRTOS/timers.c" -mcpu=cortex-m7 -std=gnu11 -g3 -DDEBUG -DUSE_HAL_DRIVER -DSTM32F767xx -c -I../Core/Inc -I../Drivers/STM32F7xx_HAL_Driver/Inc -I../Drivers/STM32F7xx_HAL_Driver/Inc/Legacy -I../Drivers/CMSIS/Device/ST/STM32F7xx/Include -I../Drivers/CMSIS/Include -I"D:/Solomon/SelfLearning/Udemy/EmbeddedRTOS/RTOS_Workspace/common/ThirdParty/FreeRTOS/include" -I"D:/Solomon/SelfLearning/Udemy/EmbeddedRTOS/RTOS_Workspace/common/ThirdParty/Segger/Config" -I"D:/Solomon/SelfLearning/Udemy/EmbeddedRTOS/RTOS_Workspace/common/ThirdParty/Segger/OS" -I"D:/Solomon/SelfLearning/Udemy/EmbeddedRTOS/RTOS_Workspace/common/ThirdParty/Segger/Segger" -I"D:/Solomon/SelfLearning/Udemy/EmbeddedRTOS/RTOS_Workspace/common/ThirdParty/FreeRTOS" -I"D:/Solomon/SelfLearning/Udemy/EmbeddedRTOS/RTOS_Workspace/common/ThirdParty/FreeRTOS/portable/GCC/ARM_CM7/r0p1" -O0 -ffunction-sections -fdata-sections -Wall -fstack-usage -fcyclomatic-complexity -MMD -MP -MF"common/ThirdParty/FreeRTOS/timers.d" -MT"common/ThirdParty/FreeRTOS/timers.o" --specs=nano.specs -mfpu=fpv5-d16 -mfloat-abi=hard -mthumb -o "common/ThirdParty/FreeRTOS/timers.o"
arm-none-eabi-gcc "../Core/Src/main.c" -mcpu=cortex-m7 -std=gnu11 -g3 -DDEBUG -DUSE_HAL_DRIVER -DSTM32F767xx -c -I../Core/Inc -I../Drivers/STM32F7xx_HAL_Driver/Inc -I../Drivers/STM32F7xx_HAL_Driver/Inc/Legacy -I../Drivers/CMSIS/Device/ST/STM32F7xx/Include -I../Drivers/CMSIS/Include -I"D:/Solomon/SelfLearning/Udemy/EmbeddedRTOS/RTOS_Workspace/common/ThirdParty/FreeRTOS/include" -I"D:/Solomon/SelfLearning/Udemy/EmbeddedRTOS/RTOS_Workspace/common/ThirdParty/Segger/Config" -I"D:/Solomon/SelfLearning/Udemy/EmbeddedRTOS/RTOS_Workspace/common/ThirdParty/Segger/OS" -I"D:/Solomon/SelfLearning/Udemy/EmbeddedRTOS/RTOS_Workspace/common/ThirdParty/Segger/Segger" -I"D:/Solomon/SelfLearning/Udemy/EmbeddedRTOS/RTOS_Workspace/common/ThirdParty/FreeRTOS" -I"D:/Solomon/SelfLearning/Udemy/EmbeddedRTOS/RTOS_Workspace/common/ThirdParty/FreeRTOS/portable/GCC/ARM_CM7/r0p1" -O0 -ffunction-sections -fdata-sections -Wall -fstack-usage -fcyclomatic-complexity -MMD -MP -MF"Core/Src/main.d" -MT"Core/Src/main.o" --specs=nano.specs -mfpu=fpv5-d16 -mfloat-abi=hard -mthumb -o "Core/Src/main.o"
arm-none-eabi-gcc -o "007_LED_Btn_ISR.elf" @"objects.list"   -mcpu=cortex-m7 -T"D:\Solomon\SelfLearning\Udemy\EmbeddedRTOS\RTOS_Workspace\007_LED_Btn_ISR\STM32F767ZITX_FLASH.ld" --specs=nosys.specs -Wl,-Map="007_LED_Btn_ISR.map" -Wl,--gc-sections -static --specs=nano.specs -mfpu=fpv5-d16 -mfloat-abi=hard -mthumb -Wl,--start-group -lc -lm -Wl,--end-group
Finished building target: 007_LED_Btn_ISR.elf
 
arm-none-eabi-size  007_LED_Btn_ISR.elf 
arm-none-eabi-objdump -h -S 007_LED_Btn_ISR.elf  > "007_LED_Btn_ISR.list"
   text	   data	    bss	    dec	    hex	filename
  32948	     28	  51876	  84852	  14b74	007_LED_Btn_ISR.elf
Finished building: default.size.stdout
 
Finished building: 007_LED_Btn_ISR.list
 

10:12:16 Build Finished. 0 errors, 0 warnings. (took 3s.697ms)

