10:26:40 **** Incremental Build of configuration Debug for project 013_Mutex_using_BinarySema ****
make -j8 all 
arm-none-eabi-gcc "../Core/Src/main.c" -mcpu=cortex-m7 -std=gnu11 -g3 -DDEBUG -DUSE_HAL_DRIVER -DSTM32F767xx -c -I../Core/Inc -I../Drivers/STM32F7xx_HAL_Driver/Inc -I../Drivers/STM32F7xx_HAL_Driver/Inc/Legacy -I../Drivers/CMSIS/Device/ST/STM32F7xx/Include -I../Drivers/CMSIS/Include -I"D:/Solomon/SelfLearning/Udemy/EmbeddedRTOS/RTOS_Workspace/common/ThirdParty/FreeRTOS/include" -I"D:/Solomon/SelfLearning/Udemy/EmbeddedRTOS/RTOS_Workspace/common/ThirdParty/Segger/Config" -I"D:/Solomon/SelfLearning/Udemy/EmbeddedRTOS/RTOS_Workspace/common/ThirdParty/Segger/OS" -I"D:/Solomon/SelfLearning/Udemy/EmbeddedRTOS/RTOS_Workspace/common/ThirdParty/Segger/Segger" -I"D:/Solomon/SelfLearning/Udemy/EmbeddedRTOS/RTOS_Workspace/common/ThirdParty/FreeRTOS" -I"D:/Solomon/SelfLearning/Udemy/EmbeddedRTOS/RTOS_Workspace/common/ThirdParty/FreeRTOS/portable/GCC/ARM_CM7/r0p1" -O0 -ffunction-sections -fdata-sections -Wall -fstack-usage -fcyclomatic-complexity -MMD -MP -MF"Core/Src/main.d" -MT"Core/Src/main.o" --specs=nano.specs -mfpu=fpv5-d16 -mfloat-abi=hard -mthumb -o "Core/Src/main.o"
arm-none-eabi-gcc -o "013_Mutex_using_BinarySema.elf" @"objects.list"   -mcpu=cortex-m7 -T"D:\Solomon\SelfLearning\Udemy\EmbeddedRTOS\RTOS_Workspace\013_Mutex_using_BinarySema\STM32F767ZITX_FLASH.ld" --specs=nosys.specs -Wl,-Map="013_Mutex_using_BinarySema.map" -Wl,--gc-sections -static --specs=nano.specs -mfpu=fpv5-d16 -mfloat-abi=hard -mthumb -Wl,--start-group -lc -lm -Wl,--end-group
Finished building target: 013_Mutex_using_BinarySema.elf
 
arm-none-eabi-size  013_Mutex_using_BinarySema.elf 
arm-none-eabi-objdump -h -S 013_Mutex_using_BinarySema.elf  > "013_Mutex_using_BinarySema.list"
   text	   data	    bss	    dec	    hex	filename
  27888	    100	  49892	  77880	  13038	013_Mutex_using_BinarySema.elf
Finished building: default.size.stdout
 
Finished building: 013_Mutex_using_BinarySema.list
 

10:26:42 Build Finished. 0 errors, 0 warnings. (took 1s.832ms)

