11:30:47 **** Incremental Build of configuration Debug for project 014_Mutex ****
make -j8 all 
arm-none-eabi-gcc "../Core/Src/main.c" -mcpu=cortex-m7 -std=gnu11 -g3 -DDEBUG -DUSE_HAL_DRIVER -DSTM32F767xx -c -I../Core/Inc -I../Drivers/STM32F7xx_HAL_Driver/Inc -I../Drivers/STM32F7xx_HAL_Driver/Inc/Legacy -I../Drivers/CMSIS/Device/ST/STM32F7xx/Include -I../Drivers/CMSIS/Include -I"D:/Solomon/SelfLearning/Udemy/EmbeddedRTOS/RTOS_Workspace/common/ThirdParty/FreeRTOS/include" -I"D:/Solomon/SelfLearning/Udemy/EmbeddedRTOS/RTOS_Workspace/common/ThirdParty/Segger/Config" -I"D:/Solomon/SelfLearning/Udemy/EmbeddedRTOS/RTOS_Workspace/common/ThirdParty/Segger/OS" -I"D:/Solomon/SelfLearning/Udemy/EmbeddedRTOS/RTOS_Workspace/common/ThirdParty/Segger/Segger" -I"D:/Solomon/SelfLearning/Udemy/EmbeddedRTOS/RTOS_Workspace/common/ThirdParty/FreeRTOS" -I"D:/Solomon/SelfLearning/Udemy/EmbeddedRTOS/RTOS_Workspace/common/ThirdParty/FreeRTOS/portable/GCC/ARM_CM7/r0p1" -O0 -ffunction-sections -fdata-sections -Wall -fstack-usage -fcyclomatic-complexity -MMD -MP -MF"Core/Src/main.d" -MT"Core/Src/main.o" --specs=nano.specs -mfpu=fpv5-d16 -mfloat-abi=hard -mthumb -o "Core/Src/main.o"
arm-none-eabi-gcc -o "014_Mutex.elf" @"objects.list"   -mcpu=cortex-m7 -T"D:\Solomon\SelfLearning\Udemy\EmbeddedRTOS\RTOS_Workspace\014_Mutex\STM32F767ZITX_FLASH.ld" --specs=nosys.specs -Wl,-Map="014_Mutex.map" -Wl,--gc-sections -static --specs=nano.specs -mfpu=fpv5-d16 -mfloat-abi=hard -mthumb -Wl,--start-group -lc -lm -Wl,--end-group
Finished building target: 014_Mutex.elf
 
arm-none-eabi-size  014_Mutex.elf 
arm-none-eabi-objdump -h -S 014_Mutex.elf  > "014_Mutex.list"
   text	   data	    bss	    dec	    hex	filename
  30324	    112	  49976	  80412	  13a1c	014_Mutex.elf
Finished building: default.size.stdout
 
Finished building: 014_Mutex.list
 

11:30:49 Build Finished. 0 errors, 0 warnings. (took 2s.37ms)

