11:26:29 **** Build of configuration Debug for project 014_Mutex ****
make -j8 all 
arm-none-eabi-gcc "D:/Solomon/SelfLearning/Udemy/EmbeddedRTOS/RTOS_Workspace/common/ThirdParty/FreeRTOS/portable/MemMang/heap_4.c" -mcpu=cortex-m7 -std=gnu11 -g3 -DDEBUG -DUSE_HAL_DRIVER -DSTM32F767xx -c -I../Core/Inc -I../Drivers/STM32F7xx_HAL_Driver/Inc -I../Drivers/STM32F7xx_HAL_Driver/Inc/Legacy -I../Drivers/CMSIS/Device/ST/STM32F7xx/Include -I../Drivers/CMSIS/Include -I"D:/Solomon/SelfLearning/Udemy/EmbeddedRTOS/RTOS_Workspace/common/ThirdParty/FreeRTOS/include" -I"D:/Solomon/SelfLearning/Udemy/EmbeddedRTOS/RTOS_Workspace/common/ThirdParty/Segger/Config" -I"D:/Solomon/SelfLearning/Udemy/EmbeddedRTOS/RTOS_Workspace/common/ThirdParty/Segger/OS" -I"D:/Solomon/SelfLearning/Udemy/EmbeddedRTOS/RTOS_Workspace/common/ThirdParty/Segger/Segger" -I"D:/Solomon/SelfLearning/Udemy/EmbeddedRTOS/RTOS_Workspace/common/ThirdParty/FreeRTOS" -I"D:/Solomon/SelfLearning/Udemy/EmbeddedRTOS/RTOS_Workspace/common/ThirdParty/FreeRTOS/portable/GCC/ARM_CM7/r0p1" -O0 -ffunction-sections -fdata-sections -Wall -fstack-usage -fcyclomatic-complexity -MMD -MP -MF"common/ThirdParty/FreeRTOS/portable/MemMang/heap_4.d" -MT"common/ThirdParty/FreeRTOS/portable/MemMang/heap_4.o" --specs=nano.specs -mfpu=fpv5-d16 -mfloat-abi=hard -mthumb -o "common/ThirdParty/FreeRTOS/portable/MemMang/heap_4.o"
arm-none-eabi-gcc "D:/Solomon/SelfLearning/Udemy/EmbeddedRTOS/RTOS_Workspace/common/ThirdParty/FreeRTOS/portable/GCC/ARM_CM7/r0p1/port.c" -mcpu=cortex-m7 -std=gnu11 -g3 -DDEBUG -DUSE_HAL_DRIVER -DSTM32F767xx -c -I../Core/Inc -I../Drivers/STM32F7xx_HAL_Driver/Inc -I../Drivers/STM32F7xx_HAL_Driver/Inc/Legacy -I../Drivers/CMSIS/Device/ST/STM32F7xx/Include -I../Drivers/CMSIS/Include -I"D:/Solomon/SelfLearning/Udemy/EmbeddedRTOS/RTOS_Workspace/common/ThirdParty/FreeRTOS/include" -I"D:/Solomon/SelfLearning/Udemy/EmbeddedRTOS/RTOS_Workspace/common/ThirdParty/Segger/Config" -I"D:/Solomon/SelfLearning/Udemy/EmbeddedRTOS/RTOS_Workspace/common/ThirdParty/Segger/OS" -I"D:/Solomon/SelfLearning/Udemy/EmbeddedRTOS/RTOS_Workspace/common/ThirdParty/Segger/Segger" -I"D:/Solomon/SelfLearning/Udemy/EmbeddedRTOS/RTOS_Workspace/common/ThirdParty/FreeRTOS" -I"D:/Solomon/SelfLearning/Udemy/EmbeddedRTOS/RTOS_Workspace/common/ThirdParty/FreeRTOS/portable/GCC/ARM_CM7/r0p1" -O0 -ffunction-sections -fdata-sections -Wall -fstack-usage -fcyclomatic-complexity -MMD -MP -MF"common/ThirdParty/FreeRTOS/portable/GCC/ARM_CM7/r0p1/port.d" -MT"common/ThirdParty/FreeRTOS/portable/GCC/ARM_CM7/r0p1/port.o" --specs=nano.specs -mfpu=fpv5-d16 -mfloat-abi=hard -mthumb -o "common/ThirdParty/FreeRTOS/portable/GCC/ARM_CM7/r0p1/port.o"
arm-none-eabi-gcc "D:/Solomon/SelfLearning/Udemy/EmbeddedRTOS/RTOS_Workspace/common/ThirdParty/FreeRTOS/croutine.c" -mcpu=cortex-m7 -std=gnu11 -g3 -DDEBUG -DUSE_HAL_DRIVER -DSTM32F767xx -c -I../Core/Inc -I../Drivers/STM32F7xx_HAL_Driver/Inc -I../Drivers/STM32F7xx_HAL_Driver/Inc/Legacy -I../Drivers/CMSIS/Device/ST/STM32F7xx/Include -I../Drivers/CMSIS/Include -I"D:/Solomon/SelfLearning/Udemy/EmbeddedRTOS/RTOS_Workspace/common/ThirdParty/FreeRTOS/include" -I"D:/Solomon/SelfLearning/Udemy/EmbeddedRTOS/RTOS_Workspace/common/ThirdParty/Segger/Config" -I"D:/Solomon/SelfLearning/Udemy/EmbeddedRTOS/RTOS_Workspace/common/ThirdParty/Segger/OS" -I"D:/Solomon/SelfLearning/Udemy/EmbeddedRTOS/RTOS_Workspace/common/ThirdParty/Segger/Segger" -I"D:/Solomon/SelfLearning/Udemy/EmbeddedRTOS/RTOS_Workspace/common/ThirdParty/FreeRTOS" -I"D:/Solomon/SelfLearning/Udemy/EmbeddedRTOS/RTOS_Workspace/common/ThirdParty/FreeRTOS/portable/GCC/ARM_CM7/r0p1" -O0 -ffunction-sections -fdata-sections -Wall -fstack-usage -fcyclomatic-complexity -MMD -MP -MF"common/ThirdParty/FreeRTOS/croutine.d" -MT"common/ThirdParty/FreeRTOS/croutine.o" --specs=nano.specs -mfpu=fpv5-d16 -mfloat-abi=hard -mthumb -o "common/ThirdParty/FreeRTOS/croutine.o"
arm-none-eabi-gcc "D:/Solomon/SelfLearning/Udemy/EmbeddedRTOS/RTOS_Workspace/common/ThirdParty/FreeRTOS/event_groups.c" -mcpu=cortex-m7 -std=gnu11 -g3 -DDEBUG -DUSE_HAL_DRIVER -DSTM32F767xx -c -I../Core/Inc -I../Drivers/STM32F7xx_HAL_Driver/Inc -I../Drivers/STM32F7xx_HAL_Driver/Inc/Legacy -I../Drivers/CMSIS/Device/ST/STM32F7xx/Include -I../Drivers/CMSIS/Include -I"D:/Solomon/SelfLearning/Udemy/EmbeddedRTOS/RTOS_Workspace/common/ThirdParty/FreeRTOS/include" -I"D:/Solomon/SelfLearning/Udemy/EmbeddedRTOS/RTOS_Workspace/common/ThirdParty/Segger/Config" -I"D:/Solomon/SelfLearning/Udemy/EmbeddedRTOS/RTOS_Workspace/common/ThirdParty/Segger/OS" -I"D:/Solomon/SelfLearning/Udemy/EmbeddedRTOS/RTOS_Workspace/common/ThirdParty/Segger/Segger" -I"D:/Solomon/SelfLearning/Udemy/EmbeddedRTOS/RTOS_Workspace/common/ThirdParty/FreeRTOS" -I"D:/Solomon/SelfLearning/Udemy/EmbeddedRTOS/RTOS_Workspace/common/ThirdParty/FreeRTOS/portable/GCC/ARM_CM7/r0p1" -O0 -ffunction-sections -fdata-sections -Wall -fstack-usage -fcyclomatic-complexity -MMD -MP -MF"common/ThirdParty/FreeRTOS/event_groups.d" -MT"common/ThirdParty/FreeRTOS/event_groups.o" --specs=nano.specs -mfpu=fpv5-d16 -mfloat-abi=hard -mthumb -o "common/ThirdParty/FreeRTOS/event_groups.o"
arm-none-eabi-gcc "D:/Solomon/SelfLearning/Udemy/EmbeddedRTOS/RTOS_Workspace/common/ThirdParty/FreeRTOS/list.c" -mcpu=cortex-m7 -std=gnu11 -g3 -DDEBUG -DUSE_HAL_DRIVER -DSTM32F767xx -c -I../Core/Inc -I../Drivers/STM32F7xx_HAL_Driver/Inc -I../Drivers/STM32F7xx_HAL_Driver/Inc/Legacy -I../Drivers/CMSIS/Device/ST/STM32F7xx/Include -I../Drivers/CMSIS/Include -I"D:/Solomon/SelfLearning/Udemy/EmbeddedRTOS/RTOS_Workspace/common/ThirdParty/FreeRTOS/include" -I"D:/Solomon/SelfLearning/Udemy/EmbeddedRTOS/RTOS_Workspace/common/ThirdParty/Segger/Config" -I"D:/Solomon/SelfLearning/Udemy/EmbeddedRTOS/RTOS_Workspace/common/ThirdParty/Segger/OS" -I"D:/Solomon/SelfLearning/Udemy/EmbeddedRTOS/RTOS_Workspace/common/ThirdParty/Segger/Segger" -I"D:/Solomon/SelfLearning/Udemy/EmbeddedRTOS/RTOS_Workspace/common/ThirdParty/FreeRTOS" -I"D:/Solomon/SelfLearning/Udemy/EmbeddedRTOS/RTOS_Workspace/common/ThirdParty/FreeRTOS/portable/GCC/ARM_CM7/r0p1" -O0 -ffunction-sections -fdata-sections -Wall -fstack-usage -fcyclomatic-complexity -MMD -MP -MF"common/ThirdParty/FreeRTOS/list.d" -MT"common/ThirdParty/FreeRTOS/list.o" --specs=nano.specs -mfpu=fpv5-d16 -mfloat-abi=hard -mthumb -o "common/ThirdParty/FreeRTOS/list.o"
arm-none-eabi-gcc "D:/Solomon/SelfLearning/Udemy/EmbeddedRTOS/RTOS_Workspace/common/ThirdParty/FreeRTOS/queue.c" -mcpu=cortex-m7 -std=gnu11 -g3 -DDEBUG -DUSE_HAL_DRIVER -DSTM32F767xx -c -I../Core/Inc -I../Drivers/STM32F7xx_HAL_Driver/Inc -I../Drivers/STM32F7xx_HAL_Driver/Inc/Legacy -I../Drivers/CMSIS/Device/ST/STM32F7xx/Include -I../Drivers/CMSIS/Include -I"D:/Solomon/SelfLearning/Udemy/EmbeddedRTOS/RTOS_Workspace/common/ThirdParty/FreeRTOS/include" -I"D:/Solomon/SelfLearning/Udemy/EmbeddedRTOS/RTOS_Workspace/common/ThirdParty/Segger/Config" -I"D:/Solomon/SelfLearning/Udemy/EmbeddedRTOS/RTOS_Workspace/common/ThirdParty/Segger/OS" -I"D:/Solomon/SelfLearning/Udemy/EmbeddedRTOS/RTOS_Workspace/common/ThirdParty/Segger/Segger" -I"D:/Solomon/SelfLearning/Udemy/EmbeddedRTOS/RTOS_Workspace/common/ThirdParty/FreeRTOS" -I"D:/Solomon/SelfLearning/Udemy/EmbeddedRTOS/RTOS_Workspace/common/ThirdParty/FreeRTOS/portable/GCC/ARM_CM7/r0p1" -O0 -ffunction-sections -fdata-sections -Wall -fstack-usage -fcyclomatic-complexity -MMD -MP -MF"common/ThirdParty/FreeRTOS/queue.d" -MT"common/ThirdParty/FreeRTOS/queue.o" --specs=nano.specs -mfpu=fpv5-d16 -mfloat-abi=hard -mthumb -o "common/ThirdParty/FreeRTOS/queue.o"
arm-none-eabi-gcc "D:/Solomon/SelfLearning/Udemy/EmbeddedRTOS/RTOS_Workspace/common/ThirdParty/FreeRTOS/stream_buffer.c" -mcpu=cortex-m7 -std=gnu11 -g3 -DDEBUG -DUSE_HAL_DRIVER -DSTM32F767xx -c -I../Core/Inc -I../Drivers/STM32F7xx_HAL_Driver/Inc -I../Drivers/STM32F7xx_HAL_Driver/Inc/Legacy -I../Drivers/CMSIS/Device/ST/STM32F7xx/Include -I../Drivers/CMSIS/Include -I"D:/Solomon/SelfLearning/Udemy/EmbeddedRTOS/RTOS_Workspace/common/ThirdParty/FreeRTOS/include" -I"D:/Solomon/SelfLearning/Udemy/EmbeddedRTOS/RTOS_Workspace/common/ThirdParty/Segger/Config" -I"D:/Solomon/SelfLearning/Udemy/EmbeddedRTOS/RTOS_Workspace/common/ThirdParty/Segger/OS" -I"D:/Solomon/SelfLearning/Udemy/EmbeddedRTOS/RTOS_Workspace/common/ThirdParty/Segger/Segger" -I"D:/Solomon/SelfLearning/Udemy/EmbeddedRTOS/RTOS_Workspace/common/ThirdParty/FreeRTOS" -I"D:/Solomon/SelfLearning/Udemy/EmbeddedRTOS/RTOS_Workspace/common/ThirdParty/FreeRTOS/portable/GCC/ARM_CM7/r0p1" -O0 -ffunction-sections -fdata-sections -Wall -fstack-usage -fcyclomatic-complexity -MMD -MP -MF"common/ThirdParty/FreeRTOS/stream_buffer.d" -MT"common/ThirdParty/FreeRTOS/stream_buffer.o" --specs=nano.specs -mfpu=fpv5-d16 -mfloat-abi=hard -mthumb -o "common/ThirdParty/FreeRTOS/stream_buffer.o"
arm-none-eabi-gcc "D:/Solomon/SelfLearning/Udemy/EmbeddedRTOS/RTOS_Workspace/common/ThirdParty/FreeRTOS/tasks.c" -mcpu=cortex-m7 -std=gnu11 -g3 -DDEBUG -DUSE_HAL_DRIVER -DSTM32F767xx -c -I../Core/Inc -I../Drivers/STM32F7xx_HAL_Driver/Inc -I../Drivers/STM32F7xx_HAL_Driver/Inc/Legacy -I../Drivers/CMSIS/Device/ST/STM32F7xx/Include -I../Drivers/CMSIS/Include -I"D:/Solomon/SelfLearning/Udemy/EmbeddedRTOS/RTOS_Workspace/common/ThirdParty/FreeRTOS/include" -I"D:/Solomon/SelfLearning/Udemy/EmbeddedRTOS/RTOS_Workspace/common/ThirdParty/Segger/Config" -I"D:/Solomon/SelfLearning/Udemy/EmbeddedRTOS/RTOS_Workspace/common/ThirdParty/Segger/OS" -I"D:/Solomon/SelfLearning/Udemy/EmbeddedRTOS/RTOS_Workspace/common/ThirdParty/Segger/Segger" -I"D:/Solomon/SelfLearning/Udemy/EmbeddedRTOS/RTOS_Workspace/common/ThirdParty/FreeRTOS" -I"D:/Solomon/SelfLearning/Udemy/EmbeddedRTOS/RTOS_Workspace/common/ThirdParty/FreeRTOS/portable/GCC/ARM_CM7/r0p1" -O0 -ffunction-sections -fdata-sections -Wall -fstack-usage -fcyclomatic-complexity -MMD -MP -MF"common/ThirdParty/FreeRTOS/tasks.d" -MT"common/ThirdParty/FreeRTOS/tasks.o" --specs=nano.specs -mfpu=fpv5-d16 -mfloat-abi=hard -mthumb -o "common/ThirdParty/FreeRTOS/tasks.o"
arm-none-eabi-gcc "D:/Solomon/SelfLearning/Udemy/EmbeddedRTOS/RTOS_Workspace/common/ThirdParty/FreeRTOS/timers.c" -mcpu=cortex-m7 -std=gnu11 -g3 -DDEBUG -DUSE_HAL_DRIVER -DSTM32F767xx -c -I../Core/Inc -I../Drivers/STM32F7xx_HAL_Driver/Inc -I../Drivers/STM32F7xx_HAL_Driver/Inc/Legacy -I../Drivers/CMSIS/Device/ST/STM32F7xx/Include -I../Drivers/CMSIS/Include -I"D:/Solomon/SelfLearning/Udemy/EmbeddedRTOS/RTOS_Workspace/common/ThirdParty/FreeRTOS/include" -I"D:/Solomon/SelfLearning/Udemy/EmbeddedRTOS/RTOS_Workspace/common/ThirdParty/Segger/Config" -I"D:/Solomon/SelfLearning/Udemy/EmbeddedRTOS/RTOS_Workspace/common/ThirdParty/Segger/OS" -I"D:/Solomon/SelfLearning/Udemy/EmbeddedRTOS/RTOS_Workspace/common/ThirdParty/Segger/Segger" -I"D:/Solomon/SelfLearning/Udemy/EmbeddedRTOS/RTOS_Workspace/common/ThirdParty/FreeRTOS" -I"D:/Solomon/SelfLearning/Udemy/EmbeddedRTOS/RTOS_Workspace/common/ThirdParty/FreeRTOS/portable/GCC/ARM_CM7/r0p1" -O0 -ffunction-sections -fdata-sections -Wall -fstack-usage -fcyclomatic-complexity -MMD -MP -MF"common/ThirdParty/FreeRTOS/timers.d" -MT"common/ThirdParty/FreeRTOS/timers.o" --specs=nano.specs -mfpu=fpv5-d16 -mfloat-abi=hard -mthumb -o "common/ThirdParty/FreeRTOS/timers.o"
arm-none-eabi-gcc "../Drivers/STM32F7xx_HAL_Driver/Src/stm32f7xx_hal.c" -mcpu=cortex-m7 -std=gnu11 -g3 -DDEBUG -DUSE_HAL_DRIVER -DSTM32F767xx -c -I../Core/Inc -I../Drivers/STM32F7xx_HAL_Driver/Inc -I../Drivers/STM32F7xx_HAL_Driver/Inc/Legacy -I../Drivers/CMSIS/Device/ST/STM32F7xx/Include -I../Drivers/CMSIS/Include -I"D:/Solomon/SelfLearning/Udemy/EmbeddedRTOS/RTOS_Workspace/common/ThirdParty/FreeRTOS/include" -I"D:/Solomon/SelfLearning/Udemy/EmbeddedRTOS/RTOS_Workspace/common/ThirdParty/Segger/Config" -I"D:/Solomon/SelfLearning/Udemy/EmbeddedRTOS/RTOS_Workspace/common/ThirdParty/Segger/OS" -I"D:/Solomon/SelfLearning/Udemy/EmbeddedRTOS/RTOS_Workspace/common/ThirdParty/Segger/Segger" -I"D:/Solomon/SelfLearning/Udemy/EmbeddedRTOS/RTOS_Workspace/common/ThirdParty/FreeRTOS" -I"D:/Solomon/SelfLearning/Udemy/EmbeddedRTOS/RTOS_Workspace/common/ThirdParty/FreeRTOS/portable/GCC/ARM_CM7/r0p1" -O0 -ffunction-sections -fdata-sections -Wall -fstack-usage -fcyclomatic-complexity -MMD -MP -MF"Drivers/STM32F7xx_HAL_Driver/Src/stm32f7xx_hal.d" -MT"Drivers/STM32F7xx_HAL_Driver/Src/stm32f7xx_hal.o" --specs=nano.specs -mfpu=fpv5-d16 -mfloat-abi=hard -mthumb -o "Drivers/STM32F7xx_HAL_Driver/Src/stm32f7xx_hal.o"
arm-none-eabi-gcc "../Drivers/STM32F7xx_HAL_Driver/Src/stm32f7xx_hal_cortex.c" -mcpu=cortex-m7 -std=gnu11 -g3 -DDEBUG -DUSE_HAL_DRIVER -DSTM32F767xx -c -I../Core/Inc -I../Drivers/STM32F7xx_HAL_Driver/Inc -I../Drivers/STM32F7xx_HAL_Driver/Inc/Legacy -I../Drivers/CMSIS/Device/ST/STM32F7xx/Include -I../Drivers/CMSIS/Include -I"D:/Solomon/SelfLearning/Udemy/EmbeddedRTOS/RTOS_Workspace/common/ThirdParty/FreeRTOS/include" -I"D:/Solomon/SelfLearning/Udemy/EmbeddedRTOS/RTOS_Workspace/common/ThirdParty/Segger/Config" -I"D:/Solomon/SelfLearning/Udemy/EmbeddedRTOS/RTOS_Workspace/common/ThirdParty/Segger/OS" -I"D:/Solomon/SelfLearning/Udemy/EmbeddedRTOS/RTOS_Workspace/common/ThirdParty/Segger/Segger" -I"D:/Solomon/SelfLearning/Udemy/EmbeddedRTOS/RTOS_Workspace/common/ThirdParty/FreeRTOS" -I"D:/Solomon/SelfLearning/Udemy/EmbeddedRTOS/RTOS_Workspace/common/ThirdParty/FreeRTOS/portable/GCC/ARM_CM7/r0p1" -O0 -ffunction-sections -fdata-sections -Wall -fstack-usage -fcyclomatic-complexity -MMD -MP -MF"Drivers/STM32F7xx_HAL_Driver/Src/stm32f7xx_hal_cortex.d" -MT"Drivers/STM32F7xx_HAL_Driver/Src/stm32f7xx_hal_cortex.o" --specs=nano.specs -mfpu=fpv5-d16 -mfloat-abi=hard -mthumb -o "Drivers/STM32F7xx_HAL_Driver/Src/stm32f7xx_hal_cortex.o"
arm-none-eabi-gcc "../Drivers/STM32F7xx_HAL_Driver/Src/stm32f7xx_hal_dma.c" -mcpu=cortex-m7 -std=gnu11 -g3 -DDEBUG -DUSE_HAL_DRIVER -DSTM32F767xx -c -I../Core/Inc -I../Drivers/STM32F7xx_HAL_Driver/Inc -I../Drivers/STM32F7xx_HAL_Driver/Inc/Legacy -I../Drivers/CMSIS/Device/ST/STM32F7xx/Include -I../Drivers/CMSIS/Include -I"D:/Solomon/SelfLearning/Udemy/EmbeddedRTOS/RTOS_Workspace/common/ThirdParty/FreeRTOS/include" -I"D:/Solomon/SelfLearning/Udemy/EmbeddedRTOS/RTOS_Workspace/common/ThirdParty/Segger/Config" -I"D:/Solomon/SelfLearning/Udemy/EmbeddedRTOS/RTOS_Workspace/common/ThirdParty/Segger/OS" -I"D:/Solomon/SelfLearning/Udemy/EmbeddedRTOS/RTOS_Workspace/common/ThirdParty/Segger/Segger" -I"D:/Solomon/SelfLearning/Udemy/EmbeddedRTOS/RTOS_Workspace/common/ThirdParty/FreeRTOS" -I"D:/Solomon/SelfLearning/Udemy/EmbeddedRTOS/RTOS_Workspace/common/ThirdParty/FreeRTOS/portable/GCC/ARM_CM7/r0p1" -O0 -ffunction-sections -fdata-sections -Wall -fstack-usage -fcyclomatic-complexity -MMD -MP -MF"Drivers/STM32F7xx_HAL_Driver/Src/stm32f7xx_hal_dma.d" -MT"Drivers/STM32F7xx_HAL_Driver/Src/stm32f7xx_hal_dma.o" --specs=nano.specs -mfpu=fpv5-d16 -mfloat-abi=hard -mthumb -o "Drivers/STM32F7xx_HAL_Driver/Src/stm32f7xx_hal_dma.o"
arm-none-eabi-gcc "../Drivers/STM32F7xx_HAL_Driver/Src/stm32f7xx_hal_dma_ex.c" -mcpu=cortex-m7 -std=gnu11 -g3 -DDEBUG -DUSE_HAL_DRIVER -DSTM32F767xx -c -I../Core/Inc -I../Drivers/STM32F7xx_HAL_Driver/Inc -I../Drivers/STM32F7xx_HAL_Driver/Inc/Legacy -I../Drivers/CMSIS/Device/ST/STM32F7xx/Include -I../Drivers/CMSIS/Include -I"D:/Solomon/SelfLearning/Udemy/EmbeddedRTOS/RTOS_Workspace/common/ThirdParty/FreeRTOS/include" -I"D:/Solomon/SelfLearning/Udemy/EmbeddedRTOS/RTOS_Workspace/common/ThirdParty/Segger/Config" -I"D:/Solomon/SelfLearning/Udemy/EmbeddedRTOS/RTOS_Workspace/common/ThirdParty/Segger/OS" -I"D:/Solomon/SelfLearning/Udemy/EmbeddedRTOS/RTOS_Workspace/common/ThirdParty/Segger/Segger" -I"D:/Solomon/SelfLearning/Udemy/EmbeddedRTOS/RTOS_Workspace/common/ThirdParty/FreeRTOS" -I"D:/Solomon/SelfLearning/Udemy/EmbeddedRTOS/RTOS_Workspace/common/ThirdParty/FreeRTOS/portable/GCC/ARM_CM7/r0p1" -O0 -ffunction-sections -fdata-sections -Wall -fstack-usage -fcyclomatic-complexity -MMD -MP -MF"Drivers/STM32F7xx_HAL_Driver/Src/stm32f7xx_hal_dma_ex.d" -MT"Drivers/STM32F7xx_HAL_Driver/Src/stm32f7xx_hal_dma_ex.o" --specs=nano.specs -mfpu=fpv5-d16 -mfloat-abi=hard -mthumb -o "Drivers/STM32F7xx_HAL_Driver/Src/stm32f7xx_hal_dma_ex.o"
arm-none-eabi-gcc "../Drivers/STM32F7xx_HAL_Driver/Src/stm32f7xx_hal_exti.c" -mcpu=cortex-m7 -std=gnu11 -g3 -DDEBUG -DUSE_HAL_DRIVER -DSTM32F767xx -c -I../Core/Inc -I../Drivers/STM32F7xx_HAL_Driver/Inc -I../Drivers/STM32F7xx_HAL_Driver/Inc/Legacy -I../Drivers/CMSIS/Device/ST/STM32F7xx/Include -I../Drivers/CMSIS/Include -I"D:/Solomon/SelfLearning/Udemy/EmbeddedRTOS/RTOS_Workspace/common/ThirdParty/FreeRTOS/include" -I"D:/Solomon/SelfLearning/Udemy/EmbeddedRTOS/RTOS_Workspace/common/ThirdParty/Segger/Config" -I"D:/Solomon/SelfLearning/Udemy/EmbeddedRTOS/RTOS_Workspace/common/ThirdParty/Segger/OS" -I"D:/Solomon/SelfLearning/Udemy/EmbeddedRTOS/RTOS_Workspace/common/ThirdParty/Segger/Segger" -I"D:/Solomon/SelfLearning/Udemy/EmbeddedRTOS/RTOS_Workspace/common/ThirdParty/FreeRTOS" -I"D:/Solomon/SelfLearning/Udemy/EmbeddedRTOS/RTOS_Workspace/common/ThirdParty/FreeRTOS/portable/GCC/ARM_CM7/r0p1" -O0 -ffunction-sections -fdata-sections -Wall -fstack-usage -fcyclomatic-complexity -MMD -MP -MF"Drivers/STM32F7xx_HAL_Driver/Src/stm32f7xx_hal_exti.d" -MT"Drivers/STM32F7xx_HAL_Driver/Src/stm32f7xx_hal_exti.o" --specs=nano.specs -mfpu=fpv5-d16 -mfloat-abi=hard -mthumb -o "Drivers/STM32F7xx_HAL_Driver/Src/stm32f7xx_hal_exti.o"
arm-none-eabi-gcc "../Drivers/STM32F7xx_HAL_Driver/Src/stm32f7xx_hal_flash.c" -mcpu=cortex-m7 -std=gnu11 -g3 -DDEBUG -DUSE_HAL_DRIVER -DSTM32F767xx -c -I../Core/Inc -I../Drivers/STM32F7xx_HAL_Driver/Inc -I../Drivers/STM32F7xx_HAL_Driver/Inc/Legacy -I../Drivers/CMSIS/Device/ST/STM32F7xx/Include -I../Drivers/CMSIS/Include -I"D:/Solomon/SelfLearning/Udemy/EmbeddedRTOS/RTOS_Workspace/common/ThirdParty/FreeRTOS/include" -I"D:/Solomon/SelfLearning/Udemy/EmbeddedRTOS/RTOS_Workspace/common/ThirdParty/Segger/Config" -I"D:/Solomon/SelfLearning/Udemy/EmbeddedRTOS/RTOS_Workspace/common/ThirdParty/Segger/OS" -I"D:/Solomon/SelfLearning/Udemy/EmbeddedRTOS/RTOS_Workspace/common/ThirdParty/Segger/Segger" -I"D:/Solomon/SelfLearning/Udemy/EmbeddedRTOS/RTOS_Workspace/common/ThirdParty/FreeRTOS" -I"D:/Solomon/SelfLearning/Udemy/EmbeddedRTOS/RTOS_Workspace/common/ThirdParty/FreeRTOS/portable/GCC/ARM_CM7/r0p1" -O0 -ffunction-sections -fdata-sections -Wall -fstack-usage -fcyclomatic-complexity -MMD -MP -MF"Drivers/STM32F7xx_HAL_Driver/Src/stm32f7xx_hal_flash.d" -MT"Drivers/STM32F7xx_HAL_Driver/Src/stm32f7xx_hal_flash.o" --specs=nano.specs -mfpu=fpv5-d16 -mfloat-abi=hard -mthumb -o "Drivers/STM32F7xx_HAL_Driver/Src/stm32f7xx_hal_flash.o"
arm-none-eabi-gcc "../Drivers/STM32F7xx_HAL_Driver/Src/stm32f7xx_hal_flash_ex.c" -mcpu=cortex-m7 -std=gnu11 -g3 -DDEBUG -DUSE_HAL_DRIVER -DSTM32F767xx -c -I../Core/Inc -I../Drivers/STM32F7xx_HAL_Driver/Inc -I../Drivers/STM32F7xx_HAL_Driver/Inc/Legacy -I../Drivers/CMSIS/Device/ST/STM32F7xx/Include -I../Drivers/CMSIS/Include -I"D:/Solomon/SelfLearning/Udemy/EmbeddedRTOS/RTOS_Workspace/common/ThirdParty/FreeRTOS/include" -I"D:/Solomon/SelfLearning/Udemy/EmbeddedRTOS/RTOS_Workspace/common/ThirdParty/Segger/Config" -I"D:/Solomon/SelfLearning/Udemy/EmbeddedRTOS/RTOS_Workspace/common/ThirdParty/Segger/OS" -I"D:/Solomon/SelfLearning/Udemy/EmbeddedRTOS/RTOS_Workspace/common/ThirdParty/Segger/Segger" -I"D:/Solomon/SelfLearning/Udemy/EmbeddedRTOS/RTOS_Workspace/common/ThirdParty/FreeRTOS" -I"D:/Solomon/SelfLearning/Udemy/EmbeddedRTOS/RTOS_Workspace/common/ThirdParty/FreeRTOS/portable/GCC/ARM_CM7/r0p1" -O0 -ffunction-sections -fdata-sections -Wall -fstack-usage -fcyclomatic-complexity -MMD -MP -MF"Drivers/STM32F7xx_HAL_Driver/Src/stm32f7xx_hal_flash_ex.d" -MT"Drivers/STM32F7xx_HAL_Driver/Src/stm32f7xx_hal_flash_ex.o" --specs=nano.specs -mfpu=fpv5-d16 -mfloat-abi=hard -mthumb -o "Drivers/STM32F7xx_HAL_Driver/Src/stm32f7xx_hal_flash_ex.o"
arm-none-eabi-gcc "../Drivers/STM32F7xx_HAL_Driver/Src/stm32f7xx_hal_gpio.c" -mcpu=cortex-m7 -std=gnu11 -g3 -DDEBUG -DUSE_HAL_DRIVER -DSTM32F767xx -c -I../Core/Inc -I../Drivers/STM32F7xx_HAL_Driver/Inc -I../Drivers/STM32F7xx_HAL_Driver/Inc/Legacy -I../Drivers/CMSIS/Device/ST/STM32F7xx/Include -I../Drivers/CMSIS/Include -I"D:/Solomon/SelfLearning/Udemy/EmbeddedRTOS/RTOS_Workspace/common/ThirdParty/FreeRTOS/include" -I"D:/Solomon/SelfLearning/Udemy/EmbeddedRTOS/RTOS_Workspace/common/ThirdParty/Segger/Config" -I"D:/Solomon/SelfLearning/Udemy/EmbeddedRTOS/RTOS_Workspace/common/ThirdParty/Segger/OS" -I"D:/Solomon/SelfLearning/Udemy/EmbeddedRTOS/RTOS_Workspace/common/ThirdParty/Segger/Segger" -I"D:/Solomon/SelfLearning/Udemy/EmbeddedRTOS/RTOS_Workspace/common/ThirdParty/FreeRTOS" -I"D:/Solomon/SelfLearning/Udemy/EmbeddedRTOS/RTOS_Workspace/common/ThirdParty/FreeRTOS/portable/GCC/ARM_CM7/r0p1" -O0 -ffunction-sections -fdata-sections -Wall -fstack-usage -fcyclomatic-complexity -MMD -MP -MF"Drivers/STM32F7xx_HAL_Driver/Src/stm32f7xx_hal_gpio.d" -MT"Drivers/STM32F7xx_HAL_Driver/Src/stm32f7xx_hal_gpio.o" --specs=nano.specs -mfpu=fpv5-d16 -mfloat-abi=hard -mthumb -o "Drivers/STM32F7xx_HAL_Driver/Src/stm32f7xx_hal_gpio.o"
arm-none-eabi-gcc "../Drivers/STM32F7xx_HAL_Driver/Src/stm32f7xx_hal_i2c.c" -mcpu=cortex-m7 -std=gnu11 -g3 -DDEBUG -DUSE_HAL_DRIVER -DSTM32F767xx -c -I../Core/Inc -I../Drivers/STM32F7xx_HAL_Driver/Inc -I../Drivers/STM32F7xx_HAL_Driver/Inc/Legacy -I../Drivers/CMSIS/Device/ST/STM32F7xx/Include -I../Drivers/CMSIS/Include -I"D:/Solomon/SelfLearning/Udemy/EmbeddedRTOS/RTOS_Workspace/common/ThirdParty/FreeRTOS/include" -I"D:/Solomon/SelfLearning/Udemy/EmbeddedRTOS/RTOS_Workspace/common/ThirdParty/Segger/Config" -I"D:/Solomon/SelfLearning/Udemy/EmbeddedRTOS/RTOS_Workspace/common/ThirdParty/Segger/OS" -I"D:/Solomon/SelfLearning/Udemy/EmbeddedRTOS/RTOS_Workspace/common/ThirdParty/Segger/Segger" -I"D:/Solomon/SelfLearning/Udemy/EmbeddedRTOS/RTOS_Workspace/common/ThirdParty/FreeRTOS" -I"D:/Solomon/SelfLearning/Udemy/EmbeddedRTOS/RTOS_Workspace/common/ThirdParty/FreeRTOS/portable/GCC/ARM_CM7/r0p1" -O0 -ffunction-sections -fdata-sections -Wall -fstack-usage -fcyclomatic-complexity -MMD -MP -MF"Drivers/STM32F7xx_HAL_Driver/Src/stm32f7xx_hal_i2c.d" -MT"Drivers/STM32F7xx_HAL_Driver/Src/stm32f7xx_hal_i2c.o" --specs=nano.specs -mfpu=fpv5-d16 -mfloat-abi=hard -mthumb -o "Drivers/STM32F7xx_HAL_Driver/Src/stm32f7xx_hal_i2c.o"
arm-none-eabi-gcc "../Drivers/STM32F7xx_HAL_Driver/Src/stm32f7xx_hal_i2c_ex.c" -mcpu=cortex-m7 -std=gnu11 -g3 -DDEBUG -DUSE_HAL_DRIVER -DSTM32F767xx -c -I../Core/Inc -I../Drivers/STM32F7xx_HAL_Driver/Inc -I../Drivers/STM32F7xx_HAL_Driver/Inc/Legacy -I../Drivers/CMSIS/Device/ST/STM32F7xx/Include -I../Drivers/CMSIS/Include -I"D:/Solomon/SelfLearning/Udemy/EmbeddedRTOS/RTOS_Workspace/common/ThirdParty/FreeRTOS/include" -I"D:/Solomon/SelfLearning/Udemy/EmbeddedRTOS/RTOS_Workspace/common/ThirdParty/Segger/Config" -I"D:/Solomon/SelfLearning/Udemy/EmbeddedRTOS/RTOS_Workspace/common/ThirdParty/Segger/OS" -I"D:/Solomon/SelfLearning/Udemy/EmbeddedRTOS/RTOS_Workspace/common/ThirdParty/Segger/Segger" -I"D:/Solomon/SelfLearning/Udemy/EmbeddedRTOS/RTOS_Workspace/common/ThirdParty/FreeRTOS" -I"D:/Solomon/SelfLearning/Udemy/EmbeddedRTOS/RTOS_Workspace/common/ThirdParty/FreeRTOS/portable/GCC/ARM_CM7/r0p1" -O0 -ffunction-sections -fdata-sections -Wall -fstack-usage -fcyclomatic-complexity -MMD -MP -MF"Drivers/STM32F7xx_HAL_Driver/Src/stm32f7xx_hal_i2c_ex.d" -MT"Drivers/STM32F7xx_HAL_Driver/Src/stm32f7xx_hal_i2c_ex.o" --specs=nano.specs -mfpu=fpv5-d16 -mfloat-abi=hard -mthumb -o "Drivers/STM32F7xx_HAL_Driver/Src/stm32f7xx_hal_i2c_ex.o"
arm-none-eabi-gcc "../Drivers/STM32F7xx_HAL_Driver/Src/stm32f7xx_hal_pwr.c" -mcpu=cortex-m7 -std=gnu11 -g3 -DDEBUG -DUSE_HAL_DRIVER -DSTM32F767xx -c -I../Core/Inc -I../Drivers/STM32F7xx_HAL_Driver/Inc -I../Drivers/STM32F7xx_HAL_Driver/Inc/Legacy -I../Drivers/CMSIS/Device/ST/STM32F7xx/Include -I../Drivers/CMSIS/Include -I"D:/Solomon/SelfLearning/Udemy/EmbeddedRTOS/RTOS_Workspace/common/ThirdParty/FreeRTOS/include" -I"D:/Solomon/SelfLearning/Udemy/EmbeddedRTOS/RTOS_Workspace/common/ThirdParty/Segger/Config" -I"D:/Solomon/SelfLearning/Udemy/EmbeddedRTOS/RTOS_Workspace/common/ThirdParty/Segger/OS" -I"D:/Solomon/SelfLearning/Udemy/EmbeddedRTOS/RTOS_Workspace/common/ThirdParty/Segger/Segger" -I"D:/Solomon/SelfLearning/Udemy/EmbeddedRTOS/RTOS_Workspace/common/ThirdParty/FreeRTOS" -I"D:/Solomon/SelfLearning/Udemy/EmbeddedRTOS/RTOS_Workspace/common/ThirdParty/FreeRTOS/portable/GCC/ARM_CM7/r0p1" -O0 -ffunction-sections -fdata-sections -Wall -fstack-usage -fcyclomatic-complexity -MMD -MP -MF"Drivers/STM32F7xx_HAL_Driver/Src/stm32f7xx_hal_pwr.d" -MT"Drivers/STM32F7xx_HAL_Driver/Src/stm32f7xx_hal_pwr.o" --specs=nano.specs -mfpu=fpv5-d16 -mfloat-abi=hard -mthumb -o "Drivers/STM32F7xx_HAL_Driver/Src/stm32f7xx_hal_pwr.o"
arm-none-eabi-gcc "../Drivers/STM32F7xx_HAL_Driver/Src/stm32f7xx_hal_pwr_ex.c" -mcpu=cortex-m7 -std=gnu11 -g3 -DDEBUG -DUSE_HAL_DRIVER -DSTM32F767xx -c -I../Core/Inc -I../Drivers/STM32F7xx_HAL_Driver/Inc -I../Drivers/STM32F7xx_HAL_Driver/Inc/Legacy -I../Drivers/CMSIS/Device/ST/STM32F7xx/Include -I../Drivers/CMSIS/Include -I"D:/Solomon/SelfLearning/Udemy/EmbeddedRTOS/RTOS_Workspace/common/ThirdParty/FreeRTOS/include" -I"D:/Solomon/SelfLearning/Udemy/EmbeddedRTOS/RTOS_Workspace/common/ThirdParty/Segger/Config" -I"D:/Solomon/SelfLearning/Udemy/EmbeddedRTOS/RTOS_Workspace/common/ThirdParty/Segger/OS" -I"D:/Solomon/SelfLearning/Udemy/EmbeddedRTOS/RTOS_Workspace/common/ThirdParty/Segger/Segger" -I"D:/Solomon/SelfLearning/Udemy/EmbeddedRTOS/RTOS_Workspace/common/ThirdParty/FreeRTOS" -I"D:/Solomon/SelfLearning/Udemy/EmbeddedRTOS/RTOS_Workspace/common/ThirdParty/FreeRTOS/portable/GCC/ARM_CM7/r0p1" -O0 -ffunction-sections -fdata-sections -Wall -fstack-usage -fcyclomatic-complexity -MMD -MP -MF"Drivers/STM32F7xx_HAL_Driver/Src/stm32f7xx_hal_pwr_ex.d" -MT"Drivers/STM32F7xx_HAL_Driver/Src/stm32f7xx_hal_pwr_ex.o" --specs=nano.specs -mfpu=fpv5-d16 -mfloat-abi=hard -mthumb -o "Drivers/STM32F7xx_HAL_Driver/Src/stm32f7xx_hal_pwr_ex.o"
arm-none-eabi-gcc "../Drivers/STM32F7xx_HAL_Driver/Src/stm32f7xx_hal_rcc.c" -mcpu=cortex-m7 -std=gnu11 -g3 -DDEBUG -DUSE_HAL_DRIVER -DSTM32F767xx -c -I../Core/Inc -I../Drivers/STM32F7xx_HAL_Driver/Inc -I../Drivers/STM32F7xx_HAL_Driver/Inc/Legacy -I../Drivers/CMSIS/Device/ST/STM32F7xx/Include -I../Drivers/CMSIS/Include -I"D:/Solomon/SelfLearning/Udemy/EmbeddedRTOS/RTOS_Workspace/common/ThirdParty/FreeRTOS/include" -I"D:/Solomon/SelfLearning/Udemy/EmbeddedRTOS/RTOS_Workspace/common/ThirdParty/Segger/Config" -I"D:/Solomon/SelfLearning/Udemy/EmbeddedRTOS/RTOS_Workspace/common/ThirdParty/Segger/OS" -I"D:/Solomon/SelfLearning/Udemy/EmbeddedRTOS/RTOS_Workspace/common/ThirdParty/Segger/Segger" -I"D:/Solomon/SelfLearning/Udemy/EmbeddedRTOS/RTOS_Workspace/common/ThirdParty/FreeRTOS" -I"D:/Solomon/SelfLearning/Udemy/EmbeddedRTOS/RTOS_Workspace/common/ThirdParty/FreeRTOS/portable/GCC/ARM_CM7/r0p1" -O0 -ffunction-sections -fdata-sections -Wall -fstack-usage -fcyclomatic-complexity -MMD -MP -MF"Drivers/STM32F7xx_HAL_Driver/Src/stm32f7xx_hal_rcc.d" -MT"Drivers/STM32F7xx_HAL_Driver/Src/stm32f7xx_hal_rcc.o" --specs=nano.specs -mfpu=fpv5-d16 -mfloat-abi=hard -mthumb -o "Drivers/STM32F7xx_HAL_Driver/Src/stm32f7xx_hal_rcc.o"
arm-none-eabi-gcc "../Drivers/STM32F7xx_HAL_Driver/Src/stm32f7xx_hal_rcc_ex.c" -mcpu=cortex-m7 -std=gnu11 -g3 -DDEBUG -DUSE_HAL_DRIVER -DSTM32F767xx -c -I../Core/Inc -I../Drivers/STM32F7xx_HAL_Driver/Inc -I../Drivers/STM32F7xx_HAL_Driver/Inc/Legacy -I../Drivers/CMSIS/Device/ST/STM32F7xx/Include -I../Drivers/CMSIS/Include -I"D:/Solomon/SelfLearning/Udemy/EmbeddedRTOS/RTOS_Workspace/common/ThirdParty/FreeRTOS/include" -I"D:/Solomon/SelfLearning/Udemy/EmbeddedRTOS/RTOS_Workspace/common/ThirdParty/Segger/Config" -I"D:/Solomon/SelfLearning/Udemy/EmbeddedRTOS/RTOS_Workspace/common/ThirdParty/Segger/OS" -I"D:/Solomon/SelfLearning/Udemy/EmbeddedRTOS/RTOS_Workspace/common/ThirdParty/Segger/Segger" -I"D:/Solomon/SelfLearning/Udemy/EmbeddedRTOS/RTOS_Workspace/common/ThirdParty/FreeRTOS" -I"D:/Solomon/SelfLearning/Udemy/EmbeddedRTOS/RTOS_Workspace/common/ThirdParty/FreeRTOS/portable/GCC/ARM_CM7/r0p1" -O0 -ffunction-sections -fdata-sections -Wall -fstack-usage -fcyclomatic-complexity -MMD -MP -MF"Drivers/STM32F7xx_HAL_Driver/Src/stm32f7xx_hal_rcc_ex.d" -MT"Drivers/STM32F7xx_HAL_Driver/Src/stm32f7xx_hal_rcc_ex.o" --specs=nano.specs -mfpu=fpv5-d16 -mfloat-abi=hard -mthumb -o "Drivers/STM32F7xx_HAL_Driver/Src/stm32f7xx_hal_rcc_ex.o"
arm-none-eabi-gcc "../Drivers/STM32F7xx_HAL_Driver/Src/stm32f7xx_hal_tim.c" -mcpu=cortex-m7 -std=gnu11 -g3 -DDEBUG -DUSE_HAL_DRIVER -DSTM32F767xx -c -I../Core/Inc -I../Drivers/STM32F7xx_HAL_Driver/Inc -I../Drivers/STM32F7xx_HAL_Driver/Inc/Legacy -I../Drivers/CMSIS/Device/ST/STM32F7xx/Include -I../Drivers/CMSIS/Include -I"D:/Solomon/SelfLearning/Udemy/EmbeddedRTOS/RTOS_Workspace/common/ThirdParty/FreeRTOS/include" -I"D:/Solomon/SelfLearning/Udemy/EmbeddedRTOS/RTOS_Workspace/common/ThirdParty/Segger/Config" -I"D:/Solomon/SelfLearning/Udemy/EmbeddedRTOS/RTOS_Workspace/common/ThirdParty/Segger/OS" -I"D:/Solomon/SelfLearning/Udemy/EmbeddedRTOS/RTOS_Workspace/common/ThirdParty/Segger/Segger" -I"D:/Solomon/SelfLearning/Udemy/EmbeddedRTOS/RTOS_Workspace/common/ThirdParty/FreeRTOS" -I"D:/Solomon/SelfLearning/Udemy/EmbeddedRTOS/RTOS_Workspace/common/ThirdParty/FreeRTOS/portable/GCC/ARM_CM7/r0p1" -O0 -ffunction-sections -fdata-sections -Wall -fstack-usage -fcyclomatic-complexity -MMD -MP -MF"Drivers/STM32F7xx_HAL_Driver/Src/stm32f7xx_hal_tim.d" -MT"Drivers/STM32F7xx_HAL_Driver/Src/stm32f7xx_hal_tim.o" --specs=nano.specs -mfpu=fpv5-d16 -mfloat-abi=hard -mthumb -o "Drivers/STM32F7xx_HAL_Driver/Src/stm32f7xx_hal_tim.o"
arm-none-eabi-gcc "../Drivers/STM32F7xx_HAL_Driver/Src/stm32f7xx_hal_tim_ex.c" -mcpu=cortex-m7 -std=gnu11 -g3 -DDEBUG -DUSE_HAL_DRIVER -DSTM32F767xx -c -I../Core/Inc -I../Drivers/STM32F7xx_HAL_Driver/Inc -I../Drivers/STM32F7xx_HAL_Driver/Inc/Legacy -I../Drivers/CMSIS/Device/ST/STM32F7xx/Include -I../Drivers/CMSIS/Include -I"D:/Solomon/SelfLearning/Udemy/EmbeddedRTOS/RTOS_Workspace/common/ThirdParty/FreeRTOS/include" -I"D:/Solomon/SelfLearning/Udemy/EmbeddedRTOS/RTOS_Workspace/common/ThirdParty/Segger/Config" -I"D:/Solomon/SelfLearning/Udemy/EmbeddedRTOS/RTOS_Workspace/common/ThirdParty/Segger/OS" -I"D:/Solomon/SelfLearning/Udemy/EmbeddedRTOS/RTOS_Workspace/common/ThirdParty/Segger/Segger" -I"D:/Solomon/SelfLearning/Udemy/EmbeddedRTOS/RTOS_Workspace/common/ThirdParty/FreeRTOS" -I"D:/Solomon/SelfLearning/Udemy/EmbeddedRTOS/RTOS_Workspace/common/ThirdParty/FreeRTOS/portable/GCC/ARM_CM7/r0p1" -O0 -ffunction-sections -fdata-sections -Wall -fstack-usage -fcyclomatic-complexity -MMD -MP -MF"Drivers/STM32F7xx_HAL_Driver/Src/stm32f7xx_hal_tim_ex.d" -MT"Drivers/STM32F7xx_HAL_Driver/Src/stm32f7xx_hal_tim_ex.o" --specs=nano.specs -mfpu=fpv5-d16 -mfloat-abi=hard -mthumb -o "Drivers/STM32F7xx_HAL_Driver/Src/stm32f7xx_hal_tim_ex.o"
arm-none-eabi-gcc "../Drivers/STM32F7xx_HAL_Driver/Src/stm32f7xx_hal_uart.c" -mcpu=cortex-m7 -std=gnu11 -g3 -DDEBUG -DUSE_HAL_DRIVER -DSTM32F767xx -c -I../Core/Inc -I../Drivers/STM32F7xx_HAL_Driver/Inc -I../Drivers/STM32F7xx_HAL_Driver/Inc/Legacy -I../Drivers/CMSIS/Device/ST/STM32F7xx/Include -I../Drivers/CMSIS/Include -I"D:/Solomon/SelfLearning/Udemy/EmbeddedRTOS/RTOS_Workspace/common/ThirdParty/FreeRTOS/include" -I"D:/Solomon/SelfLearning/Udemy/EmbeddedRTOS/RTOS_Workspace/common/ThirdParty/Segger/Config" -I"D:/Solomon/SelfLearning/Udemy/EmbeddedRTOS/RTOS_Workspace/common/ThirdParty/Segger/OS" -I"D:/Solomon/SelfLearning/Udemy/EmbeddedRTOS/RTOS_Workspace/common/ThirdParty/Segger/Segger" -I"D:/Solomon/SelfLearning/Udemy/EmbeddedRTOS/RTOS_Workspace/common/ThirdParty/FreeRTOS" -I"D:/Solomon/SelfLearning/Udemy/EmbeddedRTOS/RTOS_Workspace/common/ThirdParty/FreeRTOS/portable/GCC/ARM_CM7/r0p1" -O0 -ffunction-sections -fdata-sections -Wall -fstack-usage -fcyclomatic-complexity -MMD -MP -MF"Drivers/STM32F7xx_HAL_Driver/Src/stm32f7xx_hal_uart.d" -MT"Drivers/STM32F7xx_HAL_Driver/Src/stm32f7xx_hal_uart.o" --specs=nano.specs -mfpu=fpv5-d16 -mfloat-abi=hard -mthumb -o "Drivers/STM32F7xx_HAL_Driver/Src/stm32f7xx_hal_uart.o"
arm-none-eabi-gcc "../Drivers/STM32F7xx_HAL_Driver/Src/stm32f7xx_hal_uart_ex.c" -mcpu=cortex-m7 -std=gnu11 -g3 -DDEBUG -DUSE_HAL_DRIVER -DSTM32F767xx -c -I../Core/Inc -I../Drivers/STM32F7xx_HAL_Driver/Inc -I../Drivers/STM32F7xx_HAL_Driver/Inc/Legacy -I../Drivers/CMSIS/Device/ST/STM32F7xx/Include -I../Drivers/CMSIS/Include -I"D:/Solomon/SelfLearning/Udemy/EmbeddedRTOS/RTOS_Workspace/common/ThirdParty/FreeRTOS/include" -I"D:/Solomon/SelfLearning/Udemy/EmbeddedRTOS/RTOS_Workspace/common/ThirdParty/Segger/Config" -I"D:/Solomon/SelfLearning/Udemy/EmbeddedRTOS/RTOS_Workspace/common/ThirdParty/Segger/OS" -I"D:/Solomon/SelfLearning/Udemy/EmbeddedRTOS/RTOS_Workspace/common/ThirdParty/Segger/Segger" -I"D:/Solomon/SelfLearning/Udemy/EmbeddedRTOS/RTOS_Workspace/common/ThirdParty/FreeRTOS" -I"D:/Solomon/SelfLearning/Udemy/EmbeddedRTOS/RTOS_Workspace/common/ThirdParty/FreeRTOS/portable/GCC/ARM_CM7/r0p1" -O0 -ffunction-sections -fdata-sections -Wall -fstack-usage -fcyclomatic-complexity -MMD -MP -MF"Drivers/STM32F7xx_HAL_Driver/Src/stm32f7xx_hal_uart_ex.d" -MT"Drivers/STM32F7xx_HAL_Driver/Src/stm32f7xx_hal_uart_ex.o" --specs=nano.specs -mfpu=fpv5-d16 -mfloat-abi=hard -mthumb -o "Drivers/STM32F7xx_HAL_Driver/Src/stm32f7xx_hal_uart_ex.o"
arm-none-eabi-gcc -mcpu=cortex-m7 -g3 -DDEBUG -c -I"D:/Solomon/SelfLearning/Udemy/EmbeddedRTOS/RTOS_Workspace/common/ThirdParty/Segger/Config" -I"D:/Solomon/SelfLearning/Udemy/EmbeddedRTOS/RTOS_Workspace/common/ThirdParty/Segger/Segger" -x assembler-with-cpp -MMD -MP -MF"Core/Startup/startup_stm32f767zitx.d" -MT"Core/Startup/startup_stm32f767zitx.o" --specs=nano.specs -mfpu=fpv5-d16 -mfloat-abi=hard -mthumb -o "Core/Startup/startup_stm32f767zitx.o" "../Core/Startup/startup_stm32f767zitx.s"
arm-none-eabi-gcc "../Core/Src/main.c" -mcpu=cortex-m7 -std=gnu11 -g3 -DDEBUG -DUSE_HAL_DRIVER -DSTM32F767xx -c -I../Core/Inc -I../Drivers/STM32F7xx_HAL_Driver/Inc -I../Drivers/STM32F7xx_HAL_Driver/Inc/Legacy -I../Drivers/CMSIS/Device/ST/STM32F7xx/Include -I../Drivers/CMSIS/Include -I"D:/Solomon/SelfLearning/Udemy/EmbeddedRTOS/RTOS_Workspace/common/ThirdParty/FreeRTOS/include" -I"D:/Solomon/SelfLearning/Udemy/EmbeddedRTOS/RTOS_Workspace/common/ThirdParty/Segger/Config" -I"D:/Solomon/SelfLearning/Udemy/EmbeddedRTOS/RTOS_Workspace/common/ThirdParty/Segger/OS" -I"D:/Solomon/SelfLearning/Udemy/EmbeddedRTOS/RTOS_Workspace/common/ThirdParty/Segger/Segger" -I"D:/Solomon/SelfLearning/Udemy/EmbeddedRTOS/RTOS_Workspace/common/ThirdParty/FreeRTOS" -I"D:/Solomon/SelfLearning/Udemy/EmbeddedRTOS/RTOS_Workspace/common/ThirdParty/FreeRTOS/portable/GCC/ARM_CM7/r0p1" -O0 -ffunction-sections -fdata-sections -Wall -fstack-usage -fcyclomatic-complexity -MMD -MP -MF"Core/Src/main.d" -MT"Core/Src/main.o" --specs=nano.specs -mfpu=fpv5-d16 -mfloat-abi=hard -mthumb -o "Core/Src/main.o"
arm-none-eabi-gcc "../Core/Src/stm32f7xx_hal_msp.c" -mcpu=cortex-m7 -std=gnu11 -g3 -DDEBUG -DUSE_HAL_DRIVER -DSTM32F767xx -c -I../Core/Inc -I../Drivers/STM32F7xx_HAL_Driver/Inc -I../Drivers/STM32F7xx_HAL_Driver/Inc/Legacy -I../Drivers/CMSIS/Device/ST/STM32F7xx/Include -I../Drivers/CMSIS/Include -I"D:/Solomon/SelfLearning/Udemy/EmbeddedRTOS/RTOS_Workspace/common/ThirdParty/FreeRTOS/include" -I"D:/Solomon/SelfLearning/Udemy/EmbeddedRTOS/RTOS_Workspace/common/ThirdParty/Segger/Config" -I"D:/Solomon/SelfLearning/Udemy/EmbeddedRTOS/RTOS_Workspace/common/ThirdParty/Segger/OS" -I"D:/Solomon/SelfLearning/Udemy/EmbeddedRTOS/RTOS_Workspace/common/ThirdParty/Segger/Segger" -I"D:/Solomon/SelfLearning/Udemy/EmbeddedRTOS/RTOS_Workspace/common/ThirdParty/FreeRTOS" -I"D:/Solomon/SelfLearning/Udemy/EmbeddedRTOS/RTOS_Workspace/common/ThirdParty/FreeRTOS/portable/GCC/ARM_CM7/r0p1" -O0 -ffunction-sections -fdata-sections -Wall -fstack-usage -fcyclomatic-complexity -MMD -MP -MF"Core/Src/stm32f7xx_hal_msp.d" -MT"Core/Src/stm32f7xx_hal_msp.o" --specs=nano.specs -mfpu=fpv5-d16 -mfloat-abi=hard -mthumb -o "Core/Src/stm32f7xx_hal_msp.o"
arm-none-eabi-gcc "../Core/Src/stm32f7xx_hal_timebase_tim.c" -mcpu=cortex-m7 -std=gnu11 -g3 -DDEBUG -DUSE_HAL_DRIVER -DSTM32F767xx -c -I../Core/Inc -I../Drivers/STM32F7xx_HAL_Driver/Inc -I../Drivers/STM32F7xx_HAL_Driver/Inc/Legacy -I../Drivers/CMSIS/Device/ST/STM32F7xx/Include -I../Drivers/CMSIS/Include -I"D:/Solomon/SelfLearning/Udemy/EmbeddedRTOS/RTOS_Workspace/common/ThirdParty/FreeRTOS/include" -I"D:/Solomon/SelfLearning/Udemy/EmbeddedRTOS/RTOS_Workspace/common/ThirdParty/Segger/Config" -I"D:/Solomon/SelfLearning/Udemy/EmbeddedRTOS/RTOS_Workspace/common/ThirdParty/Segger/OS" -I"D:/Solomon/SelfLearning/Udemy/EmbeddedRTOS/RTOS_Workspace/common/ThirdParty/Segger/Segger" -I"D:/Solomon/SelfLearning/Udemy/EmbeddedRTOS/RTOS_Workspace/common/ThirdParty/FreeRTOS" -I"D:/Solomon/SelfLearning/Udemy/EmbeddedRTOS/RTOS_Workspace/common/ThirdParty/FreeRTOS/portable/GCC/ARM_CM7/r0p1" -O0 -ffunction-sections -fdata-sections -Wall -fstack-usage -fcyclomatic-complexity -MMD -MP -MF"Core/Src/stm32f7xx_hal_timebase_tim.d" -MT"Core/Src/stm32f7xx_hal_timebase_tim.o" --specs=nano.specs -mfpu=fpv5-d16 -mfloat-abi=hard -mthumb -o "Core/Src/stm32f7xx_hal_timebase_tim.o"
arm-none-eabi-gcc "../Core/Src/stm32f7xx_it.c" -mcpu=cortex-m7 -std=gnu11 -g3 -DDEBUG -DUSE_HAL_DRIVER -DSTM32F767xx -c -I../Core/Inc -I../Drivers/STM32F7xx_HAL_Driver/Inc -I../Drivers/STM32F7xx_HAL_Driver/Inc/Legacy -I../Drivers/CMSIS/Device/ST/STM32F7xx/Include -I../Drivers/CMSIS/Include -I"D:/Solomon/SelfLearning/Udemy/EmbeddedRTOS/RTOS_Workspace/common/ThirdParty/FreeRTOS/include" -I"D:/Solomon/SelfLearning/Udemy/EmbeddedRTOS/RTOS_Workspace/common/ThirdParty/Segger/Config" -I"D:/Solomon/SelfLearning/Udemy/EmbeddedRTOS/RTOS_Workspace/common/ThirdParty/Segger/OS" -I"D:/Solomon/SelfLearning/Udemy/EmbeddedRTOS/RTOS_Workspace/common/ThirdParty/Segger/Segger" -I"D:/Solomon/SelfLearning/Udemy/EmbeddedRTOS/RTOS_Workspace/common/ThirdParty/FreeRTOS" -I"D:/Solomon/SelfLearning/Udemy/EmbeddedRTOS/RTOS_Workspace/common/ThirdParty/FreeRTOS/portable/GCC/ARM_CM7/r0p1" -O0 -ffunction-sections -fdata-sections -Wall -fstack-usage -fcyclomatic-complexity -MMD -MP -MF"Core/Src/stm32f7xx_it.d" -MT"Core/Src/stm32f7xx_it.o" --specs=nano.specs -mfpu=fpv5-d16 -mfloat-abi=hard -mthumb -o "Core/Src/stm32f7xx_it.o"
arm-none-eabi-gcc "../Core/Src/syscalls.c" -mcpu=cortex-m7 -std=gnu11 -g3 -DDEBUG -DUSE_HAL_DRIVER -DSTM32F767xx -c -I../Core/Inc -I../Drivers/STM32F7xx_HAL_Driver/Inc -I../Drivers/STM32F7xx_HAL_Driver/Inc/Legacy -I../Drivers/CMSIS/Device/ST/STM32F7xx/Include -I../Drivers/CMSIS/Include -I"D:/Solomon/SelfLearning/Udemy/EmbeddedRTOS/RTOS_Workspace/common/ThirdParty/FreeRTOS/include" -I"D:/Solomon/SelfLearning/Udemy/EmbeddedRTOS/RTOS_Workspace/common/ThirdParty/Segger/Config" -I"D:/Solomon/SelfLearning/Udemy/EmbeddedRTOS/RTOS_Workspace/common/ThirdParty/Segger/OS" -I"D:/Solomon/SelfLearning/Udemy/EmbeddedRTOS/RTOS_Workspace/common/ThirdParty/Segger/Segger" -I"D:/Solomon/SelfLearning/Udemy/EmbeddedRTOS/RTOS_Workspace/common/ThirdParty/FreeRTOS" -I"D:/Solomon/SelfLearning/Udemy/EmbeddedRTOS/RTOS_Workspace/common/ThirdParty/FreeRTOS/portable/GCC/ARM_CM7/r0p1" -O0 -ffunction-sections -fdata-sections -Wall -fstack-usage -fcyclomatic-complexity -MMD -MP -MF"Core/Src/syscalls.d" -MT"Core/Src/syscalls.o" --specs=nano.specs -mfpu=fpv5-d16 -mfloat-abi=hard -mthumb -o "Core/Src/syscalls.o"
arm-none-eabi-gcc "../Core/Src/sysmem.c" -mcpu=cortex-m7 -std=gnu11 -g3 -DDEBUG -DUSE_HAL_DRIVER -DSTM32F767xx -c -I../Core/Inc -I../Drivers/STM32F7xx_HAL_Driver/Inc -I../Drivers/STM32F7xx_HAL_Driver/Inc/Legacy -I../Drivers/CMSIS/Device/ST/STM32F7xx/Include -I../Drivers/CMSIS/Include -I"D:/Solomon/SelfLearning/Udemy/EmbeddedRTOS/RTOS_Workspace/common/ThirdParty/FreeRTOS/include" -I"D:/Solomon/SelfLearning/Udemy/EmbeddedRTOS/RTOS_Workspace/common/ThirdParty/Segger/Config" -I"D:/Solomon/SelfLearning/Udemy/EmbeddedRTOS/RTOS_Workspace/common/ThirdParty/Segger/OS" -I"D:/Solomon/SelfLearning/Udemy/EmbeddedRTOS/RTOS_Workspace/common/ThirdParty/Segger/Segger" -I"D:/Solomon/SelfLearning/Udemy/EmbeddedRTOS/RTOS_Workspace/common/ThirdParty/FreeRTOS" -I"D:/Solomon/SelfLearning/Udemy/EmbeddedRTOS/RTOS_Workspace/common/ThirdParty/FreeRTOS/portable/GCC/ARM_CM7/r0p1" -O0 -ffunction-sections -fdata-sections -Wall -fstack-usage -fcyclomatic-complexity -MMD -MP -MF"Core/Src/sysmem.d" -MT"Core/Src/sysmem.o" --specs=nano.specs -mfpu=fpv5-d16 -mfloat-abi=hard -mthumb -o "Core/Src/sysmem.o"
arm-none-eabi-gcc "../Core/Src/system_stm32f7xx.c" -mcpu=cortex-m7 -std=gnu11 -g3 -DDEBUG -DUSE_HAL_DRIVER -DSTM32F767xx -c -I../Core/Inc -I../Drivers/STM32F7xx_HAL_Driver/Inc -I../Drivers/STM32F7xx_HAL_Driver/Inc/Legacy -I../Drivers/CMSIS/Device/ST/STM32F7xx/Include -I../Drivers/CMSIS/Include -I"D:/Solomon/SelfLearning/Udemy/EmbeddedRTOS/RTOS_Workspace/common/ThirdParty/FreeRTOS/include" -I"D:/Solomon/SelfLearning/Udemy/EmbeddedRTOS/RTOS_Workspace/common/ThirdParty/Segger/Config" -I"D:/Solomon/SelfLearning/Udemy/EmbeddedRTOS/RTOS_Workspace/common/ThirdParty/Segger/OS" -I"D:/Solomon/SelfLearning/Udemy/EmbeddedRTOS/RTOS_Workspace/common/ThirdParty/Segger/Segger" -I"D:/Solomon/SelfLearning/Udemy/EmbeddedRTOS/RTOS_Workspace/common/ThirdParty/FreeRTOS" -I"D:/Solomon/SelfLearning/Udemy/EmbeddedRTOS/RTOS_Workspace/common/ThirdParty/FreeRTOS/portable/GCC/ARM_CM7/r0p1" -O0 -ffunction-sections -fdata-sections -Wall -fstack-usage -fcyclomatic-complexity -MMD -MP -MF"Core/Src/system_stm32f7xx.d" -MT"Core/Src/system_stm32f7xx.o" --specs=nano.specs -mfpu=fpv5-d16 -mfloat-abi=hard -mthumb -o "Core/Src/system_stm32f7xx.o"
arm-none-eabi-gcc -o "014_Mutex.elf" @"objects.list"   -mcpu=cortex-m7 -T"D:\Solomon\SelfLearning\Udemy\EmbeddedRTOS\RTOS_Workspace\014_Mutex\STM32F767ZITX_FLASH.ld" --specs=nosys.specs -Wl,-Map="014_Mutex.map" -Wl,--gc-sections -static --specs=nano.specs -mfpu=fpv5-d16 -mfloat-abi=hard -mthumb -Wl,--start-group -lc -lm -Wl,--end-group
Finished building target: 014_Mutex.elf
 
arm-none-eabi-size  014_Mutex.elf 
arm-none-eabi-objdump -h -S 014_Mutex.elf  > "014_Mutex.list"
   text	   data	    bss	    dec	    hex	filename
  30324	    112	  49976	  80412	  13a1c	014_Mutex.elf
Finished building: default.size.stdout
 
Finished building: 014_Mutex.list
 
11:27:16 **** Incremental Build of configuration Debug for project 014_Mutex ****
make -j8 all 
arm-none-eabi-size  014_Mutex.elf 
   text	   data	    bss	    dec	    hex	filename
  30324	    112	  49976	  80412	  13a1c	014_Mutex.elf
Finished building: default.size.stdout
 
11:29:19 **** Incremental Build of configuration Debug for project 014_Mutex ****
make -j8 all 
arm-none-eabi-gcc "../Core/Src/main.c" -mcpu=cortex-m7 -std=gnu11 -g3 -DDEBUG -DUSE_HAL_DRIVER -DSTM32F767xx -c -I../Core/Inc -I../Drivers/STM32F7xx_HAL_Driver/Inc -I../Drivers/STM32F7xx_HAL_Driver/Inc/Legacy -I../Drivers/CMSIS/Device/ST/STM32F7xx/Include -I../Drivers/CMSIS/Include -I"D:/Solomon/SelfLearning/Udemy/EmbeddedRTOS/RTOS_Workspace/common/ThirdParty/FreeRTOS/include" -I"D:/Solomon/SelfLearning/Udemy/EmbeddedRTOS/RTOS_Workspace/common/ThirdParty/Segger/Config" -I"D:/Solomon/SelfLearning/Udemy/EmbeddedRTOS/RTOS_Workspace/common/ThirdParty/Segger/OS" -I"D:/Solomon/SelfLearning/Udemy/EmbeddedRTOS/RTOS_Workspace/common/ThirdParty/Segger/Segger" -I"D:/Solomon/SelfLearning/Udemy/EmbeddedRTOS/RTOS_Workspace/common/ThirdParty/FreeRTOS" -I"D:/Solomon/SelfLearning/Udemy/EmbeddedRTOS/RTOS_Workspace/common/ThirdParty/FreeRTOS/portable/GCC/ARM_CM7/r0p1" -O0 -ffunction-sections -fdata-sections -Wall -fstack-usage -fcyclomatic-complexity -MMD -MP -MF"Core/Src/main.d" -MT"Core/Src/main.o" --specs=nano.specs -mfpu=fpv5-d16 -mfloat-abi=hard -mthumb -o "Core/Src/main.o"
arm-none-eabi-gcc -o "014_Mutex.elf" @"objects.list"   -mcpu=cortex-m7 -T"D:\Solomon\SelfLearning\Udemy\EmbeddedRTOS\RTOS_Workspace\014_Mutex\STM32F767ZITX_FLASH.ld" --specs=nosys.specs -Wl,-Map="014_Mutex.map" -Wl,--gc-sections -static --specs=nano.specs -mfpu=fpv5-d16 -mfloat-abi=hard -mthumb -Wl,--start-group -lc -lm -Wl,--end-group
Finished building target: 014_Mutex.elf
 
arm-none-eabi-size  014_Mutex.elf 
arm-none-eabi-objdump -h -S 014_Mutex.elf  > "014_Mutex.list"
   text	   data	    bss	    dec	    hex	filename
  32452	    112	  49976	  82540	  1426c	014_Mutex.elf
Finished building: default.size.stdout
 
Finished building: 014_Mutex.list
 
11:30:47 **** Incremental Build of configuration Debug for project 014_Mutex ****
make -j8 all 
arm-none-eabi-gcc "../Core/Src/main.c" -mcpu=cortex-m7 -std=gnu11 -g3 -DDEBUG -DUSE_HAL_DRIVER -DSTM32F767xx -c -I../Core/Inc -I../Drivers/STM32F7xx_HAL_Driver/Inc -I../Drivers/STM32F7xx_HAL_Driver/Inc/Legacy -I../Drivers/CMSIS/Device/ST/STM32F7xx/Include -I../Drivers/CMSIS/Include -I"D:/Solomon/SelfLearning/Udemy/EmbeddedRTOS/RTOS_Workspace/common/ThirdParty/FreeRTOS/include" -I"D:/Solomon/SelfLearning/Udemy/EmbeddedRTOS/RTOS_Workspace/common/ThirdParty/Segger/Config" -I"D:/Solomon/SelfLearning/Udemy/EmbeddedRTOS/RTOS_Workspace/common/ThirdParty/Segger/OS" -I"D:/Solomon/SelfLearning/Udemy/EmbeddedRTOS/RTOS_Workspace/common/ThirdParty/Segger/Segger" -I"D:/Solomon/SelfLearning/Udemy/EmbeddedRTOS/RTOS_Workspace/common/ThirdParty/FreeRTOS" -I"D:/Solomon/SelfLearning/Udemy/EmbeddedRTOS/RTOS_Workspace/common/ThirdParty/FreeRTOS/portable/GCC/ARM_CM7/r0p1" -O0 -ffunction-sections -fdata-sections -Wall -fstack-usage -fcyclomatic-complexity -MMD -MP -MF"Core/Src/main.d" -MT"Core/Src/main.o" --specs=nano.specs -mfpu=fpv5-d16 -mfloat-abi=hard -mthumb -o "Core/Src/main.o"
arm-none-eabi-gcc -o "014_Mutex.elf" @"objects.list"   -mcpu=cortex-m7 -T"D:\Solomon\SelfLearning\Udemy\EmbeddedRTOS\RTOS_Workspace\014_Mutex\STM32F767ZITX_FLASH.ld" --specs=nosys.specs -Wl,-Map="014_Mutex.map" -Wl,--gc-sections -static --specs=nano.specs -mfpu=fpv5-d16 -mfloat-abi=hard -mthumb -Wl,--start-group -lc -lm -Wl,--end-group
Finished building target: 014_Mutex.elf
 
arm-none-eabi-size  014_Mutex.elf 
arm-none-eabi-objdump -h -S 014_Mutex.elf  > "014_Mutex.list"
   text	   data	    bss	    dec	    hex	filename
  30324	    112	  49976	  80412	  13a1c	014_Mutex.elf
Finished building: default.size.stdout
 
Finished building: 014_Mutex.list
 
