../Core/Src/main.c:83:5:main	16	static
../Core/Src/main.c:155:6:SystemClock_Config	88	static
../Core/Src/main.c:197:13:MX_USART3_UART_Init	8	static
../Core/Src/main.c:232:13:MX_GPIO_Init	56	static
../Core/Src/main.c:329:6:vManagerTask	24	static,ignoring_inline_asm
../Core/Src/main.c:364:6:EmployeeDoWork	16	static
../Core/Src/main.c:372:13:vEmployeeTask	24	static
../Core/Src/main.c:401:6:printmsg	16	static
../Core/Src/main.c:416:6:HAL_TIM_PeriodElapsedCallback	16	static
../Core/Src/main.c:433:6:Error_Handler	4	static,ignoring_inline_asm
